C:/Users/BaiJiang/Desktop/CherryUsb_t/Core/Src/main.c:36:6:ka_h	16	static
C:/Users/BaiJiang/Desktop/CherryUsb_t/Core/Src/main.c:54:6:ka_l	16	static
C:/Users/BaiJiang/Desktop/CherryUsb_t/Core/Src/main.c:107:6:usbd_port_config	40	static
C:/Users/BaiJiang/Desktop/CherryUsb_t/Core/Src/main.c:155:5:main	8	static
C:/Users/BaiJiang/Desktop/CherryUsb_t/Core/Src/main.c:211:6:SystemClock_Config	96	static
C:/Users/BaiJiang/Desktop/CherryUsb_t/Core/Src/main.c:265:6:HAL_TIM_PeriodElapsedCallback	16	static
C:/Users/BaiJiang/Desktop/CherryUsb_t/Core/Src/main.c:283:6:Error_Handler	4	static
