C:/Users/BaiJiang/Desktop/CherryUsb_t/USER/CherryUSB/fsdev/usb_dc_fsdev.c:502:13:fsdev_write_pma	0	static
C:/Users/BaiJiang/Desktop/CherryUsb_t/USER/CherryUSB/fsdev/usb_dc_fsdev.c:535:13:fsdev_read_pma	20	static
C:/Users/BaiJiang/Desktop/CherryUsb_t/USER/CherryUSB/fsdev/usb_dc_fsdev.c:55:13:usb_dc_low_level_init	0	static
C:/Users/BaiJiang/Desktop/CherryUsb_t/USER/CherryUSB/fsdev/usb_dc_fsdev.c:59:13:usb_dc_low_level_deinit	0	static
C:/Users/BaiJiang/Desktop/CherryUsb_t/USER/CherryUSB/fsdev/usb_dc_fsdev.c:63:5:usb_dc_init	8	static
C:/Users/BaiJiang/Desktop/CherryUsb_t/USER/CherryUSB/fsdev/usb_dc_fsdev.c:100:5:usb_dc_deinit	8	static
C:/Users/BaiJiang/Desktop/CherryUsb_t/USER/CherryUSB/fsdev/usb_dc_fsdev.c:115:5:usbd_set_address	0	static
C:/Users/BaiJiang/Desktop/CherryUsb_t/USER/CherryUSB/fsdev/usb_dc_fsdev.c:126:5:usbd_set_remote_wakeup	0	static
C:/Users/BaiJiang/Desktop/CherryUsb_t/USER/CherryUSB/fsdev/usb_dc_fsdev.c:131:9:usbd_get_port_speed	0	static
C:/Users/BaiJiang/Desktop/CherryUsb_t/USER/CherryUSB/fsdev/usb_dc_fsdev.c:136:5:usbd_ep_open	24	static
C:/Users/BaiJiang/Desktop/CherryUsb_t/USER/CherryUSB/fsdev/usb_dc_fsdev.c:214:5:usbd_ep_close	0	static
C:/Users/BaiJiang/Desktop/CherryUsb_t/USER/CherryUSB/fsdev/usb_dc_fsdev.c:232:5:usbd_ep_set_stall	0	static
C:/Users/BaiJiang/Desktop/CherryUsb_t/USER/CherryUSB/fsdev/usb_dc_fsdev.c:244:5:usbd_ep_clear_stall	0	static
C:/Users/BaiJiang/Desktop/CherryUsb_t/USER/CherryUSB/fsdev/usb_dc_fsdev.c:263:5:usbd_ep_is_stalled	0	static
C:/Users/BaiJiang/Desktop/CherryUsb_t/USER/CherryUSB/fsdev/usb_dc_fsdev.c:283:5:usbd_ep_start_write	24	static
C:/Users/BaiJiang/Desktop/CherryUsb_t/USER/CherryUSB/fsdev/usb_dc_fsdev.c:308:5:usbd_ep_start_read	8	static
C:/Users/BaiJiang/Desktop/CherryUsb_t/USER/CherryUSB/fsdev/usb_dc_fsdev.c:328:6:USBD_IRQHandler	64	static
