Archive member included to satisfy reference by file (symbol)

D:/GCC/xpack-arm-none-eabi-gcc-13.2.1-1.1/bin/../lib/gcc/arm-none-eabi/13.2.1/../../../../arm-none-eabi/lib/thumb/v7-m/nofp\libc_nano.a(libc_a-atexit.o)
                              D:/GCC/xpack-arm-none-eabi-gcc-13.2.1-1.1/bin/../lib/gcc/arm-none-eabi/13.2.1/../../../../arm-none-eabi/lib/thumb/v7-m/nofp/crt0.o (atexit)
D:/GCC/xpack-arm-none-eabi-gcc-13.2.1-1.1/bin/../lib/gcc/arm-none-eabi/13.2.1/../../../../arm-none-eabi/lib/thumb/v7-m/nofp\libc_nano.a(libc_a-exit.o)
                              D:/GCC/xpack-arm-none-eabi-gcc-13.2.1-1.1/bin/../lib/gcc/arm-none-eabi/13.2.1/../../../../arm-none-eabi/lib/thumb/v7-m/nofp/crt0.o (exit)
D:/GCC/xpack-arm-none-eabi-gcc-13.2.1-1.1/bin/../lib/gcc/arm-none-eabi/13.2.1/../../../../arm-none-eabi/lib/thumb/v7-m/nofp\libc_nano.a(libc_a-findfp.o)
                              D:/GCC/xpack-arm-none-eabi-gcc-13.2.1-1.1/bin/../lib/gcc/arm-none-eabi/13.2.1/../../../../arm-none-eabi/lib/thumb/v7-m/nofp\libc_nano.a(libc_a-exit.o) (__stdio_exit_handler)
D:/GCC/xpack-arm-none-eabi-gcc-13.2.1-1.1/bin/../lib/gcc/arm-none-eabi/13.2.1/../../../../arm-none-eabi/lib/thumb/v7-m/nofp\libc_nano.a(libc_a-fwalk.o)
                              D:/GCC/xpack-arm-none-eabi-gcc-13.2.1-1.1/bin/../lib/gcc/arm-none-eabi/13.2.1/../../../../arm-none-eabi/lib/thumb/v7-m/nofp\libc_nano.a(libc_a-findfp.o) (_fwalk_sglue)
D:/GCC/xpack-arm-none-eabi-gcc-13.2.1-1.1/bin/../lib/gcc/arm-none-eabi/13.2.1/../../../../arm-none-eabi/lib/thumb/v7-m/nofp\libc_nano.a(libc_a-printf.o)
                              build/usbd_core.o (printf)
D:/GCC/xpack-arm-none-eabi-gcc-13.2.1-1.1/bin/../lib/gcc/arm-none-eabi/13.2.1/../../../../arm-none-eabi/lib/thumb/v7-m/nofp\libc_nano.a(libc_a-puts.o)
                              build/usbd_core.o (puts)
D:/GCC/xpack-arm-none-eabi-gcc-13.2.1-1.1/bin/../lib/gcc/arm-none-eabi/13.2.1/../../../../arm-none-eabi/lib/thumb/v7-m/nofp\libc_nano.a(libc_a-setvbuf.o)
                              build/main.o (setvbuf)
D:/GCC/xpack-arm-none-eabi-gcc-13.2.1-1.1/bin/../lib/gcc/arm-none-eabi/13.2.1/../../../../arm-none-eabi/lib/thumb/v7-m/nofp\libc_nano.a(libc_a-stdio.o)
                              D:/GCC/xpack-arm-none-eabi-gcc-13.2.1-1.1/bin/../lib/gcc/arm-none-eabi/13.2.1/../../../../arm-none-eabi/lib/thumb/v7-m/nofp\libc_nano.a(libc_a-findfp.o) (__sread)
D:/GCC/xpack-arm-none-eabi-gcc-13.2.1-1.1/bin/../lib/gcc/arm-none-eabi/13.2.1/../../../../arm-none-eabi/lib/thumb/v7-m/nofp\libc_nano.a(libc_a-wbuf.o)
                              D:/GCC/xpack-arm-none-eabi-gcc-13.2.1-1.1/bin/../lib/gcc/arm-none-eabi/13.2.1/../../../../arm-none-eabi/lib/thumb/v7-m/nofp\libc_nano.a(libc_a-puts.o) (__swbuf_r)
D:/GCC/xpack-arm-none-eabi-gcc-13.2.1-1.1/bin/../lib/gcc/arm-none-eabi/13.2.1/../../../../arm-none-eabi/lib/thumb/v7-m/nofp\libc_nano.a(libc_a-wsetup.o)
                              D:/GCC/xpack-arm-none-eabi-gcc-13.2.1-1.1/bin/../lib/gcc/arm-none-eabi/13.2.1/../../../../arm-none-eabi/lib/thumb/v7-m/nofp\libc_nano.a(libc_a-puts.o) (__swsetup_r)
D:/GCC/xpack-arm-none-eabi-gcc-13.2.1-1.1/bin/../lib/gcc/arm-none-eabi/13.2.1/../../../../arm-none-eabi/lib/thumb/v7-m/nofp\libc_nano.a(libc_a-memset.o)
                              D:/GCC/xpack-arm-none-eabi-gcc-13.2.1-1.1/bin/../lib/gcc/arm-none-eabi/13.2.1/../../../../arm-none-eabi/lib/thumb/v7-m/nofp/crt0.o (memset)
D:/GCC/xpack-arm-none-eabi-gcc-13.2.1-1.1/bin/../lib/gcc/arm-none-eabi/13.2.1/../../../../arm-none-eabi/lib/thumb/v7-m/nofp\libc_nano.a(libc_a-closer.o)
                              D:/GCC/xpack-arm-none-eabi-gcc-13.2.1-1.1/bin/../lib/gcc/arm-none-eabi/13.2.1/../../../../arm-none-eabi/lib/thumb/v7-m/nofp\libc_nano.a(libc_a-stdio.o) (_close_r)
D:/GCC/xpack-arm-none-eabi-gcc-13.2.1-1.1/bin/../lib/gcc/arm-none-eabi/13.2.1/../../../../arm-none-eabi/lib/thumb/v7-m/nofp\libc_nano.a(libc_a-reent.o)
                              D:/GCC/xpack-arm-none-eabi-gcc-13.2.1-1.1/bin/../lib/gcc/arm-none-eabi/13.2.1/../../../../arm-none-eabi/lib/thumb/v7-m/nofp\libc_nano.a(libc_a-closer.o) (errno)
D:/GCC/xpack-arm-none-eabi-gcc-13.2.1-1.1/bin/../lib/gcc/arm-none-eabi/13.2.1/../../../../arm-none-eabi/lib/thumb/v7-m/nofp\libc_nano.a(libc_a-impure.o)
                              build/main.o (_impure_ptr)
D:/GCC/xpack-arm-none-eabi-gcc-13.2.1-1.1/bin/../lib/gcc/arm-none-eabi/13.2.1/../../../../arm-none-eabi/lib/thumb/v7-m/nofp\libc_nano.a(libc_a-lseekr.o)
                              D:/GCC/xpack-arm-none-eabi-gcc-13.2.1-1.1/bin/../lib/gcc/arm-none-eabi/13.2.1/../../../../arm-none-eabi/lib/thumb/v7-m/nofp\libc_nano.a(libc_a-stdio.o) (_lseek_r)
D:/GCC/xpack-arm-none-eabi-gcc-13.2.1-1.1/bin/../lib/gcc/arm-none-eabi/13.2.1/../../../../arm-none-eabi/lib/thumb/v7-m/nofp\libc_nano.a(libc_a-readr.o)
                              D:/GCC/xpack-arm-none-eabi-gcc-13.2.1-1.1/bin/../lib/gcc/arm-none-eabi/13.2.1/../../../../arm-none-eabi/lib/thumb/v7-m/nofp\libc_nano.a(libc_a-stdio.o) (_read_r)
[...]
Memory Configuration

Name             Origin             Length             Attributes
RAM              0x20000000         0x00010000         xrw
FLASH            0x08000000         0x00080000         xr
*default*        0x00000000         0xffffffff

Linker script and memory map

LOAD D:/GCC/xpack-arm-none-eabi-gcc-13.2.1-1.1/bin/../lib/gcc/arm-none-eabi/13.2.1/thumb/v7-m/nofp/crti.o
LOAD D:/GCC/xpack-arm-none-eabi-gcc-13.2.1-1.1/bin/../lib/gcc/arm-none-eabi/13.2.1/thumb/v7-m/nofp/crtbegin.o
LOAD D:/GCC/xpack-arm-none-eabi-gcc-13.2.1-1.1/bin/../lib/gcc/arm-none-eabi/13.2.1/../../../../arm-none-eabi/lib/thumb/v7-m/nofp/crt0.o
LOAD build/main.o
LOAD build/gpio.o
LOAD build/tim.o
LOAD build/usart.o
LOAD build/usb.o
LOAD build/stm32f1xx_it.o
LOAD build/stm32f1xx_hal_msp.o
LOAD build/stm32f1xx_hal_timebase_tim.o
LOAD build/stm32f1xx_hal_gpio_ex.o
LOAD build/stm32f1xx_hal_tim.o
LOAD build/stm32f1xx_hal_tim_ex.o
LOAD build/stm32f1xx_hal.o
LOAD build/stm32f1xx_hal_rcc.o
LOAD build/stm32f1xx_hal_rcc_ex.o
LOAD build/stm32f1xx_hal_gpio.o
LOAD build/stm32f1xx_hal_dma.o
LOAD build/stm32f1xx_hal_cortex.o
LOAD build/stm32f1xx_hal_pwr.o
LOAD build/stm32f1xx_hal_flash.o
LOAD build/stm32f1xx_hal_flash_ex.o
LOAD build/stm32f1xx_hal_exti.o
LOAD build/stm32f1xx_hal_uart.o
LOAD build/stm32f1xx_hal_pcd.o
LOAD build/stm32f1xx_hal_pcd_ex.o
LOAD build/stm32f1xx_ll_usb.o
LOAD build/system_stm32f1xx.o
LOAD build/sysmem.o
LOAD build/syscalls.o
LOAD build/usbd_hid.o
LOAD build/usbd_core.o
LOAD build/usb_dc_fsdev.o
LOAD build/usb_glue_st.o
LOAD build/hid_user.o
LOAD build/KEY.o
LOAD build/startup_stm32f103xe.o
LOAD D:/GCC/xpack-arm-none-eabi-gcc-13.2.1-1.1/bin/../lib/gcc/arm-none-eabi/13.2.1/../../../../arm-none-eabi/lib/thumb/v7-m/nofp\libc_nano.a
LOAD D:/GCC/xpack-arm-none-eabi-gcc-13.2.1-1.1/bin/../lib/gcc/arm-none-eabi/13.2.1/../../../../arm-none-eabi/lib/thumb/v7-m/nofp\libm.a
LOAD D:/GCC/xpack-arm-none-eabi-gcc-13.2.1-1.1/bin/../lib/gcc/arm-none-eabi/13.2.1/../../../../arm-none-eabi/lib/thumb/v7-m/nofp\libnosys.a
START GROUP
LOAD D:/GCC/xpack-arm-none-eabi-gcc-13.2.1-1.1/bin/../lib/gcc/arm-none-eabi/13.2.1/thumb/v7-m/nofp\libgcc.a
LOAD D:/GCC/xpack-arm-none-eabi-gcc-13.2.1-1.1/bin/../lib/gcc/arm-none-eabi/13.2.1/../../../../arm-none-eabi/lib/thumb/v7-m/nofp\libc_nano.a
END GROUP
START GROUP
LOAD D:/GCC/xpack-arm-none-eabi-gcc-13.2.1-1.1/bin/../lib/gcc/arm-none-eabi/13.2.1/thumb/v7-m/nofp\libgcc.a
LOAD D:/GCC/xpack-arm-none-eabi-gcc-13.2.1-1.1/bin/../lib/gcc/arm-none-eabi/13.2.1/../../../../arm-none-eabi/lib/thumb/v7-m/nofp\libc_nano.a
END GROUP
LOAD D:/GCC/xpack-arm-none-eabi-gcc-13.2.1-1.1/bin/../lib/gcc/arm-none-eabi/13.2.1/thumb/v7-m/nofp/crtend.o
LOAD D:/GCC/xpack-arm-none-eabi-gcc-13.2.1-1.1/bin/../lib/gcc/arm-none-eabi/13.2.1/thumb/v7-m/nofp/crtn.o
                0x20010000                        _estack = (ORIGIN (RAM) + LENGTH (RAM))
                0x2000fc00                        _sstack = (_estack - _Min_Stack_Size)
                0x00000200                        _Min_Heap_Size = 0x200
                0x00000400                        _Min_Stack_Size = 0x400

.isr_vector     0x08000000      0x1e4
                0x08000000                        . = ALIGN (0x4)
 *(.isr_vector)
 .isr_vector    0x08000000      0x1e4 build/startup_stm32f103xe.o
                0x08000000                g_pfnVectors
                0x080001e4                        . = ALIGN (0x4)

.text           0x080001e4     0x4b8c
                0x080001e4                        . = ALIGN (0x4)
 *(.text)
 .text          0x080001e4       0x10 D:/GCC/xpack-arm-none-eabi-gcc-13.2.1-1.1/bin/../lib/gcc/arm-none-eabi/13.2.1/../../../../arm-none-eabi/lib/thumb/v7-m/nofp\libc_nano.a(libc_a-strlen.o)
                0x080001e4                strlen
 *(.text*)
 .text.__do_global_dtors_aux
                0x080001f4       0x24 D:/GCC/xpack-arm-none-eabi-gcc-13.2.1-1.1/bin/../lib/gcc/arm-none-eabi/13.2.1/thumb/v7-m/nofp/crtbegin.o
 .text.frame_dummy
                0x08000218       0x1c D:/GCC/xpack-arm-none-eabi-gcc-13.2.1-1.1/bin/../lib/gcc/arm-none-eabi/13.2.1/thumb/v7-m/nofp/crtbegin.o
 .text.ka_h     0x08000234       0x44 build/main.o
                0x08000234                ka_h
 .text.ka_l     0x08000278       0x44 build/main.o
                0x08000278                ka_l
 .text.usbd_port_config
                0x080002bc       0xbc build/main.o
                0x080002bc                usbd_port_config
 .text.HAL_TIM_PeriodElapsedCallback
                0x08000378       0x18 build/main.o
                0x08000378                HAL_TIM_PeriodElapsedCallback
 .text.Error_Handler
                0x08000390        0x4 build/main.o
                0x08000390                Error_Handler
 .text.SystemClock_Config
                0x08000394       0x84 build/main.o
                0x08000394                SystemClock_Config
 .text.main     0x08000418       0x70 build/main.o
                0x08000418                main
 .text.MX_GPIO_Init
                0x08000488       0xc4 build/gpio.o
                0x08000488                MX_GPIO_Init
 .text.MX_TIM7_Init
                0x0800054c       0x50 build/tim.o
                0x0800054c                MX_TIM7_Init
 .text.HAL_TIM_Base_MspInit
                0x0800059c       0x40 build/tim.o
                0x0800059c                HAL_TIM_Base_MspInit
 .text.MX_USART1_UART_Init
                0x080005dc       0x34 build/usart.o
                0x080005dc                MX_USART1_UART_Init
 .text.HAL_UART_MspInit
                0x08000610       0x78 build/usart.o
                0x08000610                HAL_UART_MspInit
 .text.__io_putchar
                0x08000688       0x20 build/usart.o
                0x08000688                __io_putchar
 .text.HAL_PCD_MspInit
                0x080006a8       0x50 build/usb.o
                0x080006a8                HAL_PCD_MspInit
 .text.NMI_Handler
                0x080006f8        0x2 build/stm32f1xx_it.o
                0x080006f8                NMI_Handler
 .text.HardFault_Handler
                0x080006fa        0x2 build/stm32f1xx_it.o
                0x080006fa                HardFault_Handler
 .text.MemManage_Handler
                0x080006fc        0x2 build/stm32f1xx_it.o
                0x080006fc                MemManage_Handler
 .text.BusFault_Handler
                0x080006fe        0x2 build/stm32f1xx_it.o
                0x080006fe                BusFault_Handler
 .text.UsageFault_Handler
                0x08000700        0x2 build/stm32f1xx_it.o
                0x08000700                UsageFault_Handler
 .text.SVC_Handler
                0x08000702        0x2 build/stm32f1xx_it.o
                0x08000702                SVC_Handler
 .text.DebugMon_Handler
                0x08000704        0x2 build/stm32f1xx_it.o
                0x08000704                DebugMon_Handler
 .text.PendSV_Handler
                0x08000706        0x2 build/stm32f1xx_it.o
                0x08000706                PendSV_Handler
 .text.SysTick_Handler
                0x08000708        0x2 build/stm32f1xx_it.o
                0x08000708                SysTick_Handler
 *fill*         0x0800070a        0x2 
 .text.TIM6_IRQHandler
                0x0800070c       0x10 build/stm32f1xx_it.o
                0x0800070c                TIM6_IRQHandler
 .text.TIM7_IRQHandler
                0x0800071c       0x84 build/stm32f1xx_it.o
                0x0800071c                TIM7_IRQHandler
 .text.HAL_MspInit
                0x080007a0       0x44 build/stm32f1xx_hal_msp.o
                0x080007a0                HAL_MspInit
 .text.HAL_InitTick
                0x080007e4       0xa0 build/stm32f1xx_hal_timebase_tim.o
                0x080007e4                HAL_InitTick
 .text.HAL_TIM_Base_Start_IT
                0x08000884       0x78 build/stm32f1xx_hal_tim.o
                0x08000884                HAL_TIM_Base_Start_IT
 .text.HAL_TIM_OC_DelayElapsedCallback
                0x080008fc        0x2 build/stm32f1xx_hal_tim.o
                0x080008fc                HAL_TIM_OC_DelayElapsedCallback
 .text.HAL_TIM_IC_CaptureCallback
                0x080008fe        0x2 build/stm32f1xx_hal_tim.o
                0x080008fe                HAL_TIM_IC_CaptureCallback
 .text.HAL_TIM_PWM_PulseFinishedCallback
                0x08000900        0x2 build/stm32f1xx_hal_tim.o
                0x08000900                HAL_TIM_PWM_PulseFinishedCallback
 .text.HAL_TIM_TriggerCallback
                0x08000902        0x2 build/stm32f1xx_hal_tim.o
                0x08000902                HAL_TIM_TriggerCallback
 .text.HAL_TIM_IRQHandler
                0x08000904      0x15e build/stm32f1xx_hal_tim.o
                0x08000904                HAL_TIM_IRQHandler
 *fill*         0x08000a62        0x2 
 .text.TIM_Base_SetConfig
                0x08000a64       0xa8 build/stm32f1xx_hal_tim.o
                0x08000a64                TIM_Base_SetConfig
 .text.HAL_TIM_Base_Init
                0x08000b0c       0x58 build/stm32f1xx_hal_tim.o
                0x08000b0c                HAL_TIM_Base_Init
 .text.HAL_TIMEx_MasterConfigSynchronization
                0x08000b64       0x7c build/stm32f1xx_hal_tim_ex.o
                0x08000b64                HAL_TIMEx_MasterConfigSynchronization
 .text.HAL_TIMEx_CommutCallback
                0x08000be0        0x2 build/stm32f1xx_hal_tim_ex.o
                0x08000be0                HAL_TIMEx_CommutCallback
 .text.HAL_TIMEx_BreakCallback
                0x08000be2        0x2 build/stm32f1xx_hal_tim_ex.o
                0x08000be2                HAL_TIMEx_BreakCallback
 .text.HAL_Init
                0x08000be4       0x24 build/stm32f1xx_hal.o
                0x08000be4                HAL_Init
 .text.HAL_IncTick
                0x08000c08       0x18 build/stm32f1xx_hal.o
                0x08000c08                HAL_IncTick
 .text.HAL_GetTick
                0x08000c20        0xc build/stm32f1xx_hal.o
                0x08000c20                HAL_GetTick
 .text.HAL_Delay
                0x08000c2c       0x28 build/stm32f1xx_hal.o
                0x08000c2c                HAL_Delay
 .text.RCC_Delay
                0x08000c54       0x2c build/stm32f1xx_hal_rcc.o
 .text.HAL_RCC_OscConfig
                0x08000c80      0x410 build/stm32f1xx_hal_rcc.o
                0x08000c80                HAL_RCC_OscConfig
 .text.HAL_RCC_GetSysClockFreq
                0x08001090       0x54 build/stm32f1xx_hal_rcc.o
                0x08001090                HAL_RCC_GetSysClockFreq
 .text.HAL_RCC_ClockConfig
                0x080010e4      0x16c build/stm32f1xx_hal_rcc.o
                0x080010e4                HAL_RCC_ClockConfig
 .text.HAL_RCC_GetHCLKFreq
                0x08001250        0xc build/stm32f1xx_hal_rcc.o
                0x08001250                HAL_RCC_GetHCLKFreq
 .text.HAL_RCC_GetPCLK1Freq
                0x0800125c       0x20 build/stm32f1xx_hal_rcc.o
                0x0800125c                HAL_RCC_GetPCLK1Freq
 .text.HAL_RCC_GetPCLK2Freq
                0x0800127c       0x20 build/stm32f1xx_hal_rcc.o
                0x0800127c                HAL_RCC_GetPCLK2Freq
 .text.HAL_RCC_GetClockConfig
                0x0800129c       0x3c build/stm32f1xx_hal_rcc.o
                0x0800129c                HAL_RCC_GetClockConfig
 .text.HAL_RCCEx_PeriphCLKConfig
                0x080012d8      0x118 build/stm32f1xx_hal_rcc_ex.o
                0x080012d8                HAL_RCCEx_PeriphCLKConfig
 .text.HAL_GPIO_Init
                0x080013f0      0x238 build/stm32f1xx_hal_gpio.o
                0x080013f0                HAL_GPIO_Init
 .text.HAL_GPIO_ReadPin
                0x08001628        0xe build/stm32f1xx_hal_gpio.o
                0x08001628                HAL_GPIO_ReadPin
 .text.HAL_GPIO_WritePin
                0x08001636        0xc build/stm32f1xx_hal_gpio.o
                0x08001636                HAL_GPIO_WritePin
 *fill*         0x08001642        0x2 
 .text.__NVIC_SetPriority
                0x08001644       0x28 build/stm32f1xx_hal_cortex.o
 .text.NVIC_EncodePriority
                0x0800166c       0x3e build/stm32f1xx_hal_cortex.o
 *fill*         0x080016aa        0x2 
 .text.HAL_NVIC_SetPriorityGrouping
                0x080016ac       0x24 build/stm32f1xx_hal_cortex.o
                0x080016ac                HAL_NVIC_SetPriorityGrouping
 .text.HAL_NVIC_SetPriority
                0x080016d0       0x20 build/stm32f1xx_hal_cortex.o
                0x080016d0                HAL_NVIC_SetPriority
 .text.HAL_NVIC_EnableIRQ
                0x080016f0       0x1c build/stm32f1xx_hal_cortex.o
                0x080016f0                HAL_NVIC_EnableIRQ
 .text.UART_EndRxTransfer
                0x0800170c       0x5c build/stm32f1xx_hal_uart.o
 .text.UART_SetConfig
                0x08001768       0x94 build/stm32f1xx_hal_uart.o
 .text.UART_WaitOnFlagUntilTimeout
                0x080017fc       0x86 build/stm32f1xx_hal_uart.o
 .text.HAL_UART_Init
                0x08001882       0x60 build/stm32f1xx_hal_uart.o
                0x08001882                HAL_UART_Init
 .text.HAL_UART_Transmit
                0x080018e2       0xcc build/stm32f1xx_hal_uart.o
                0x080018e2                HAL_UART_Transmit
 .text.SystemInit
                0x080019ae        0x2 build/system_stm32f1xx.o
                0x080019ae                SystemInit
 .text._sbrk    0x080019b0       0x48 build/sysmem.o
                0x080019b0                _sbrk
 .text._read    0x080019f8       0x20 build/syscalls.o
                0x080019f8                _read
 .text._write   0x08001a18       0x1c build/syscalls.o
                0x08001a18                _write
 .text._close   0x08001a34        0x6 build/syscalls.o
                0x08001a34                _close
 .text._fstat   0x08001a3a        0xa build/syscalls.o
                0x08001a3a                _fstat
 .text._isatty  0x08001a44        0x4 build/syscalls.o
                0x08001a44                _isatty
 .text._lseek   0x08001a48        0x4 build/syscalls.o
                0x08001a48                _lseek
 .text.usb_memcpy
                0x08001a4c      0x11c build/usbd_core.o
 .text.is_device_configured
                0x08001b68       0x1c build/usbd_core.o
 .text.usbd_class_request_handler
                0x08001b84       0xac build/usbd_core.o
 .text.usbd_vendor_request_handler
                0x08001c30      0x13c build/usbd_core.o
 .text.usbd_class_event_notify_handler
                0x08001d6c       0x70 build/usbd_core.o
 .text.usbd_print_setup
                0x08001ddc       0x38 build/usbd_core.o
 .text.usbd_set_endpoint
                0x08001e14       0xa8 build/usbd_core.o
 .text.usbd_set_configuration
                0x08001ebc       0x84 build/usbd_core.o
 .text.usbd_event_ep0_in_complete_handler
                0x08001f40       0xa4 build/usbd_core.o
 .text.usbd_get_descriptor
                0x08001fe4      0x264 build/usbd_core.o
 .text.usbd_std_device_req_handler
                0x08002248      0x178 build/usbd_core.o
 .text.usbd_reset_endpoint
                0x080023c0       0x10 build/usbd_core.o
 .text.usbd_set_interface
                0x080023d0       0xb0 build/usbd_core.o
 .text.usbd_std_interface_req_handler
                0x08002480      0x16c build/usbd_core.o
 .text.usbd_std_endpoint_req_handler
                0x080025ec       0xc8 build/usbd_core.o
 .text.usbd_standard_request_handler
                0x080026b4       0x48 build/usbd_core.o
 .text.usbd_setup_request_handler
                0x080026fc       0xb8 build/usbd_core.o
 .text.__usbd_event_ep0_setup_complete_handler
                0x080027b4      0x180 build/usbd_core.o
 .text.usbd_event_ep0_out_complete_handler
                0x08002934       0xa8 build/usbd_core.o
 .text.usbd_event_reset_handler
                0x080029dc       0xd8 build/usbd_core.o
                0x080029dc                usbd_event_reset_handler
 .text.usbd_event_ep0_setup_complete_handler
                0x08002ab4       0x24 build/usbd_core.o
                0x08002ab4                usbd_event_ep0_setup_complete_handler
 .text.usbd_event_ep_in_complete_handler
                0x08002ad8       0x28 build/usbd_core.o
                0x08002ad8                usbd_event_ep_in_complete_handler
 .text.usbd_event_ep_out_complete_handler
                0x08002b00       0x28 build/usbd_core.o
                0x08002b00                usbd_event_ep_out_complete_handler
 .text.usbd_desc_register
                0x08002b28       0x4c build/usbd_core.o
                0x08002b28                usbd_desc_register
 .text.usbd_add_endpoint
                0x08002b74       0x70 build/usbd_core.o
                0x08002b74                usbd_add_endpoint
 .text.usb_device_is_configured
                0x08002be4       0x1c build/usbd_core.o
                0x08002be4                usb_device_is_configured
 .text.usbd_initialize
                0x08002c00       0x90 build/usbd_core.o
                0x08002c00                usbd_initialize
 .text.fsdev_write_pma
                0x08002c90       0x26 build/usb_dc_fsdev.o
 .text.fsdev_read_pma
                0x08002cb6       0x30 build/usb_dc_fsdev.o
 *fill*         0x08002ce6        0x2 
 .text.usb_dc_init
                0x08002ce8       0x40 build/usb_dc_fsdev.o
                0x08002ce8                usb_dc_init
 .text.usbd_set_address
                0x08002d28       0x20 build/usb_dc_fsdev.o
                0x08002d28                usbd_set_address
 .text.usbd_get_port_speed
                0x08002d48        0x4 build/usb_dc_fsdev.o
                0x08002d48                usbd_get_port_speed
 .text.usbd_ep_open
                0x08002d4c      0x398 build/usb_dc_fsdev.o
                0x08002d4c                usbd_ep_open
 .text.usbd_ep_close
                0x080030e4       0xa0 build/usb_dc_fsdev.o
                0x080030e4                usbd_ep_close
 .text.usbd_ep_set_stall
                0x08003184       0x58 build/usb_dc_fsdev.o
                0x08003184                usbd_ep_set_stall
 .text.usbd_ep_clear_stall
                0x080031dc       0xbc build/usb_dc_fsdev.o
                0x080031dc                usbd_ep_clear_stall
 .text.usbd_ep_is_stalled
                0x08003298       0x44 build/usb_dc_fsdev.o
                0x08003298                usbd_ep_is_stalled
 .text.usbd_ep_start_write
                0x080032dc       0xa4 build/usb_dc_fsdev.o
                0x080032dc                usbd_ep_start_write
 .text.usbd_ep_start_read
                0x08003380       0x70 build/usb_dc_fsdev.o
                0x08003380                usbd_ep_start_read
 .text.USBD_IRQHandler
                0x080033f0      0x508 build/usb_dc_fsdev.o
                0x080033f0                USBD_IRQHandler
 .text.usb_dc_low_level_init
                0x080038f8       0x1c build/usb_glue_st.o
                0x080038f8                usb_dc_low_level_init
 .text.USB_LP_CAN1_RX0_IRQHandler
                0x08003914        0xa build/usb_glue_st.o
                0x08003914                USB_LP_CAN1_RX0_IRQHandler
 *fill*         0x0800391e        0x2 
 .text.device_descriptor_callback
                0x08003920        0x8 build/hid_user.o
 .text.config_descriptor_callback
                0x08003928        0x8 build/hid_user.o
 .text.device_quality_descriptor_callback
                0x08003930        0x8 build/hid_user.o
 .text.string_descriptor_callback
                0x08003938       0x14 build/hid_user.o
 .text.usbd_hid_int_callback
                0x0800394c        0xc build/hid_user.o
                0x0800394c                usbd_hid_int_callback
 .text.usbd_hid_out_callback
                0x08003958       0x2c build/hid_user.o
                0x08003958                usbd_hid_out_callback
 .text.usbd_event_handler
                0x08003984       0x2c build/hid_user.o
 .text.hid_keyboard_init
                0x080039b0       0xc8 build/hid_user.o
                0x080039b0                hid_keyboard_init
 .text.hid_write_ep
                0x08003a78       0x54 build/hid_user.o
                0x08003a78                hid_write_ep
 .text.KEY_SCAN
                0x08003acc      0x19c build/KEY.o
                0x08003acc                KEY_SCAN
 .text.Reset_Handler
                0x08003c68       0x48 build/startup_stm32f103xe.o
                0x08003c68                Reset_Handler
 .text.Default_Handler
                0x08003cb0        0x2 build/startup_stm32f103xe.o
                0x08003cb0                RTC_Alarm_IRQHandler
                0x08003cb0                EXTI2_IRQHandler
                0x08003cb0                TIM8_TRG_COM_IRQHandler
                0x08003cb0                TIM8_CC_IRQHandler
                0x08003cb0                TIM1_CC_IRQHandler
                0x08003cb0                PVD_IRQHandler
                0x08003cb0                SDIO_IRQHandler
                0x08003cb0                EXTI3_IRQHandler
                0x08003cb0                EXTI0_IRQHandler
                0x08003cb0                I2C2_EV_IRQHandler
                0x08003cb0                ADC1_2_IRQHandler
                0x08003cb0                SPI1_IRQHandler
                0x08003cb0                TAMPER_IRQHandler
                0x08003cb0                TIM8_UP_IRQHandler
                0x08003cb0                DMA2_Channel2_IRQHandler
                0x08003cb0                DMA1_Channel4_IRQHandler
                0x08003cb0                USART3_IRQHandler
                0x08003cb0                RTC_IRQHandler
                0x08003cb0                DMA1_Channel7_IRQHandler
                0x08003cb0                CAN1_RX1_IRQHandler
                0x08003cb0                UART5_IRQHandler
                0x08003cb0                ADC3_IRQHandler
                0x08003cb0                TIM4_IRQHandler
                0x08003cb0                DMA2_Channel1_IRQHandler
                0x08003cb0                I2C1_EV_IRQHandler
                0x08003cb0                DMA1_Channel6_IRQHandler
                0x08003cb0                UART4_IRQHandler
                0x08003cb0                TIM3_IRQHandler
                0x08003cb0                RCC_IRQHandler
                0x08003cb0                TIM1_TRG_COM_IRQHandler
                0x08003cb0                DMA1_Channel1_IRQHandler
                0x08003cb0                Default_Handler
                0x08003cb0                EXTI15_10_IRQHandler
                0x08003cb0                TIM5_IRQHandler
                0x08003cb0                EXTI9_5_IRQHandler
                0x08003cb0                SPI2_IRQHandler
                0x08003cb0                DMA1_Channel5_IRQHandler
                0x08003cb0                EXTI4_IRQHandler
                0x08003cb0                USB_HP_CAN1_TX_IRQHandler
                0x08003cb0                DMA1_Channel3_IRQHandler
                0x08003cb0                FSMC_IRQHandler
                0x08003cb0                TIM1_UP_IRQHandler
                0x08003cb0                WWDG_IRQHandler
                0x08003cb0                TIM2_IRQHandler
                0x08003cb0                TIM1_BRK_IRQHandler
                0x08003cb0                EXTI1_IRQHandler
                0x08003cb0                DMA2_Channel4_5_IRQHandler
                0x08003cb0                USART2_IRQHandler
                0x08003cb0                I2C2_ER_IRQHandler
                0x08003cb0                DMA1_Channel2_IRQHandler
                0x08003cb0                TIM8_BRK_IRQHandler
                0x08003cb0                CAN1_SCE_IRQHandler
                0x08003cb0                FLASH_IRQHandler
                0x08003cb0                USART1_IRQHandler
                0x08003cb0                SPI3_IRQHandler
                0x08003cb0                I2C1_ER_IRQHandler
                0x08003cb0                USBWakeUp_IRQHandler
                0x08003cb0                DMA2_Channel3_IRQHandler
 *fill*         0x08003cb2        0x2 
 .text.std      0x08003cb4       0x6c D:/GCC/xpack-arm-none-eabi-gcc-13.2.1-1.1/bin/../lib/gcc/arm-none-eabi/13.2.1/../../../../arm-none-eabi/lib/thumb/v7-m/nofp\libc_nano.a(libc_a-findfp.o)
 .text.stdio_exit_handler
                0x08003d20       0x18 D:/GCC/xpack-arm-none-eabi-gcc-13.2.1-1.1/bin/../lib/gcc/arm-none-eabi/13.2.1/../../../../arm-none-eabi/lib/thumb/v7-m/nofp\libc_nano.a(libc_a-findfp.o)
 .text.cleanup_stdio
                0x08003d38       0x40 D:/GCC/xpack-arm-none-eabi-gcc-13.2.1-1.1/bin/../lib/gcc/arm-none-eabi/13.2.1/../../../../arm-none-eabi/lib/thumb/v7-m/nofp\libc_nano.a(libc_a-findfp.o)
 .text.global_stdio_init.part.0
                0x08003d78       0x3c D:/GCC/xpack-arm-none-eabi-gcc-13.2.1-1.1/bin/../lib/gcc/arm-none-eabi/13.2.1/../../../../arm-none-eabi/lib/thumb/v7-m/nofp\libc_nano.a(libc_a-findfp.o)
 .text.__sfp_lock_acquire
                0x08003db4        0xc D:/GCC/xpack-arm-none-eabi-gcc-13.2.1-1.1/bin/../lib/gcc/arm-none-eabi/13.2.1/../../../../arm-none-eabi/lib/thumb/v7-m/nofp\libc_nano.a(libc_a-findfp.o)
                0x08003db4                __sfp_lock_acquire
 .text.__sfp_lock_release
                0x08003dc0        0xc D:/GCC/xpack-arm-none-eabi-gcc-13.2.1-1.1/bin/../lib/gcc/arm-none-eabi/13.2.1/../../../../arm-none-eabi/lib/thumb/v7-m/nofp\libc_nano.a(libc_a-findfp.o)
                0x08003dc0                __sfp_lock_release
 .text.__sinit  0x08003dcc       0x30 D:/GCC/xpack-arm-none-eabi-gcc-13.2.1-1.1/bin/../lib/gcc/arm-none-eabi/13.2.1/../../../../arm-none-eabi/lib/thumb/v7-m/nofp\libc_nano.a(libc_a-findfp.o)
                0x08003dcc                __sinit
 .text._fwalk_sglue
                0x08003dfc       0x3c D:/GCC/xpack-arm-none-eabi-gcc-13.2.1-1.1/bin/../lib/gcc/arm-none-eabi/13.2.1/../../../../arm-none-eabi/lib/thumb/v7-m/nofp\libc_nano.a(libc_a-fwalk.o)
                0x08003dfc                _fwalk_sglue
 .text.printf   0x08003e38       0x24 D:/GCC/xpack-arm-none-eabi-gcc-13.2.1-1.1/bin/../lib/gcc/arm-none-eabi/13.2.1/../../../../arm-none-eabi/lib/thumb/v7-m/nofp\libc_nano.a(libc_a-printf.o)
                0x08003e38                iprintf
                0x08003e38                printf
 .text._puts_r  0x08003e5c       0xaa D:/GCC/xpack-arm-none-eabi-gcc-13.2.1-1.1/bin/../lib/gcc/arm-none-eabi/13.2.1/../../../../arm-none-eabi/lib/thumb/v7-m/nofp\libc_nano.a(libc_a-puts.o)
                0x08003e5c                _puts_r
 *fill*         0x08003f06        0x2 
 .text.puts     0x08003f08       0x10 D:/GCC/xpack-arm-none-eabi-gcc-13.2.1-1.1/bin/../lib/gcc/arm-none-eabi/13.2.1/../../../../arm-none-eabi/lib/thumb/v7-m/nofp\libc_nano.a(libc_a-puts.o)
                0x08003f08                puts
 .text.setvbuf  0x08003f18      0x168 D:/GCC/xpack-arm-none-eabi-gcc-13.2.1-1.1/bin/../lib/gcc/arm-none-eabi/13.2.1/../../../../arm-none-eabi/lib/thumb/v7-m/nofp\libc_nano.a(libc_a-setvbuf.o)
                0x08003f18                setvbuf
 .text.__sread  0x08004080       0x22 D:/GCC/xpack-arm-none-eabi-gcc-13.2.1-1.1/bin/../lib/gcc/arm-none-eabi/13.2.1/../../../../arm-none-eabi/lib/thumb/v7-m/nofp\libc_nano.a(libc_a-stdio.o)
                0x08004080                __sread
 .text.__swrite
                0x080040a2       0x38 D:/GCC/xpack-arm-none-eabi-gcc-13.2.1-1.1/bin/../lib/gcc/arm-none-eabi/13.2.1/../../../../arm-none-eabi/lib/thumb/v7-m/nofp\libc_nano.a(libc_a-stdio.o)
                0x080040a2                __swrite
 .text.__sseek  0x080040da       0x24 D:/GCC/xpack-arm-none-eabi-gcc-13.2.1-1.1/bin/../lib/gcc/arm-none-eabi/13.2.1/../../../../arm-none-eabi/lib/thumb/v7-m/nofp\libc_nano.a(libc_a-stdio.o)
                0x080040da                __sseek
 .text.__sclose
                0x080040fe        0x8 D:/GCC/xpack-arm-none-eabi-gcc-13.2.1-1.1/bin/../lib/gcc/arm-none-eabi/13.2.1/../../../../arm-none-eabi/lib/thumb/v7-m/nofp\libc_nano.a(libc_a-stdio.o)
                0x080040fe                __sclose
 .text.__swbuf_r
                0x08004106       0x7c D:/GCC/xpack-arm-none-eabi-gcc-13.2.1-1.1/bin/../lib/gcc/arm-none-eabi/13.2.1/../../../../arm-none-eabi/lib/thumb/v7-m/nofp\libc_nano.a(libc_a-wbuf.o)
                0x08004106                __swbuf_r
 *fill*         0x08004182        0x2 
 .text.__swsetup_r
                0x08004184       0xac D:/GCC/xpack-arm-none-eabi-gcc-13.2.1-1.1/bin/../lib/gcc/arm-none-eabi/13.2.1/../../../../arm-none-eabi/lib/thumb/v7-m/nofp\libc_nano.a(libc_a-wsetup.o)
                0x08004184                __swsetup_r
 .text.memset   0x08004230       0x10 D:/GCC/xpack-arm-none-eabi-gcc-13.2.1-1.1/bin/../lib/gcc/arm-none-eabi/13.2.1/../../../../arm-none-eabi/lib/thumb/v7-m/nofp\libc_nano.a(libc_a-memset.o)
                0x08004230                memset
 .text._close_r
                0x08004240       0x20 D:/GCC/xpack-arm-none-eabi-gcc-13.2.1-1.1/bin/../lib/gcc/arm-none-eabi/13.2.1/../../../../arm-none-eabi/lib/thumb/v7-m/nofp\libc_nano.a(libc_a-closer.o)
                0x08004240                _close_r
 .text._lseek_r
                0x08004260       0x24 D:/GCC/xpack-arm-none-eabi-gcc-13.2.1-1.1/bin/../lib/gcc/arm-none-eabi/13.2.1/../../../../arm-none-eabi/lib/thumb/v7-m/nofp\libc_nano.a(libc_a-lseekr.o)
                0x08004260                _lseek_r
 .text._read_r  0x08004284       0x24 D:/GCC/xpack-arm-none-eabi-gcc-13.2.1-1.1/bin/../lib/gcc/arm-none-eabi/13.2.1/../../../../arm-none-eabi/lib/thumb/v7-m/nofp\libc_nano.a(libc_a-readr.o)
                0x08004284                _read_r
 .text._write_r
                0x080042a8       0x24 D:/GCC/xpack-arm-none-eabi-gcc-13.2.1-1.1/bin/../lib/gcc/arm-none-eabi/13.2.1/../../../../arm-none-eabi/lib/thumb/v7-m/nofp\libc_nano.a(libc_a-writer.o)
                0x080042a8                _write_r
 .text.__errno  0x080042cc        0xc D:/GCC/xpack-arm-none-eabi-gcc-13.2.1-1.1/bin/../lib/gcc/arm-none-eabi/13.2.1/../../../../arm-none-eabi/lib/thumb/v7-m/nofp\libc_nano.a(libc_a-errno.o)
                0x080042cc                __errno
 .text.__libc_init_array
                0x080042d8       0x48 D:/GCC/xpack-arm-none-eabi-gcc-13.2.1-1.1/bin/../lib/gcc/arm-none-eabi/13.2.1/../../../../arm-none-eabi/lib/thumb/v7-m/nofp\libc_nano.a(libc_a-init.o)
                0x080042d8                __libc_init_array
 .text.__retarget_lock_init_recursive
                0x08004320        0x2 D:/GCC/xpack-arm-none-eabi-gcc-13.2.1-1.1/bin/../lib/gcc/arm-none-eabi/13.2.1/../../../../arm-none-eabi/lib/thumb/v7-m/nofp\libc_nano.a(libc_a-lock.o)
                0x08004320                __retarget_lock_init_recursive
 .text.__retarget_lock_acquire_recursive
                0x08004322        0x2 D:/GCC/xpack-arm-none-eabi-gcc-13.2.1-1.1/bin/../lib/gcc/arm-none-eabi/13.2.1/../../../../arm-none-eabi/lib/thumb/v7-m/nofp\libc_nano.a(libc_a-lock.o)
                0x08004322                __retarget_lock_acquire_recursive
 .text.__retarget_lock_release_recursive
                0x08004324        0x2 D:/GCC/xpack-arm-none-eabi-gcc-13.2.1-1.1/bin/../lib/gcc/arm-none-eabi/13.2.1/../../../../arm-none-eabi/lib/thumb/v7-m/nofp\libc_nano.a(libc_a-lock.o)
                0x08004324                __retarget_lock_release_recursive
 *fill*         0x08004326        0x2 
 .text._free_r  0x08004328       0x90 D:/GCC/xpack-arm-none-eabi-gcc-13.2.1-1.1/bin/../lib/gcc/arm-none-eabi/13.2.1/../../../../arm-none-eabi/lib/thumb/v7-m/nofp\libc_nano.a(libc_a-freer.o)
                0x08004328                _free_r
 .text.malloc   0x080043b8       0x10 D:/GCC/xpack-arm-none-eabi-gcc-13.2.1-1.1/bin/../lib/gcc/arm-none-eabi/13.2.1/../../../../arm-none-eabi/lib/thumb/v7-m/nofp\libc_nano.a(libc_a-malloc.o)
                0x080043b8                malloc
 .text.sbrk_aligned
                0x080043c8       0x44 D:/GCC/xpack-arm-none-eabi-gcc-13.2.1-1.1/bin/../lib/gcc/arm-none-eabi/13.2.1/../../../../arm-none-eabi/lib/thumb/v7-m/nofp\libc_nano.a(libc_a-mallocr.o)
 .text._malloc_r
                0x0800440c      0x100 D:/GCC/xpack-arm-none-eabi-gcc-13.2.1-1.1/bin/../lib/gcc/arm-none-eabi/13.2.1/../../../../arm-none-eabi/lib/thumb/v7-m/nofp\libc_nano.a(libc_a-mallocr.o)
                0x0800440c                _malloc_r
 .text.__malloc_lock
                0x0800450c        0xc D:/GCC/xpack-arm-none-eabi-gcc-13.2.1-1.1/bin/../lib/gcc/arm-none-eabi/13.2.1/../../../../arm-none-eabi/lib/thumb/v7-m/nofp\libc_nano.a(libc_a-mlock.o)
                0x0800450c                __malloc_lock
 .text.__malloc_unlock
                0x08004518        0xc D:/GCC/xpack-arm-none-eabi-gcc-13.2.1-1.1/bin/../lib/gcc/arm-none-eabi/13.2.1/../../../../arm-none-eabi/lib/thumb/v7-m/nofp\libc_nano.a(libc_a-mlock.o)
                0x08004518                __malloc_unlock
 .text.__sfputc_r
                0x08004524       0x2a D:/GCC/xpack-arm-none-eabi-gcc-13.2.1-1.1/bin/../lib/gcc/arm-none-eabi/13.2.1/../../../../arm-none-eabi/lib/thumb/v7-m/nofp\libc_nano.a(libc_a-nano-vfprintf.o)
 .text.__sfputs_r
                0x0800454e       0x24 D:/GCC/xpack-arm-none-eabi-gcc-13.2.1-1.1/bin/../lib/gcc/arm-none-eabi/13.2.1/../../../../arm-none-eabi/lib/thumb/v7-m/nofp\libc_nano.a(libc_a-nano-vfprintf.o)
                0x0800454e                __sfputs_r
 *fill*         0x08004572        0x2 
 .text._vfprintf_r
                0x08004574      0x230 D:/GCC/xpack-arm-none-eabi-gcc-13.2.1-1.1/bin/../lib/gcc/arm-none-eabi/13.2.1/../../../../arm-none-eabi/lib/thumb/v7-m/nofp\libc_nano.a(libc_a-nano-vfprintf.o)
                0x08004574                _vfprintf_r
                0x08004574                _vfiprintf_r
 .text._printf_common
                0x080047a4       0xe4 D:/GCC/xpack-arm-none-eabi-gcc-13.2.1-1.1/bin/../lib/gcc/arm-none-eabi/13.2.1/../../../../arm-none-eabi/lib/thumb/v7-m/nofp\libc_nano.a(libc_a-nano-vfprintf_i.o)
                0x080047a4                _printf_common
 .text._printf_i
                0x08004888      0x23c D:/GCC/xpack-arm-none-eabi-gcc-13.2.1-1.1/bin/../lib/gcc/arm-none-eabi/13.2.1/../../../../arm-none-eabi/lib/thumb/v7-m/nofp\libc_nano.a(libc_a-nano-vfprintf_i.o)
                0x08004888                _printf_i
 .text.__sflush_r
                0x08004ac4      0x100 D:/GCC/xpack-arm-none-eabi-gcc-13.2.1-1.1/bin/../lib/gcc/arm-none-eabi/13.2.1/../../../../arm-none-eabi/lib/thumb/v7-m/nofp\libc_nano.a(libc_a-fflush.o)
                0x08004ac4                __sflush_r
 .text._fflush_r
                0x08004bc4       0x50 D:/GCC/xpack-arm-none-eabi-gcc-13.2.1-1.1/bin/../lib/gcc/arm-none-eabi/13.2.1/../../../../arm-none-eabi/lib/thumb/v7-m/nofp\libc_nano.a(libc_a-fflush.o)
                0x08004bc4                _fflush_r
 .text.__swhatbuf_r
                0x08004c14       0x4a D:/GCC/xpack-arm-none-eabi-gcc-13.2.1-1.1/bin/../lib/gcc/arm-none-eabi/13.2.1/../../../../arm-none-eabi/lib/thumb/v7-m/nofp\libc_nano.a(libc_a-makebuf.o)
                0x08004c14                __swhatbuf_r
 .text.__smakebuf_r
                0x08004c5e       0x78 D:/GCC/xpack-arm-none-eabi-gcc-13.2.1-1.1/bin/../lib/gcc/arm-none-eabi/13.2.1/../../../../arm-none-eabi/lib/thumb/v7-m/nofp\libc_nano.a(libc_a-makebuf.o)
                0x08004c5e                __smakebuf_r
 *fill*         0x08004cd6        0x2 
 .text._fstat_r
                0x08004cd8       0x24 D:/GCC/xpack-arm-none-eabi-gcc-13.2.1-1.1/bin/../lib/gcc/arm-none-eabi/13.2.1/../../../../arm-none-eabi/lib/thumb/v7-m/nofp\libc_nano.a(libc_a-fstatr.o)
                0x08004cd8                _fstat_r
 .text._isatty_r
                0x08004cfc       0x20 D:/GCC/xpack-arm-none-eabi-gcc-13.2.1-1.1/bin/../lib/gcc/arm-none-eabi/13.2.1/../../../../arm-none-eabi/lib/thumb/v7-m/nofp\libc_nano.a(libc_a-isattyr.o)
                0x08004cfc                _isatty_r
 .text._sbrk_r  0x08004d1c       0x20 D:/GCC/xpack-arm-none-eabi-gcc-13.2.1-1.1/bin/../lib/gcc/arm-none-eabi/13.2.1/../../../../arm-none-eabi/lib/thumb/v7-m/nofp\libc_nano.a(libc_a-sbrkr.o)
                0x08004d1c                _sbrk_r
 .text.memchr   0x08004d3c       0x1c D:/GCC/xpack-arm-none-eabi-gcc-13.2.1-1.1/bin/../lib/gcc/arm-none-eabi/13.2.1/../../../../arm-none-eabi/lib/thumb/v7-m/nofp\libc_nano.a(libc_a-memchr-stub.o)
                0x08004d3c                memchr
 *(.glue_7)
 .glue_7        0x08004d58        0x0 linker stubs
 *(.glue_7t)
 .glue_7t       0x08004d58        0x0 linker stubs
 *(.eh_frame)
 .eh_frame      0x08004d58        0x0 D:/GCC/xpack-arm-none-eabi-gcc-13.2.1-1.1/bin/../lib/gcc/arm-none-eabi/13.2.1/thumb/v7-m/nofp/crtbegin.o
 *(.init)
 .init          0x08004d58        0x4 D:/GCC/xpack-arm-none-eabi-gcc-13.2.1-1.1/bin/../lib/gcc/arm-none-eabi/13.2.1/thumb/v7-m/nofp/crti.o
                0x08004d58                _init
 .init          0x08004d5c        0x8 D:/GCC/xpack-arm-none-eabi-gcc-13.2.1-1.1/bin/../lib/gcc/arm-none-eabi/13.2.1/thumb/v7-m/nofp/crtn.o
 *(.fini)
 .fini          0x08004d64        0x4 D:/GCC/xpack-arm-none-eabi-gcc-13.2.1-1.1/bin/../lib/gcc/arm-none-eabi/13.2.1/thumb/v7-m/nofp/crti.o
                0x08004d64                _fini
 .fini          0x08004d68        0x8 D:/GCC/xpack-arm-none-eabi-gcc-13.2.1-1.1/bin/../lib/gcc/arm-none-eabi/13.2.1/thumb/v7-m/nofp/crtn.o
                0x08004d70                        . = ALIGN (0x4)
                0x08004d70                        _etext = .

.vfp11_veneer   0x08004d70        0x0
 .vfp11_veneer  0x08004d70        0x0 linker stubs

.v4_bx          0x08004d70        0x0
 .v4_bx         0x08004d70        0x0 linker stubs

.iplt           0x08004d70        0x0
 .iplt          0x08004d70        0x0 D:/GCC/xpack-arm-none-eabi-gcc-13.2.1-1.1/bin/../lib/gcc/arm-none-eabi/13.2.1/thumb/v7-m/nofp/crtbegin.o

.rodata         0x08004d70      0x54c
                0x08004d70                        . = ALIGN (0x4)
 *(.rodata)
 *(.rodata*)
 .rodata.aPredivFactorTable.0
                0x08004d70        0x2 build/stm32f1xx_hal_rcc.o
 *fill*         0x08004d72        0x2 
 .rodata.aPLLMULFactorTable.1
                0x08004d74       0x10 build/stm32f1xx_hal_rcc.o
 .rodata.APBPrescTable
                0x08004d84        0x8 build/system_stm32f1xx.o
                0x08004d84                APBPrescTable
 .rodata.AHBPrescTable
                0x08004d8c       0x10 build/system_stm32f1xx.o
                0x08004d8c                AHBPrescTable
 .rodata.usbd_print_setup.str1.4
                0x08004d9c      0x3f5 build/usbd_core.o
                                 0x79 (size before relaxing)
 .rodata.usbd_get_descriptor.str1.4
                0x08005191       0x43 build/usbd_core.o
 .rodata.usbd_std_endpoint_req_handler.str1.4
                0x08005191       0x2b build/usbd_core.o
 .rodata.usbd_setup_request_handler.str1.4
                0x08005191       0x46 build/usbd_core.o
 .rodata.__usbd_event_ep0_setup_complete_handler.str1.4
                0x08005191       0x1a build/usbd_core.o
 .rodata.usbd_event_reset_handler.str1.4
                0x08005191       0xa6 build/usbd_core.o
 .rodata.usbd_initialize.str1.4
                0x08005191       0x30 build/usbd_core.o
 .rodata.usbd_ep_open.str1.4
                0x08005191      0x1cd build/usb_dc_fsdev.o
 *fill*         0x08005191        0x3 
 .rodata.hid_descriptor
                0x08005194       0x24 build/hid_user.o
                0x08005194                hid_descriptor
 .rodata.str1.4
                0x080051b8       0x21 build/hid_user.o
 .rodata.string_descriptors
                0x080051b8       0x10 build/hid_user.o
 .rodata.__compound_literal.0
                0x080051c8        0x2 build/hid_user.o
 *fill*         0x080051ca        0x2 
 .rodata.device_quality_descriptor
                0x080051cc        0xa build/hid_user.o
 *fill*         0x080051d6        0x2 
 .rodata.config_descriptor
                0x080051d8       0x99 build/hid_user.o
 *fill*         0x08005271        0x3 
 .rodata.device_descriptor
                0x08005274       0x12 build/hid_user.o
 .rodata._vfprintf_r.str1.1
                0x08005286       0x33 D:/GCC/xpack-arm-none-eabi-gcc-13.2.1-1.1/bin/../lib/gcc/arm-none-eabi/13.2.1/../../../../arm-none-eabi/lib/thumb/v7-m/nofp\libc_nano.a(libc_a-nano-vfprintf.o)
                                 0x11 (size before relaxing)
 .rodata._printf_i.str1.1
                0x080052b9       0x22 D:/GCC/xpack-arm-none-eabi-gcc-13.2.1-1.1/bin/../lib/gcc/arm-none-eabi/13.2.1/../../../../arm-none-eabi/lib/thumb/v7-m/nofp\libc_nano.a(libc_a-nano-vfprintf_i.o)
                0x080052dc                        . = ALIGN (0x4)
 *fill*         0x080052b9        0x3 

.ARM.extab      0x080052bc        0x0
                0x080052bc                        . = ALIGN (0x4)
 *(.ARM.extab* .gnu.linkonce.armextab.*)
                0x080052bc                        . = ALIGN (0x4)

.ARM            0x080052bc        0x8
                0x080052bc                        . = ALIGN (0x4)
                0x080052bc                        __exidx_start = .
 *(.ARM.exidx*)
 .ARM.exidx     0x080052bc        0x8 D:/GCC/xpack-arm-none-eabi-gcc-13.2.1-1.1/bin/../lib/gcc/arm-none-eabi/13.2.1/../../../../arm-none-eabi/lib/thumb/v7-m/nofp\libc_nano.a(libc_a-strlen.o)
                0x080052c4                        __exidx_end = .
                0x080052c4                        . = ALIGN (0x4)

.preinit_array  0x080052c4        0x0
                0x080052c4                        . = ALIGN (0x4)
                0x080052c4                        PROVIDE (__preinit_array_start = .)
 *(.preinit_array*)
                0x080052c4                        PROVIDE (__preinit_array_end = .)
                0x080052c4                        . = ALIGN (0x4)

.init_array     0x080052c4        0x4
                0x080052c4                        . = ALIGN (0x4)
                0x080052c4                        PROVIDE (__init_array_start = .)
 *(SORT_BY_NAME(.init_array.*))
 *(.init_array*)
 .init_array    0x080052c4        0x4 D:/GCC/xpack-arm-none-eabi-gcc-13.2.1-1.1/bin/../lib/gcc/arm-none-eabi/13.2.1/thumb/v7-m/nofp/crtbegin.o
                0x080052c8                        PROVIDE (__init_array_end = .)
                0x080052c8                        . = ALIGN (0x4)

.fini_array     0x080052c8        0x4
                0x080052c8                        . = ALIGN (0x4)
                0x080052c8                        PROVIDE (__fini_array_start = .)
 *(SORT_BY_NAME(.fini_array.*))
 *(.fini_array*)
 .fini_array    0x080052c8        0x4 D:/GCC/xpack-arm-none-eabi-gcc-13.2.1-1.1/bin/../lib/gcc/arm-none-eabi/13.2.1/thumb/v7-m/nofp/crtbegin.o
                0x080052cc                        PROVIDE (__fini_array_end = .)
                0x080052cc                        . = ALIGN (0x4)
                0x080052cc                        _sidata = LOADADDR (.data)

.rel.dyn        0x080052cc        0x0
 .rel.iplt      0x080052cc        0x0 D:/GCC/xpack-arm-none-eabi-gcc-13.2.1-1.1/bin/../lib/gcc/arm-none-eabi/13.2.1/thumb/v7-m/nofp/crtbegin.o

.data           0x20000000      0x118 load address 0x080052cc
                0x20000000                        . = ALIGN (0x4)
                0x20000000                        _sdata = .
 *(.data)
 *(.data*)
 .data.key_handler
                0x20000000       0x18 build/main.o
                0x20000000                key_handler
 .data.report   0x20000018       0x14 build/main.o
                0x20000018                report
 .data.report1  0x2000002c       0x14 build/main.o
                0x2000002c                report1
 .data.uwTickFreq
                0x20000040        0x1 build/stm32f1xx_hal.o
                0x20000040                uwTickFreq
 *fill*         0x20000041        0x3 
 .data.uwTickPrio
                0x20000044        0x4 build/stm32f1xx_hal.o
                0x20000044                uwTickPrio
 .data.SystemCoreClock
                0x20000048        0x4 build/system_stm32f1xx.o
                0x20000048                SystemCoreClock
 .data.hid_out_ep7
                0x2000004c        0x8 build/hid_user.o
 .data.hid_out_ep6
                0x20000054        0x8 build/hid_user.o
 .data.hid_out_ep5
                0x2000005c        0x8 build/hid_user.o
 .data.hid_out_ep4
                0x20000064        0x8 build/hid_user.o
 .data.hid_out_ep3
                0x2000006c        0x8 build/hid_user.o
 .data.hid_out_ep2
                0x20000074        0x8 build/hid_user.o
 .data.hid_out_ep1
                0x2000007c        0x8 build/hid_user.o
 .data.hid_in_ep7
                0x20000084        0x8 build/hid_user.o
 .data.hid_in_ep6
                0x2000008c        0x8 build/hid_user.o
 .data.hid_in_ep5
                0x20000094        0x8 build/hid_user.o
 .data.hid_in_ep4
                0x2000009c        0x8 build/hid_user.o
 .data.hid_in_ep3
                0x200000a4        0x8 build/hid_user.o
 .data.hid_in_ep2
                0x200000ac        0x8 build/hid_user.o
 .data.hid_in_ep1
                0x200000b4        0x8 build/hid_user.o
 .data.__sglue  0x200000bc        0xc D:/GCC/xpack-arm-none-eabi-gcc-13.2.1-1.1/bin/../lib/gcc/arm-none-eabi/13.2.1/../../../../arm-none-eabi/lib/thumb/v7-m/nofp\libc_nano.a(libc_a-findfp.o)
                0x200000bc                __sglue
 .data._impure_ptr
                0x200000c8        0x4 D:/GCC/xpack-arm-none-eabi-gcc-13.2.1-1.1/bin/../lib/gcc/arm-none-eabi/13.2.1/../../../../arm-none-eabi/lib/thumb/v7-m/nofp\libc_nano.a(libc_a-impure.o)
                0x200000c8                _impure_ptr
 .data._impure_data
                0x200000cc       0x4c D:/GCC/xpack-arm-none-eabi-gcc-13.2.1-1.1/bin/../lib/gcc/arm-none-eabi/13.2.1/../../../../arm-none-eabi/lib/thumb/v7-m/nofp\libc_nano.a(libc_a-impure.o)
                0x200000cc                _impure_data
 *(.RamFunc)
 *(.RamFunc*)
                0x20000118                        . = ALIGN (0x4)
                0x20000118                        _edata = .

.igot.plt       0x20000118        0x0 load address 0x080053e4
 .igot.plt      0x20000118        0x0 D:/GCC/xpack-arm-none-eabi-gcc-13.2.1-1.1/bin/../lib/gcc/arm-none-eabi/13.2.1/thumb/v7-m/nofp/crtbegin.o

.noncacheable   0x20000118      0x43c load address 0x080053e4
 .noncacheable  0x20000118      0x3fc build/usbd_core.o
                0x20000118                g_usbd_core
 .noncacheable  0x20000514       0x40 build/hid_user.o
                0x20000514                write_buffer
                0x20000554                        . = ALIGN (0x4)

.bss            0x20000554      0x444 load address 0x08005820
                0x20000554                        _sbss = .
                0x20000554                        __bss_start__ = _sbss
 *(.bss)
 *(.bss*)
 .bss.completed.1
                0x20000554        0x1 D:/GCC/xpack-arm-none-eabi-gcc-13.2.1-1.1/bin/../lib/gcc/arm-none-eabi/13.2.1/thumb/v7-m/nofp/crtbegin.o
 *fill*         0x20000555        0x3 
 .bss.object.0  0x20000558       0x18 D:/GCC/xpack-arm-none-eabi-gcc-13.2.1-1.1/bin/../lib/gcc/arm-none-eabi/13.2.1/thumb/v7-m/nofp/crtbegin.o
 .bss.k_old_state
                0x20000570        0x2 build/main.o
                0x20000570                k_old_state
 *fill*         0x20000572        0x2 
 .bss.k_now_state
                0x20000574        0x2 build/main.o
                0x20000574                k_now_state
 *fill*         0x20000576        0x2 
 .bss.k_value   0x20000578        0x2 build/main.o
                0x20000578                k_value
 *fill*         0x2000057a        0x2 
 .bss.k_buf     0x2000057c        0xa build/main.o
                0x2000057c                k_buf
 *fill*         0x20000586        0x2 
 .bss.htim7     0x20000588       0x48 build/tim.o
                0x20000588                htim7
 .bss.huart1    0x200005d0       0x48 build/usart.o
                0x200005d0                huart1
 .bss.a.0       0x20000618        0x2 build/stm32f1xx_it.o
 *fill*         0x2000061a        0x2 
 .bss.htim6     0x2000061c       0x48 build/stm32f1xx_hal_timebase_tim.o
                0x2000061c                htim6
 .bss.uwTick    0x20000664        0x4 build/stm32f1xx_hal.o
                0x20000664                uwTick
 .bss.__sbrk_heap_end
                0x20000668        0x4 build/sysmem.o
 .bss.g_usbdev_bus
                0x2000066c        0x8 build/usbd_core.o
                0x2000066c                g_usbdev_bus
 .bss.g_fsdev_udc
                0x20000674      0x190 build/usb_dc_fsdev.o
                0x20000674                g_fsdev_udc
 .bss.g_fsdev_instance
                0x20000804        0x4 build/usb_glue_st.o
 .bss.hid_state
                0x20000808        0x1 build/hid_user.o
 .bss.out_flag  0x20000809        0x1 build/hid_user.o
                0x20000809                out_flag
 *fill*         0x2000080a        0x2 
 .bss.read_buffer
                0x2000080c       0x40 build/hid_user.o
                0x2000080c                read_buffer
 .bss.__sf      0x2000084c      0x138 D:/GCC/xpack-arm-none-eabi-gcc-13.2.1-1.1/bin/../lib/gcc/arm-none-eabi/13.2.1/../../../../arm-none-eabi/lib/thumb/v7-m/nofp\libc_nano.a(libc_a-findfp.o)
                0x2000084c                __sf
 .bss.__stdio_exit_handler
                0x20000984        0x4 D:/GCC/xpack-arm-none-eabi-gcc-13.2.1-1.1/bin/../lib/gcc/arm-none-eabi/13.2.1/../../../../arm-none-eabi/lib/thumb/v7-m/nofp\libc_nano.a(libc_a-findfp.o)
                0x20000984                __stdio_exit_handler
 .bss.errno     0x20000988        0x4 D:/GCC/xpack-arm-none-eabi-gcc-13.2.1-1.1/bin/../lib/gcc/arm-none-eabi/13.2.1/../../../../arm-none-eabi/lib/thumb/v7-m/nofp\libc_nano.a(libc_a-reent.o)
                0x20000988                errno
 .bss.__lock___malloc_recursive_mutex
                0x2000098c        0x1 D:/GCC/xpack-arm-none-eabi-gcc-13.2.1-1.1/bin/../lib/gcc/arm-none-eabi/13.2.1/../../../../arm-none-eabi/lib/thumb/v7-m/nofp\libc_nano.a(libc_a-lock.o)
                0x2000098c                __lock___malloc_recursive_mutex
 .bss.__lock___sfp_recursive_mutex
                0x2000098d        0x1 D:/GCC/xpack-arm-none-eabi-gcc-13.2.1-1.1/bin/../lib/gcc/arm-none-eabi/13.2.1/../../../../arm-none-eabi/lib/thumb/v7-m/nofp\libc_nano.a(libc_a-lock.o)
                0x2000098d                __lock___sfp_recursive_mutex
 *fill*         0x2000098e        0x2 
 .bss.__malloc_sbrk_start
                0x20000990        0x4 D:/GCC/xpack-arm-none-eabi-gcc-13.2.1-1.1/bin/../lib/gcc/arm-none-eabi/13.2.1/../../../../arm-none-eabi/lib/thumb/v7-m/nofp\libc_nano.a(libc_a-mallocr.o)
                0x20000990                __malloc_sbrk_start
 .bss.__malloc_free_list
                0x20000994        0x4 D:/GCC/xpack-arm-none-eabi-gcc-13.2.1-1.1/bin/../lib/gcc/arm-none-eabi/13.2.1/../../../../arm-none-eabi/lib/thumb/v7-m/nofp\libc_nano.a(libc_a-mallocr.o)
                0x20000994                __malloc_free_list
 *(COMMON)
                0x20000998                        . = ALIGN (0x4)
                0x20000998                        _ebss = .
                0x20000998                        __bss_end__ = _ebss

._user_heap_stack
                0x20000998      0x600 load address 0x08005820
                0x20000998                        . = ALIGN (0x8)
                [!provide]                        PROVIDE (end = .)
                0x20000998                        PROVIDE (_end = .)
                0x20000b98                        . = (. + _Min_Heap_Size)
 *fill*         0x20000998      0x200 
                0x20000f98                        . = (. + _Min_Stack_Size)
 *fill*         0x20000b98      0x400 
                0x20000f98                        . = ALIGN (0x8)

/DISCARD/
 libc.a(*)
 libm.a(*)
 libgcc.a(*)
OUTPUT(build/CherryUsb_t.elf elf32-littlearm)
LOAD linker stubs
LOAD D:/GCC/xpack-arm-none-eabi-gcc-13.2.1-1.1/bin/../lib/gcc/arm-none-eabi/13.2.1/../../../../arm-none-eabi/lib/thumb/v7-m/nofp\libc.a
LOAD D:/GCC/xpack-arm-none-eabi-gcc-13.2.1-1.1/bin/../lib/gcc/arm-none-eabi/13.2.1/../../../../arm-none-eabi/lib/thumb/v7-m/nofp\libm.a
LOAD D:/GCC/xpack-arm-none-eabi-gcc-13.2.1-1.1/bin/../lib/gcc/arm-none-eabi/13.2.1/thumb/v7-m/nofp\libgcc.a

.ARM.attributes
                0x00000000       0x29
 .ARM.attributes
                0x00000000       0x1d D:/GCC/xpack-arm-none-eabi-gcc-13.2.1-1.1/bin/../lib/gcc/arm-none-eabi/13.2.1/thumb/v7-m/nofp/crti.o
 .ARM.attributes
                0x0000001d       0x2d D:/GCC/xpack-arm-none-eabi-gcc-13.2.1-1.1/bin/../lib/gcc/arm-none-eabi/13.2.1/thumb/v7-m/nofp/crtbegin.o
 .ARM.attributes
                0x0000004a       0x2d build/main.o
 .ARM.attributes
                0x00000077       0x2d build/gpio.o
 .ARM.attributes
                0x000000a4       0x2d build/tim.o
 .ARM.attributes
                0x000000d1       0x2d build/usart.o
 .ARM.attributes
                0x000000fe       0x2d build/usb.o
 .ARM.attributes
                0x0000012b       0x2d build/stm32f1xx_it.o
 .ARM.attributes
                0x00000158       0x2d build/stm32f1xx_hal_msp.o
 .ARM.attributes
                0x00000185       0x2d build/stm32f1xx_hal_timebase_tim.o
 .ARM.attributes
                0x000001b2       0x2d build/stm32f1xx_hal_tim.o
 .ARM.attributes
                0x000001df       0x2d build/stm32f1xx_hal_tim_ex.o
 .ARM.attributes
                0x0000020c       0x2d build/stm32f1xx_hal.o
 .ARM.attributes
                0x00000239       0x2d build/stm32f1xx_hal_rcc.o
 .ARM.attributes
                0x00000266       0x2d build/stm32f1xx_hal_rcc_ex.o
 .ARM.attributes
                0x00000293       0x2d build/stm32f1xx_hal_gpio.o
 .ARM.attributes
                0x000002c0       0x2d build/stm32f1xx_hal_cortex.o
 .ARM.attributes
                0x000002ed       0x2d build/stm32f1xx_hal_uart.o
 .ARM.attributes
                0x0000031a       0x2d build/system_stm32f1xx.o
 .ARM.attributes
                0x00000347       0x2d build/sysmem.o
 .ARM.attributes
                0x00000374       0x2d build/syscalls.o
 .ARM.attributes
                0x000003a1       0x2d build/usbd_core.o
 .ARM.attributes
                0x000003ce       0x2d build/usb_dc_fsdev.o
 .ARM.attributes
                0x000003fb       0x2d build/usb_glue_st.o
 .ARM.attributes
                0x00000428       0x2d build/hid_user.o
 .ARM.attributes
                0x00000455       0x2d build/KEY.o
 .ARM.attributes
                0x00000482       0x21 build/startup_stm32f103xe.o
 .ARM.attributes
                0x000004a3       0x2d D:/GCC/xpack-arm-none-eabi-gcc-13.2.1-1.1/bin/../lib/gcc/arm-none-eabi/13.2.1/../../../../arm-none-eabi/lib/thumb/v7-m/nofp\libc_nano.a(libc_a-findfp.o)
 .ARM.attributes
                0x000004d0       0x2d D:/GCC/xpack-arm-none-eabi-gcc-13.2.1-1.1/bin/../lib/gcc/arm-none-eabi/13.2.1/../../../../arm-none-eabi/lib/thumb/v7-m/nofp\libc_nano.a(libc_a-fwalk.o)
 .ARM.attributes
                0x000004fd       0x2d D:/GCC/xpack-arm-none-eabi-gcc-13.2.1-1.1/bin/../lib/gcc/arm-none-eabi/13.2.1/../../../../arm-none-eabi/lib/thumb/v7-m/nofp\libc_nano.a(libc_a-printf.o)
 .ARM.attributes
                0x0000052a       0x2d D:/GCC/xpack-arm-none-eabi-gcc-13.2.1-1.1/bin/../lib/gcc/arm-none-eabi/13.2.1/../../../../arm-none-eabi/lib/thumb/v7-m/nofp\libc_nano.a(libc_a-puts.o)
 .ARM.attributes
                0x00000557       0x2d D:/GCC/xpack-arm-none-eabi-gcc-13.2.1-1.1/bin/../lib/gcc/arm-none-eabi/13.2.1/../../../../arm-none-eabi/lib/thumb/v7-m/nofp\libc_nano.a(libc_a-setvbuf.o)
 .ARM.attributes
                0x00000584       0x2d D:/GCC/xpack-arm-none-eabi-gcc-13.2.1-1.1/bin/../lib/gcc/arm-none-eabi/13.2.1/../../../../arm-none-eabi/lib/thumb/v7-m/nofp\libc_nano.a(libc_a-stdio.o)
 .ARM.attributes
                0x000005b1       0x2d D:/GCC/xpack-arm-none-eabi-gcc-13.2.1-1.1/bin/../lib/gcc/arm-none-eabi/13.2.1/../../../../arm-none-eabi/lib/thumb/v7-m/nofp\libc_nano.a(libc_a-wbuf.o)
 .ARM.attributes
                0x000005de       0x2d D:/GCC/xpack-arm-none-eabi-gcc-13.2.1-1.1/bin/../lib/gcc/arm-none-eabi/13.2.1/../../../../arm-none-eabi/lib/thumb/v7-m/nofp\libc_nano.a(libc_a-wsetup.o)
 .ARM.attributes
                0x0000060b       0x2d D:/GCC/xpack-arm-none-eabi-gcc-13.2.1-1.1/bin/../lib/gcc/arm-none-eabi/13.2.1/../../../../arm-none-eabi/lib/thumb/v7-m/nofp\libc_nano.a(libc_a-memset.o)
 .ARM.attributes
                0x00000638       0x2d D:/GCC/xpack-arm-none-eabi-gcc-13.2.1-1.1/bin/../lib/gcc/arm-none-eabi/13.2.1/../../../../arm-none-eabi/lib/thumb/v7-m/nofp\libc_nano.a(libc_a-closer.o)
 .ARM.attributes
                0x00000665       0x2d D:/GCC/xpack-arm-none-eabi-gcc-13.2.1-1.1/bin/../lib/gcc/arm-none-eabi/13.2.1/../../../../arm-none-eabi/lib/thumb/v7-m/nofp\libc_nano.a(libc_a-reent.o)
 .ARM.attributes
                0x00000692       0x2d D:/GCC/xpack-arm-none-eabi-gcc-13.2.1-1.1/bin/../lib/gcc/arm-none-eabi/13.2.1/../../../../arm-none-eabi/lib/thumb/v7-m/nofp\libc_nano.a(libc_a-impure.o)
 .ARM.attributes
                0x000006bf       0x2d D:/GCC/xpack-arm-none-eabi-gcc-13.2.1-1.1/bin/../lib/gcc/arm-none-eabi/13.2.1/../../../../arm-none-eabi/lib/thumb/v7-m/nofp\libc_nano.a(libc_a-lseekr.o)
 .ARM.attributes
                0x000006ec       0x2d D:/GCC/xpack-arm-none-eabi-gcc-13.2.1-1.1/bin/../lib/gcc/arm-none-eabi/13.2.1/../../../../arm-none-eabi/lib/thumb/v7-m/nofp\libc_nano.a(libc_a-readr.o)
 .ARM.attributes
                0x00000719       0x2d D:/GCC/xpack-arm-none-eabi-gcc-13.2.1-1.1/bin/../lib/gcc/arm-none-eabi/13.2.1/../../../../arm-none-eabi/lib/thumb/v7-m/nofp\libc_nano.a(libc_a-writer.o)
 .ARM.attributes
                0x00000746       0x2d D:/GCC/xpack-arm-none-eabi-gcc-13.2.1-1.1/bin/../lib/gcc/arm-none-eabi/13.2.1/../../../../arm-none-eabi/lib/thumb/v7-m/nofp\libc_nano.a(libc_a-errno.o)
 .ARM.attributes
                0x00000773       0x2d D:/GCC/xpack-arm-none-eabi-gcc-13.2.1-1.1/bin/../lib/gcc/arm-none-eabi/13.2.1/../../../../arm-none-eabi/lib/thumb/v7-m/nofp\libc_nano.a(libc_a-init.o)
 .ARM.attributes
                0x000007a0       0x2d D:/GCC/xpack-arm-none-eabi-gcc-13.2.1-1.1/bin/../lib/gcc/arm-none-eabi/13.2.1/../../../../arm-none-eabi/lib/thumb/v7-m/nofp\libc_nano.a(libc_a-lock.o)
 .ARM.attributes
                0x000007cd       0x17 D:/GCC/xpack-arm-none-eabi-gcc-13.2.1-1.1/bin/../lib/gcc/arm-none-eabi/13.2.1/../../../../arm-none-eabi/lib/thumb/v7-m/nofp\libc_nano.a(libc_a-strlen.o)
 .ARM.attributes
                0x000007e4       0x2d D:/GCC/xpack-arm-none-eabi-gcc-13.2.1-1.1/bin/../lib/gcc/arm-none-eabi/13.2.1/../../../../arm-none-eabi/lib/thumb/v7-m/nofp\libc_nano.a(libc_a-freer.o)
 .ARM.attributes
                0x00000811       0x2d D:/GCC/xpack-arm-none-eabi-gcc-13.2.1-1.1/bin/../lib/gcc/arm-none-eabi/13.2.1/../../../../arm-none-eabi/lib/thumb/v7-m/nofp\libc_nano.a(libc_a-malloc.o)
 .ARM.attributes
                0x0000083e       0x2d D:/GCC/xpack-arm-none-eabi-gcc-13.2.1-1.1/bin/../lib/gcc/arm-none-eabi/13.2.1/../../../../arm-none-eabi/lib/thumb/v7-m/nofp\libc_nano.a(libc_a-mallocr.o)
 .ARM.attributes
                0x0000086b       0x2d D:/GCC/xpack-arm-none-eabi-gcc-13.2.1-1.1/bin/../lib/gcc/arm-none-eabi/13.2.1/../../../../arm-none-eabi/lib/thumb/v7-m/nofp\libc_nano.a(libc_a-mlock.o)
 .ARM.attributes
                0x00000898       0x2d D:/GCC/xpack-arm-none-eabi-gcc-13.2.1-1.1/bin/../lib/gcc/arm-none-eabi/13.2.1/../../../../arm-none-eabi/lib/thumb/v7-m/nofp\libc_nano.a(libc_a-nano-vfprintf.o)
 .ARM.attributes
                0x000008c5       0x2d D:/GCC/xpack-arm-none-eabi-gcc-13.2.1-1.1/bin/../lib/gcc/arm-none-eabi/13.2.1/../../../../arm-none-eabi/lib/thumb/v7-m/nofp\libc_nano.a(libc_a-nano-vfprintf_i.o)
 .ARM.attributes
                0x000008f2       0x2d D:/GCC/xpack-arm-none-eabi-gcc-13.2.1-1.1/bin/../lib/gcc/arm-none-eabi/13.2.1/../../../../arm-none-eabi/lib/thumb/v7-m/nofp\libc_nano.a(libc_a-fflush.o)
 .ARM.attributes
                0x0000091f       0x2d D:/GCC/xpack-arm-none-eabi-gcc-13.2.1-1.1/bin/../lib/gcc/arm-none-eabi/13.2.1/../../../../arm-none-eabi/lib/thumb/v7-m/nofp\libc_nano.a(libc_a-makebuf.o)
 .ARM.attributes
                0x0000094c       0x2d D:/GCC/xpack-arm-none-eabi-gcc-13.2.1-1.1/bin/../lib/gcc/arm-none-eabi/13.2.1/../../../../arm-none-eabi/lib/thumb/v7-m/nofp\libc_nano.a(libc_a-fstatr.o)
 .ARM.attributes
                0x00000979       0x2d D:/GCC/xpack-arm-none-eabi-gcc-13.2.1-1.1/bin/../lib/gcc/arm-none-eabi/13.2.1/../../../../arm-none-eabi/lib/thumb/v7-m/nofp\libc_nano.a(libc_a-isattyr.o)
 .ARM.attributes
                0x000009a6       0x2d D:/GCC/xpack-arm-none-eabi-gcc-13.2.1-1.1/bin/../lib/gcc/arm-none-eabi/13.2.1/../../../../arm-none-eabi/lib/thumb/v7-m/nofp\libc_nano.a(libc_a-sbrkr.o)
 .ARM.attributes
                0x000009d3       0x2d D:/GCC/xpack-arm-none-eabi-gcc-13.2.1-1.1/bin/../lib/gcc/arm-none-eabi/13.2.1/../../../../arm-none-eabi/lib/thumb/v7-m/nofp\libc_nano.a(libc_a-memchr-stub.o)
 .ARM.attributes
                0x00000a00       0x1d D:/GCC/xpack-arm-none-eabi-gcc-13.2.1-1.1/bin/../lib/gcc/arm-none-eabi/13.2.1/thumb/v7-m/nofp/crtn.o

.comment        0x00000000       0x39
 .comment       0x00000000       0x39 D:/GCC/xpack-arm-none-eabi-gcc-13.2.1-1.1/bin/../lib/gcc/arm-none-eabi/13.2.1/thumb/v7-m/nofp/crtbegin.o
                                 0x3a (size before relaxing)
 .comment       0x00000039       0x3a build/main.o
 .comment       0x00000039       0x3a build/gpio.o
 .comment       0x00000039       0x3a build/tim.o
 .comment       0x00000039       0x3a build/usart.o
 .comment       0x00000039       0x3a build/usb.o
 .comment       0x00000039       0x3a build/stm32f1xx_it.o
 .comment       0x00000039       0x3a build/stm32f1xx_hal_msp.o
 .comment       0x00000039       0x3a build/stm32f1xx_hal_timebase_tim.o
 .comment       0x00000039       0x3a build/stm32f1xx_hal_tim.o
 .comment       0x00000039       0x3a build/stm32f1xx_hal_tim_ex.o
 .comment       0x00000039       0x3a build/stm32f1xx_hal.o
 .comment       0x00000039       0x3a build/stm32f1xx_hal_rcc.o
 .comment       0x00000039       0x3a build/stm32f1xx_hal_rcc_ex.o
 .comment       0x00000039       0x3a build/stm32f1xx_hal_gpio.o
 .comment       0x00000039       0x3a build/stm32f1xx_hal_cortex.o
 .comment       0x00000039       0x3a build/stm32f1xx_hal_uart.o
 .comment       0x00000039       0x3a build/system_stm32f1xx.o
 .comment       0x00000039       0x3a build/sysmem.o
 .comment       0x00000039       0x3a build/syscalls.o
 .comment       0x00000039       0x3a build/usbd_core.o
 .comment       0x00000039       0x3a build/usb_dc_fsdev.o
 .comment       0x00000039       0x3a build/usb_glue_st.o
 .comment       0x00000039       0x3a build/hid_user.o
 .comment       0x00000039       0x3a build/KEY.o
 .comment       0x00000039       0x3a D:/GCC/xpack-arm-none-eabi-gcc-13.2.1-1.1/bin/../lib/gcc/arm-none-eabi/13.2.1/../../../../arm-none-eabi/lib/thumb/v7-m/nofp\libc_nano.a(libc_a-findfp.o)
 .comment       0x00000039       0x3a D:/GCC/xpack-arm-none-eabi-gcc-13.2.1-1.1/bin/../lib/gcc/arm-none-eabi/13.2.1/../../../../arm-none-eabi/lib/thumb/v7-m/nofp\libc_nano.a(libc_a-fwalk.o)
 .comment       0x00000039       0x3a D:/GCC/xpack-arm-none-eabi-gcc-13.2.1-1.1/bin/../lib/gcc/arm-none-eabi/13.2.1/../../../../arm-none-eabi/lib/thumb/v7-m/nofp\libc_nano.a(libc_a-printf.o)
 .comment       0x00000039       0x3a D:/GCC/xpack-arm-none-eabi-gcc-13.2.1-1.1/bin/../lib/gcc/arm-none-eabi/13.2.1/../../../../arm-none-eabi/lib/thumb/v7-m/nofp\libc_nano.a(libc_a-puts.o)
 .comment       0x00000039       0x3a D:/GCC/xpack-arm-none-eabi-gcc-13.2.1-1.1/bin/../lib/gcc/arm-none-eabi/13.2.1/../../../../arm-none-eabi/lib/thumb/v7-m/nofp\libc_nano.a(libc_a-setvbuf.o)
 .comment       0x00000039       0x3a D:/GCC/xpack-arm-none-eabi-gcc-13.2.1-1.1/bin/../lib/gcc/arm-none-eabi/13.2.1/../../../../arm-none-eabi/lib/thumb/v7-m/nofp\libc_nano.a(libc_a-stdio.o)
 .comment       0x00000039       0x3a D:/GCC/xpack-arm-none-eabi-gcc-13.2.1-1.1/bin/../lib/gcc/arm-none-eabi/13.2.1/../../../../arm-none-eabi/lib/thumb/v7-m/nofp\libc_nano.a(libc_a-wbuf.o)
 .comment       0x00000039       0x3a D:/GCC/xpack-arm-none-eabi-gcc-13.2.1-1.1/bin/../lib/gcc/arm-none-eabi/13.2.1/../../../../arm-none-eabi/lib/thumb/v7-m/nofp\libc_nano.a(libc_a-wsetup.o)
 .comment       0x00000039       0x3a D:/GCC/xpack-arm-none-eabi-gcc-13.2.1-1.1/bin/../lib/gcc/arm-none-eabi/13.2.1/../../../../arm-none-eabi/lib/thumb/v7-m/nofp\libc_nano.a(libc_a-memset.o)
 .comment       0x00000039       0x3a D:/GCC/xpack-arm-none-eabi-gcc-13.2.1-1.1/bin/../lib/gcc/arm-none-eabi/13.2.1/../../../../arm-none-eabi/lib/thumb/v7-m/nofp\libc_nano.a(libc_a-closer.o)
 .comment       0x00000039       0x3a D:/GCC/xpack-arm-none-eabi-gcc-13.2.1-1.1/bin/../lib/gcc/arm-none-eabi/13.2.1/../../../../arm-none-eabi/lib/thumb/v7-m/nofp\libc_nano.a(libc_a-reent.o)
 .comment       0x00000039       0x3a D:/GCC/xpack-arm-none-eabi-gcc-13.2.1-1.1/bin/../lib/gcc/arm-none-eabi/13.2.1/../../../../arm-none-eabi/lib/thumb/v7-m/nofp\libc_nano.a(libc_a-impure.o)
 .comment       0x00000039       0x3a D:/GCC/xpack-arm-none-eabi-gcc-13.2.1-1.1/bin/../lib/gcc/arm-none-eabi/13.2.1/../../../../arm-none-eabi/lib/thumb/v7-m/nofp\libc_nano.a(libc_a-lseekr.o)
 .comment       0x00000039       0x3a D:/GCC/xpack-arm-none-eabi-gcc-13.2.1-1.1/bin/../lib/gcc/arm-none-eabi/13.2.1/../../../../arm-none-eabi/lib/thumb/v7-m/nofp\libc_nano.a(libc_a-readr.o)
 .comment       0x00000039       0x3a D:/GCC/xpack-arm-none-eabi-gcc-13.2.1-1.1/bin/../lib/gcc/arm-none-eabi/13.2.1/../../../../arm-none-eabi/lib/thumb/v7-m/nofp\libc_nano.a(libc_a-writer.o)
 .comment       0x00000039       0x3a D:/GCC/xpack-arm-none-eabi-gcc-13.2.1-1.1/bin/../lib/gcc/arm-none-eabi/13.2.1/../../../../arm-none-eabi/lib/thumb/v7-m/nofp\libc_nano.a(libc_a-errno.o)
 .comment       0x00000039       0x3a D:/GCC/xpack-arm-none-eabi-gcc-13.2.1-1.1/bin/../lib/gcc/arm-none-eabi/13.2.1/../../../../arm-none-eabi/lib/thumb/v7-m/nofp\libc_nano.a(libc_a-init.o)
 .comment       0x00000039       0x3a D:/GCC/xpack-arm-none-eabi-gcc-13.2.1-1.1/bin/../lib/gcc/arm-none-eabi/13.2.1/../../../../arm-none-eabi/lib/thumb/v7-m/nofp\libc_nano.a(libc_a-lock.o)
 .comment       0x00000039       0x3a D:/GCC/xpack-arm-none-eabi-gcc-13.2.1-1.1/bin/../lib/gcc/arm-none-eabi/13.2.1/../../../../arm-none-eabi/lib/thumb/v7-m/nofp\libc_nano.a(libc_a-freer.o)
 .comment       0x00000039       0x3a D:/GCC/xpack-arm-none-eabi-gcc-13.2.1-1.1/bin/../lib/gcc/arm-none-eabi/13.2.1/../../../../arm-none-eabi/lib/thumb/v7-m/nofp\libc_nano.a(libc_a-malloc.o)
 .comment       0x00000039       0x3a D:/GCC/xpack-arm-none-eabi-gcc-13.2.1-1.1/bin/../lib/gcc/arm-none-eabi/13.2.1/../../../../arm-none-eabi/lib/thumb/v7-m/nofp\libc_nano.a(libc_a-mallocr.o)
 .comment       0x00000039       0x3a D:/GCC/xpack-arm-none-eabi-gcc-13.2.1-1.1/bin/../lib/gcc/arm-none-eabi/13.2.1/../../../../arm-none-eabi/lib/thumb/v7-m/nofp\libc_nano.a(libc_a-mlock.o)
 .comment       0x00000039       0x3a D:/GCC/xpack-arm-none-eabi-gcc-13.2.1-1.1/bin/../lib/gcc/arm-none-eabi/13.2.1/../../../../arm-none-eabi/lib/thumb/v7-m/nofp\libc_nano.a(libc_a-nano-vfprintf.o)
 .comment       0x00000039       0x3a D:/GCC/xpack-arm-none-eabi-gcc-13.2.1-1.1/bin/../lib/gcc/arm-none-eabi/13.2.1/../../../../arm-none-eabi/lib/thumb/v7-m/nofp\libc_nano.a(libc_a-nano-vfprintf_i.o)
 .comment       0x00000039       0x3a D:/GCC/xpack-arm-none-eabi-gcc-13.2.1-1.1/bin/../lib/gcc/arm-none-eabi/13.2.1/../../../../arm-none-eabi/lib/thumb/v7-m/nofp\libc_nano.a(libc_a-fflush.o)
 .comment       0x00000039       0x3a D:/GCC/xpack-arm-none-eabi-gcc-13.2.1-1.1/bin/../lib/gcc/arm-none-eabi/13.2.1/../../../../arm-none-eabi/lib/thumb/v7-m/nofp\libc_nano.a(libc_a-makebuf.o)
 .comment       0x00000039       0x3a D:/GCC/xpack-arm-none-eabi-gcc-13.2.1-1.1/bin/../lib/gcc/arm-none-eabi/13.2.1/../../../../arm-none-eabi/lib/thumb/v7-m/nofp\libc_nano.a(libc_a-fstatr.o)
 .comment       0x00000039       0x3a D:/GCC/xpack-arm-none-eabi-gcc-13.2.1-1.1/bin/../lib/gcc/arm-none-eabi/13.2.1/../../../../arm-none-eabi/lib/thumb/v7-m/nofp\libc_nano.a(libc_a-isattyr.o)
 .comment       0x00000039       0x3a D:/GCC/xpack-arm-none-eabi-gcc-13.2.1-1.1/bin/../lib/gcc/arm-none-eabi/13.2.1/../../../../arm-none-eabi/lib/thumb/v7-m/nofp\libc_nano.a(libc_a-sbrkr.o)
 .comment       0x00000039       0x3a D:/GCC/xpack-arm-none-eabi-gcc-13.2.1-1.1/bin/../lib/gcc/arm-none-eabi/13.2.1/../../../../arm-none-eabi/lib/thumb/v7-m/nofp\libc_nano.a(libc_a-memchr-stub.o)

.debug_info     0x00000000    0x18bae
 .debug_info    0x00000000     0x1a1c build/main.o
 .debug_info    0x00001a1c      0x3ce build/gpio.o
 .debug_info    0x00001dea      0xb43 build/tim.o
 .debug_info    0x0000292d      0x9c6 build/usart.o
 .debug_info    0x000032f3      0xa80 build/usb.o
 .debug_info    0x00003d73      0xa5f build/stm32f1xx_it.o
 .debug_info    0x000047d2      0x238 build/stm32f1xx_hal_msp.o
 .debug_info    0x00004a0a      0xbc4 build/stm32f1xx_hal_timebase_tim.o
 .debug_info    0x000055ce     0x4146 build/stm32f1xx_hal_tim.o
 .debug_info    0x00009714     0x1d4f build/stm32f1xx_hal_tim_ex.o
 .debug_info    0x0000b463      0x8e6 build/stm32f1xx_hal.o
 .debug_info    0x0000bd49      0xb10 build/stm32f1xx_hal_rcc.o
 .debug_info    0x0000c859      0x4bf build/stm32f1xx_hal_rcc_ex.o
 .debug_info    0x0000cd18      0x6d7 build/stm32f1xx_hal_gpio.o
 .debug_info    0x0000d3ef      0xea5 build/stm32f1xx_hal_cortex.o
 .debug_info    0x0000e294     0x430f build/stm32f1xx_hal_uart.o
 .debug_info    0x000125a3      0x26e build/system_stm32f1xx.o
 .debug_info    0x00012811      0x18c build/sysmem.o
 .debug_info    0x0001299d      0x853 build/syscalls.o
 .debug_info    0x000131f0     0x2a7d build/usbd_core.o
 .debug_info    0x00015c6d     0x163b build/usb_dc_fsdev.o
 .debug_info    0x000172a8      0x7bb build/usb_glue_st.o
 .debug_info    0x00017a63      0xfa1 build/hid_user.o
 .debug_info    0x00018a04      0x17a build/KEY.o
 .debug_info    0x00018b7e       0x30 build/startup_stm32f103xe.o

.debug_abbrev   0x00000000     0x37b0
 .debug_abbrev  0x00000000      0x3b5 build/main.o
 .debug_abbrev  0x000003b5      0x14e build/gpio.o
 .debug_abbrev  0x00000503      0x231 build/tim.o
 .debug_abbrev  0x00000734      0x22f build/usart.o
 .debug_abbrev  0x00000963      0x206 build/usb.o
 .debug_abbrev  0x00000b69      0x1de build/stm32f1xx_it.o
 .debug_abbrev  0x00000d47       0xe7 build/stm32f1xx_hal_msp.o
 .debug_abbrev  0x00000e2e      0x22d build/stm32f1xx_hal_timebase_tim.o
 .debug_abbrev  0x0000105b      0x2bd build/stm32f1xx_hal_tim.o
 .debug_abbrev  0x00001318      0x2b7 build/stm32f1xx_hal_tim_ex.o
 .debug_abbrev  0x000015cf      0x232 build/stm32f1xx_hal.o
 .debug_abbrev  0x00001801      0x2d6 build/stm32f1xx_hal_rcc.o
 .debug_abbrev  0x00001ad7      0x1d4 build/stm32f1xx_hal_rcc_ex.o
 .debug_abbrev  0x00001cab      0x222 build/stm32f1xx_hal_gpio.o
 .debug_abbrev  0x00001ecd      0x3aa build/stm32f1xx_hal_cortex.o
 .debug_abbrev  0x00002277      0x35f build/stm32f1xx_hal_uart.o
 .debug_abbrev  0x000025d6      0x140 build/system_stm32f1xx.o
 .debug_abbrev  0x00002716       0xeb build/sysmem.o
 .debug_abbrev  0x00002801      0x1ea build/syscalls.o
 .debug_abbrev  0x000029eb      0x4c5 build/usbd_core.o
 .debug_abbrev  0x00002eb0      0x363 build/usb_dc_fsdev.o
 .debug_abbrev  0x00003213      0x1cc build/usb_glue_st.o
 .debug_abbrev  0x000033df      0x2e7 build/hid_user.o
 .debug_abbrev  0x000036c6       0xcd build/KEY.o
 .debug_abbrev  0x00003793       0x1d build/startup_stm32f103xe.o

.debug_loc      0x00000000    0x14fef
 .debug_loc     0x00000000      0x166 build/main.o
 .debug_loc     0x00000166       0x39 build/gpio.o
 .debug_loc     0x0000019f      0x115 build/tim.o
 .debug_loc     0x000002b4      0x17b build/usart.o
 .debug_loc     0x0000042f       0xf1 build/usb.o
 .debug_loc     0x00000520       0x40 build/stm32f1xx_it.o
 .debug_loc     0x00000560       0x41 build/stm32f1xx_hal_msp.o
 .debug_loc     0x000005a1      0x179 build/stm32f1xx_hal_timebase_tim.o
 .debug_loc     0x0000071a     0x6078 build/stm32f1xx_hal_tim.o
 .debug_loc     0x00006792     0x22af build/stm32f1xx_hal_tim_ex.o
 .debug_loc     0x00008a41      0x1f9 build/stm32f1xx_hal.o
 .debug_loc     0x00008c3a      0x7c6 build/stm32f1xx_hal_rcc.o
 .debug_loc     0x00009400      0x42a build/stm32f1xx_hal_rcc_ex.o
 .debug_loc     0x0000982a      0x56c build/stm32f1xx_hal_gpio.o
 .debug_loc     0x00009d96      0x8b4 build/stm32f1xx_hal_cortex.o
 .debug_loc     0x0000a64a     0x4ff4 build/stm32f1xx_hal_uart.o
 .debug_loc     0x0000f63e      0x11b build/system_stm32f1xx.o
 .debug_loc     0x0000f759       0x90 build/sysmem.o
 .debug_loc     0x0000f7e9      0x583 build/syscalls.o
 .debug_loc     0x0000fd6c     0x33e8 build/usbd_core.o
 .debug_loc     0x00013154     0x12d5 build/usb_dc_fsdev.o
 .debug_loc     0x00014429       0xd6 build/usb_glue_st.o
 .debug_loc     0x000144ff      0x965 build/hid_user.o
 .debug_loc     0x00014e64      0x18b build/KEY.o

.debug_aranges  0x00000000      0xf90
 .debug_aranges
                0x00000000       0x50 build/main.o
 .debug_aranges
                0x00000050       0x20 build/gpio.o
 .debug_aranges
                0x00000070       0x30 build/tim.o
 .debug_aranges
                0x000000a0       0x38 build/usart.o
 .debug_aranges
                0x000000d8       0x30 build/usb.o
 .debug_aranges
                0x00000108       0x70 build/stm32f1xx_it.o
 .debug_aranges
                0x00000178       0x20 build/stm32f1xx_hal_msp.o
 .debug_aranges
                0x00000198       0x30 build/stm32f1xx_hal_timebase_tim.o
 .debug_aranges
                0x000001c8      0x3d0 build/stm32f1xx_hal_tim.o
 .debug_aranges
                0x00000598      0x168 build/stm32f1xx_hal_tim_ex.o
 .debug_aranges
                0x00000700       0xe0 build/stm32f1xx_hal.o
 .debug_aranges
                0x000007e0       0x90 build/stm32f1xx_hal_rcc.o
 .debug_aranges
                0x00000870       0x30 build/stm32f1xx_hal_rcc_ex.o
 .debug_aranges
                0x000008a0       0x58 build/stm32f1xx_hal_gpio.o
 .debug_aranges
                0x000008f8       0xc0 build/stm32f1xx_hal_cortex.o
 .debug_aranges
                0x000009b8      0x208 build/stm32f1xx_hal_uart.o
 .debug_aranges
                0x00000bc0       0x28 build/system_stm32f1xx.o
 .debug_aranges
                0x00000be8       0x20 build/sysmem.o
 .debug_aranges
                0x00000c08       0xa8 build/syscalls.o
 .debug_aranges
                0x00000cb0      0x150 build/usbd_core.o
 .debug_aranges
                0x00000e00       0xa0 build/usb_dc_fsdev.o
 .debug_aranges
                0x00000ea0       0x38 build/usb_glue_st.o
 .debug_aranges
                0x00000ed8       0x70 build/hid_user.o
 .debug_aranges
                0x00000f48       0x20 build/KEY.o
 .debug_aranges
                0x00000f68       0x28 build/startup_stm32f103xe.o

.debug_ranges   0x00000000      0xef8
 .debug_ranges  0x00000000       0x40 build/main.o
 .debug_ranges  0x00000040       0x10 build/gpio.o
 .debug_ranges  0x00000050       0x20 build/tim.o
 .debug_ranges  0x00000070       0x28 build/usart.o
 .debug_ranges  0x00000098       0x20 build/usb.o
 .debug_ranges  0x000000b8       0x60 build/stm32f1xx_it.o
 .debug_ranges  0x00000118       0x10 build/stm32f1xx_hal_msp.o
 .debug_ranges  0x00000128       0x20 build/stm32f1xx_hal_timebase_tim.o
 .debug_ranges  0x00000148      0x3c0 build/stm32f1xx_hal_tim.o
 .debug_ranges  0x00000508      0x158 build/stm32f1xx_hal_tim_ex.o
 .debug_ranges  0x00000660       0xd0 build/stm32f1xx_hal.o
 .debug_ranges  0x00000730       0xa0 build/stm32f1xx_hal_rcc.o
 .debug_ranges  0x000007d0       0x38 build/stm32f1xx_hal_rcc_ex.o
 .debug_ranges  0x00000808       0x48 build/stm32f1xx_hal_gpio.o
 .debug_ranges  0x00000850       0xb0 build/stm32f1xx_hal_cortex.o
 .debug_ranges  0x00000900      0x210 build/stm32f1xx_hal_uart.o
 .debug_ranges  0x00000b10       0x18 build/system_stm32f1xx.o
 .debug_ranges  0x00000b28       0x10 build/sysmem.o
 .debug_ranges  0x00000b38       0x98 build/syscalls.o
 .debug_ranges  0x00000bd0      0x1b0 build/usbd_core.o
 .debug_ranges  0x00000d80       0xc0 build/usb_dc_fsdev.o
 .debug_ranges  0x00000e40       0x28 build/usb_glue_st.o
 .debug_ranges  0x00000e68       0x60 build/hid_user.o
 .debug_ranges  0x00000ec8       0x10 build/KEY.o
 .debug_ranges  0x00000ed8       0x20 build/startup_stm32f103xe.o

.debug_line     0x00000000    0x10c11
 .debug_line    0x00000000      0x5db build/main.o
 .debug_line    0x000005db      0x1f8 build/gpio.o
 .debug_line    0x000007d3      0x2a9 build/tim.o
 .debug_line    0x00000a7c      0x2e9 build/usart.o
 .debug_line    0x00000d65      0x284 build/usb.o
 .debug_line    0x00000fe9      0x323 build/stm32f1xx_it.o
 .debug_line    0x0000130c      0x14e build/stm32f1xx_hal_msp.o
 .debug_line    0x0000145a      0x2e0 build/stm32f1xx_hal_timebase_tim.o
 .debug_line    0x0000173a     0x46bf build/stm32f1xx_hal_tim.o
 .debug_line    0x00005df9     0x1a26 build/stm32f1xx_hal_tim_ex.o
 .debug_line    0x0000781f      0x500 build/stm32f1xx_hal.o
 .debug_line    0x00007d1f      0xc7c build/stm32f1xx_hal_rcc.o
 .debug_line    0x0000899b      0x4b7 build/stm32f1xx_hal_rcc_ex.o
 .debug_line    0x00008e52      0x5ca build/stm32f1xx_hal_gpio.o
 .debug_line    0x0000941c      0x679 build/stm32f1xx_hal_cortex.o
 .debug_line    0x00009a95     0x3471 build/stm32f1xx_hal_uart.o
 .debug_line    0x0000cf06      0x217 build/system_stm32f1xx.o
 .debug_line    0x0000d11d      0x1ab build/sysmem.o
 .debug_line    0x0000d2c8      0x3ca build/syscalls.o
 .debug_line    0x0000d692     0x1b4a build/usbd_core.o
 .debug_line    0x0000f1dc      0xf42 build/usb_dc_fsdev.o
 .debug_line    0x0001011e      0x253 build/usb_glue_st.o
 .debug_line    0x00010371      0x5b5 build/hid_user.o
 .debug_line    0x00010926      0x279 build/KEY.o
 .debug_line    0x00010b9f       0x72 build/startup_stm32f103xe.o

.debug_str      0x00000000     0x4fe1
 .debug_str     0x00000000     0x4fe1 build/main.o
                                0xf0f (size before relaxing)
 .debug_str     0x00004fe1      0x26f build/gpio.o
 .debug_str     0x00004fe1      0xb84 build/tim.o
 .debug_str     0x00004fe1      0x6da build/usart.o
 .debug_str     0x00004fe1      0x9e0 build/usb.o
 .debug_str     0x00004fe1      0x80f build/stm32f1xx_it.o
 .debug_str     0x00004fe1      0x203 build/stm32f1xx_hal_msp.o
 .debug_str     0x00004fe1      0xbe4 build/stm32f1xx_hal_timebase_tim.o
 .debug_str     0x00004fe1     0x1669 build/stm32f1xx_hal_tim.o
 .debug_str     0x00004fe1      0xe75 build/stm32f1xx_hal_tim_ex.o
 .debug_str     0x00004fe1      0x8f6 build/stm32f1xx_hal.o
 .debug_str     0x00004fe1      0x60f build/stm32f1xx_hal_rcc.o
 .debug_str     0x00004fe1      0x3f5 build/stm32f1xx_hal_rcc_ex.o
 .debug_str     0x00004fe1      0x3e4 build/stm32f1xx_hal_gpio.o
 .debug_str     0x00004fe1      0x99b build/stm32f1xx_hal_cortex.o
 .debug_str     0x00004fe1      0xcd8 build/stm32f1xx_hal_uart.o
 .debug_str     0x00004fe1      0x238 build/system_stm32f1xx.o
 .debug_str     0x00004fe1      0x1fc build/sysmem.o
 .debug_str     0x00004fe1      0x3d0 build/syscalls.o
 .debug_str     0x00004fe1      0xe8f build/usbd_core.o
 .debug_str     0x00004fe1      0x6f5 build/usb_dc_fsdev.o
 .debug_str     0x00004fe1      0x5f5 build/usb_glue_st.o
 .debug_str     0x00004fe1      0x84f build/hid_user.o
 .debug_str     0x00004fe1      0x198 build/KEY.o
 .debug_str     0x00004fe1       0x6f build/startup_stm32f103xe.o

.debug_frame    0x00000000     0x27f8
 .debug_frame   0x00000000       0xb8 build/main.o
 .debug_frame   0x000000b8       0x38 build/gpio.o
 .debug_frame   0x000000f0       0x64 build/tim.o
 .debug_frame   0x00000154       0x7c build/usart.o
 .debug_frame   0x000001d0       0x5c build/usb.o
 .debug_frame   0x0000022c       0xd4 build/stm32f1xx_it.o
 .debug_frame   0x00000300       0x28 build/stm32f1xx_hal_msp.o
 .debug_frame   0x00000328       0x54 build/stm32f1xx_hal_timebase_tim.o
 .debug_frame   0x0000037c      0xb08 build/stm32f1xx_hal_tim.o
 .debug_frame   0x00000e84      0x418 build/stm32f1xx_hal_tim_ex.o
 .debug_frame   0x0000129c      0x1cc build/stm32f1xx_hal.o
 .debug_frame   0x00001468      0x184 build/stm32f1xx_hal_rcc.o
 .debug_frame   0x000015ec       0x5c build/stm32f1xx_hal_rcc_ex.o
 .debug_frame   0x00001648       0xe4 build/stm32f1xx_hal_gpio.o
 .debug_frame   0x0000172c      0x19c build/stm32f1xx_hal_cortex.o
 .debug_frame   0x000018c8      0x5dc build/stm32f1xx_hal_uart.o
 .debug_frame   0x00001ea4       0x30 build/system_stm32f1xx.o
 .debug_frame   0x00001ed4       0x28 build/sysmem.o
 .debug_frame   0x00001efc      0x190 build/syscalls.o
 .debug_frame   0x0000208c      0x438 build/usbd_core.o
 .debug_frame   0x000024c4      0x184 build/usb_dc_fsdev.o
 .debug_frame   0x00002648       0x70 build/usb_glue_st.o
 .debug_frame   0x000026b8      0x10c build/hid_user.o
 .debug_frame   0x000027c4       0x34 build/KEY.o

Cross Reference Table

Symbol                                            File
ADC1_2_IRQHandler                                 build/startup_stm32f103xe.o
ADC3_IRQHandler                                   build/startup_stm32f103xe.o
AHBPrescTable                                     build/system_stm32f1xx.o
                                                  build/stm32f1xx_hal_rcc.o
APBPrescTable                                     build/system_stm32f1xx.o
                                                  build/stm32f1xx_hal_rcc.o
BusFault_Handler                                  build/stm32f1xx_it.o
CAN1_RX1_IRQHandler                               build/startup_stm32f103xe.o
CAN1_SCE_IRQHandler                               build/startup_stm32f103xe.o
DMA1_Channel1_IRQHandler                          build/startup_stm32f103xe.o
DMA1_Channel2_IRQHandler                          build/startup_stm32f103xe.o
DMA1_Channel3_IRQHandler                          build/startup_stm32f103xe.o
DMA1_Channel4_IRQHandler                          build/startup_stm32f103xe.o
DMA1_Channel5_IRQHandler                          build/startup_stm32f103xe.o
DMA1_Channel6_IRQHandler                          build/startup_stm32f103xe.o
DMA1_Channel7_IRQHandler                          build/startup_stm32f103xe.o
DMA2_Channel1_IRQHandler                          build/startup_stm32f103xe.o
DMA2_Channel2_IRQHandler                          build/startup_stm32f103xe.o
DMA2_Channel3_IRQHandler                          build/startup_stm32f103xe.o
DMA2_Channel4_5_IRQHandler                        build/startup_stm32f103xe.o
DebugMon_Handler                                  build/stm32f1xx_it.o
Default_Handler                                   build/startup_stm32f103xe.o
EXTI0_IRQHandler                                  build/startup_stm32f103xe.o
EXTI15_10_IRQHandler                              build/startup_stm32f103xe.o
EXTI1_IRQHandler                                  build/startup_stm32f103xe.o
EXTI2_IRQHandler                                  build/startup_stm32f103xe.o
EXTI3_IRQHandler                                  build/startup_stm32f103xe.o
EXTI4_IRQHandler                                  build/startup_stm32f103xe.o
EXTI9_5_IRQHandler                                build/startup_stm32f103xe.o
Error_Handler                                     build/main.o
                                                  build/usb.o
                                                  build/usart.o
                                                  build/tim.o
FLASH_IRQHandler                                  build/startup_stm32f103xe.o
FLASH_PageErase                                   build/stm32f1xx_hal_flash_ex.o
                                                  build/stm32f1xx_hal_flash.o
FLASH_WaitForLastOperation                        build/stm32f1xx_hal_flash.o
                                                  build/stm32f1xx_hal_flash_ex.o
FSMC_IRQHandler                                   build/startup_stm32f103xe.o
HAL_DBGMCU_DisableDBGSleepMode                    build/stm32f1xx_hal.o
HAL_DBGMCU_DisableDBGStandbyMode                  build/stm32f1xx_hal.o
HAL_DBGMCU_DisableDBGStopMode                     build/stm32f1xx_hal.o
HAL_DBGMCU_EnableDBGSleepMode                     build/stm32f1xx_hal.o
HAL_DBGMCU_EnableDBGStandbyMode                   build/stm32f1xx_hal.o
HAL_DBGMCU_EnableDBGStopMode                      build/stm32f1xx_hal.o
HAL_DMA_Abort                                     build/stm32f1xx_hal_dma.o
                                                  build/stm32f1xx_hal_uart.o
HAL_DMA_Abort_IT                                  build/stm32f1xx_hal_dma.o
                                                  build/stm32f1xx_hal_uart.o
                                                  build/stm32f1xx_hal_tim_ex.o
                                                  build/stm32f1xx_hal_tim.o
HAL_DMA_DeInit                                    build/stm32f1xx_hal_dma.o
HAL_DMA_GetError                                  build/stm32f1xx_hal_dma.o
                                                  build/stm32f1xx_hal_uart.o
HAL_DMA_GetState                                  build/stm32f1xx_hal_dma.o
HAL_DMA_IRQHandler                                build/stm32f1xx_hal_dma.o
HAL_DMA_Init                                      build/stm32f1xx_hal_dma.o
HAL_DMA_PollForTransfer                           build/stm32f1xx_hal_dma.o
HAL_DMA_RegisterCallback                          build/stm32f1xx_hal_dma.o
HAL_DMA_Start                                     build/stm32f1xx_hal_dma.o
HAL_DMA_Start_IT                                  build/stm32f1xx_hal_dma.o
                                                  build/stm32f1xx_hal_uart.o
                                                  build/stm32f1xx_hal_tim_ex.o
                                                  build/stm32f1xx_hal_tim.o
HAL_DMA_UnRegisterCallback                        build/stm32f1xx_hal_dma.o
HAL_DeInit                                        build/stm32f1xx_hal.o
HAL_Delay                                         build/stm32f1xx_hal.o
                                                  build/main.o
HAL_EXTI_ClearConfigLine                          build/stm32f1xx_hal_exti.o
HAL_EXTI_ClearPending                             build/stm32f1xx_hal_exti.o
HAL_EXTI_GenerateSWI                              build/stm32f1xx_hal_exti.o
HAL_EXTI_GetConfigLine                            build/stm32f1xx_hal_exti.o
HAL_EXTI_GetHandle                                build/stm32f1xx_hal_exti.o
HAL_EXTI_GetPending                               build/stm32f1xx_hal_exti.o
HAL_EXTI_IRQHandler                               build/stm32f1xx_hal_exti.o
HAL_EXTI_RegisterCallback                         build/stm32f1xx_hal_exti.o
HAL_EXTI_SetConfigLine                            build/stm32f1xx_hal_exti.o
HAL_FLASHEx_Erase                                 build/stm32f1xx_hal_flash_ex.o
HAL_FLASHEx_Erase_IT                              build/stm32f1xx_hal_flash_ex.o
HAL_FLASHEx_OBErase                               build/stm32f1xx_hal_flash_ex.o
HAL_FLASHEx_OBGetConfig                           build/stm32f1xx_hal_flash_ex.o
HAL_FLASHEx_OBGetUserData                         build/stm32f1xx_hal_flash_ex.o
HAL_FLASHEx_OBProgram                             build/stm32f1xx_hal_flash_ex.o
HAL_FLASH_EndOfOperationCallback                  build/stm32f1xx_hal_flash.o
HAL_FLASH_GetError                                build/stm32f1xx_hal_flash.o
HAL_FLASH_IRQHandler                              build/stm32f1xx_hal_flash.o
HAL_FLASH_Lock                                    build/stm32f1xx_hal_flash.o
HAL_FLASH_OB_Launch                               build/stm32f1xx_hal_flash.o
HAL_FLASH_OB_Lock                                 build/stm32f1xx_hal_flash.o
HAL_FLASH_OB_Unlock                               build/stm32f1xx_hal_flash.o
HAL_FLASH_OperationErrorCallback                  build/stm32f1xx_hal_flash.o
HAL_FLASH_Program                                 build/stm32f1xx_hal_flash.o
HAL_FLASH_Program_IT                              build/stm32f1xx_hal_flash.o
HAL_FLASH_Unlock                                  build/stm32f1xx_hal_flash.o
HAL_GPIOEx_ConfigEventout                         build/stm32f1xx_hal_gpio_ex.o
HAL_GPIOEx_DisableEventout                        build/stm32f1xx_hal_gpio_ex.o
HAL_GPIOEx_EnableEventout                         build/stm32f1xx_hal_gpio_ex.o
HAL_GPIO_DeInit                                   build/stm32f1xx_hal_gpio.o
                                                  build/usart.o
HAL_GPIO_EXTI_Callback                            build/stm32f1xx_hal_gpio.o
HAL_GPIO_EXTI_IRQHandler                          build/stm32f1xx_hal_gpio.o
HAL_GPIO_Init                                     build/stm32f1xx_hal_gpio.o
                                                  build/stm32f1xx_hal_rcc.o
                                                  build/usart.o
                                                  build/gpio.o
                                                  build/main.o
HAL_GPIO_LockPin                                  build/stm32f1xx_hal_gpio.o
HAL_GPIO_ReadPin                                  build/stm32f1xx_hal_gpio.o
                                                  build/stm32f1xx_it.o
HAL_GPIO_TogglePin                                build/stm32f1xx_hal_gpio.o
HAL_GPIO_WritePin                                 build/stm32f1xx_hal_gpio.o
                                                  build/gpio.o
                                                  build/main.o
HAL_GetDEVID                                      build/stm32f1xx_hal.o
HAL_GetHalVersion                                 build/stm32f1xx_hal.o
HAL_GetREVID                                      build/stm32f1xx_hal.o
HAL_GetTick                                       build/stm32f1xx_hal.o
                                                  build/stm32f1xx_hal_uart.o
                                                  build/stm32f1xx_hal_flash.o
                                                  build/stm32f1xx_hal_dma.o
                                                  build/stm32f1xx_hal_rcc_ex.o
                                                  build/stm32f1xx_hal_rcc.o
HAL_GetTickFreq                                   build/stm32f1xx_hal.o
HAL_GetTickPrio                                   build/stm32f1xx_hal.o
HAL_GetUIDw0                                      build/stm32f1xx_hal.o
HAL_GetUIDw1                                      build/stm32f1xx_hal.o
HAL_GetUIDw2                                      build/stm32f1xx_hal.o
HAL_HalfDuplex_EnableReceiver                     build/stm32f1xx_hal_uart.o
HAL_HalfDuplex_EnableTransmitter                  build/stm32f1xx_hal_uart.o
HAL_HalfDuplex_Init                               build/stm32f1xx_hal_uart.o
HAL_IncTick                                       build/stm32f1xx_hal.o
                                                  build/main.o
HAL_Init                                          build/stm32f1xx_hal.o
                                                  build/main.o
HAL_InitTick                                      build/stm32f1xx_hal_timebase_tim.o
                                                  build/stm32f1xx_hal_rcc.o
HAL_LIN_Init                                      build/stm32f1xx_hal_uart.o
HAL_LIN_SendBreak                                 build/stm32f1xx_hal_uart.o
HAL_MspDeInit                                     build/stm32f1xx_hal.o
HAL_MspInit                                       build/stm32f1xx_hal_msp.o
HAL_MultiProcessor_EnterMuteMode                  build/stm32f1xx_hal_uart.o
HAL_MultiProcessor_ExitMuteMode                   build/stm32f1xx_hal_uart.o
HAL_MultiProcessor_Init                           build/stm32f1xx_hal_uart.o
HAL_NVIC_ClearPendingIRQ                          build/stm32f1xx_hal_cortex.o
HAL_NVIC_DisableIRQ                               build/stm32f1xx_hal_cortex.o
                                                  build/usb.o
                                                  build/tim.o
HAL_NVIC_EnableIRQ                                build/stm32f1xx_hal_cortex.o
                                                  build/stm32f1xx_hal_timebase_tim.o
                                                  build/usb.o
                                                  build/tim.o
HAL_NVIC_GetActive                                build/stm32f1xx_hal_cortex.o
HAL_NVIC_GetPendingIRQ                            build/stm32f1xx_hal_cortex.o
HAL_NVIC_GetPriority                              build/stm32f1xx_hal_cortex.o
HAL_NVIC_GetPriorityGrouping                      build/stm32f1xx_hal_cortex.o
HAL_NVIC_SetPendingIRQ                            build/stm32f1xx_hal_cortex.o
HAL_NVIC_SetPriority                              build/stm32f1xx_hal_cortex.o
                                                  build/stm32f1xx_hal.o
                                                  build/stm32f1xx_hal_timebase_tim.o
                                                  build/usb.o
                                                  build/tim.o
HAL_NVIC_SetPriorityGrouping                      build/stm32f1xx_hal_cortex.o
                                                  build/stm32f1xx_hal.o
HAL_NVIC_SystemReset                              build/stm32f1xx_hal_cortex.o
                                                  build/stm32f1xx_hal_flash.o
HAL_PCDEx_BCD_Callback                            build/stm32f1xx_hal_pcd_ex.o
HAL_PCDEx_LPM_Callback                            build/stm32f1xx_hal_pcd_ex.o
HAL_PCDEx_PMAConfig                               build/stm32f1xx_hal_pcd_ex.o
HAL_PCDEx_SetConnectionState                      build/stm32f1xx_hal_pcd_ex.o
                                                  build/stm32f1xx_hal_pcd.o
HAL_PCD_ActivateRemoteWakeup                      build/stm32f1xx_hal_pcd.o
HAL_PCD_ConnectCallback                           build/stm32f1xx_hal_pcd.o
HAL_PCD_DataInStageCallback                       build/stm32f1xx_hal_pcd.o
HAL_PCD_DataOutStageCallback                      build/stm32f1xx_hal_pcd.o
HAL_PCD_DeActivateRemoteWakeup                    build/stm32f1xx_hal_pcd.o
HAL_PCD_DeInit                                    build/stm32f1xx_hal_pcd.o
HAL_PCD_DevConnect                                build/stm32f1xx_hal_pcd.o
HAL_PCD_DevDisconnect                             build/stm32f1xx_hal_pcd.o
HAL_PCD_DisconnectCallback                        build/stm32f1xx_hal_pcd.o
HAL_PCD_EP_Abort                                  build/stm32f1xx_hal_pcd.o
HAL_PCD_EP_Close                                  build/stm32f1xx_hal_pcd.o
HAL_PCD_EP_ClrStall                               build/stm32f1xx_hal_pcd.o
HAL_PCD_EP_Flush                                  build/stm32f1xx_hal_pcd.o
HAL_PCD_EP_GetRxCount                             build/stm32f1xx_hal_pcd.o