Component: ARM Compiler 5.06 update 6 (build 750) Tool: armlink [4d35ed]

==============================================================================

Section Cross References

    startup_stm32f103xe.o(RESET) refers to startup_stm32f103xe.o(STACK) for __initial_sp
    startup_stm32f103xe.o(RESET) refers to startup_stm32f103xe.o(.text) for Reset_Handler
    startup_stm32f103xe.o(RESET) refers to stm32f1xx_it.o(i.NMI_Handler) for NMI_Handler
    startup_stm32f103xe.o(RESET) refers to stm32f1xx_it.o(i.HardFault_Handler) for HardFault_Handler
    startup_stm32f103xe.o(RESET) refers to stm32f1xx_it.o(i.MemManage_Handler) for MemManage_Handler
    startup_stm32f103xe.o(RESET) refers to stm32f1xx_it.o(i.BusFault_Handler) for BusFault_Handler
    startup_stm32f103xe.o(RESET) refers to stm32f1xx_it.o(i.UsageFault_Handler) for UsageFault_Handler
    startup_stm32f103xe.o(RESET) refers to stm32f1xx_it.o(i.SVC_Handler) for SVC_Handler
    startup_stm32f103xe.o(RESET) refers to stm32f1xx_it.o(i.DebugMon_Handler) for DebugMon_Handler
    startup_stm32f103xe.o(RESET) refers to stm32f1xx_it.o(i.PendSV_Handler) for PendSV_Handler
    startup_stm32f103xe.o(RESET) refers to stm32f1xx_it.o(i.SysTick_Handler) for SysTick_Handler
    startup_stm32f103xe.o(RESET) refers to usb_glue_st.o(i.USB_LP_CAN1_RX0_IRQHandler) for USB_LP_CAN1_RX0_IRQHandler
    startup_stm32f103xe.o(RESET) refers to stm32f1xx_it.o(i.TIM6_IRQHandler) for TIM6_IRQHandler
    startup_stm32f103xe.o(RESET) refers to stm32f1xx_it.o(i.TIM7_IRQHandler) for TIM7_IRQHandler
    startup_stm32f103xe.o(.text) refers to system_stm32f1xx.o(i.SystemInit) for SystemInit
    startup_stm32f103xe.o(.text) refers to entry.o(.ARM.Collect$$$$00000000) for __main
    main.o(i.HAL_TIM_PeriodElapsedCallback) refers to stm32f1xx_hal.o(i.HAL_IncTick) for HAL_IncTick
    main.o(i.SystemClock_Config) refers to memseta.o(.text) for __aeabi_memclr4
    main.o(i.SystemClock_Config) refers to stm32f1xx_hal_rcc.o(i.HAL_RCC_OscConfig) for HAL_RCC_OscConfig
    main.o(i.SystemClock_Config) refers to stm32f1xx_hal_rcc.o(i.HAL_RCC_ClockConfig) for HAL_RCC_ClockConfig
    main.o(i.SystemClock_Config) refers to stm32f1xx_hal_rcc_ex.o(i.HAL_RCCEx_PeriphCLKConfig) for HAL_RCCEx_PeriphCLKConfig
    main.o(i.fputc) refers to stm32f1xx_hal_uart.o(i.HAL_UART_Transmit) for HAL_UART_Transmit
    main.o(i.fputc) refers to usart.o(.bss) for huart1
    main.o(i.ka_h) refers to main.o(.data) for .data
    main.o(i.ka_l) refers to main.o(.data) for .data
    main.o(i.main) refers to stm32f1xx_hal.o(i.HAL_Init) for HAL_Init
    main.o(i.main) refers to main.o(i.SystemClock_Config) for SystemClock_Config
    main.o(i.main) refers to gpio.o(i.MX_GPIO_Init) for MX_GPIO_Init
    main.o(i.main) refers to usart.o(i.MX_USART1_UART_Init) for MX_USART1_UART_Init
    main.o(i.main) refers to tim.o(i.MX_TIM7_Init) for MX_TIM7_Init
    main.o(i.main) refers to main.o(i.usbd_port_config) for usbd_port_config
    main.o(i.main) refers to stm32f1xx_hal.o(i.HAL_Delay) for HAL_Delay
    main.o(i.main) refers to hid_user.o(i.hid_keyboard_init) for hid_keyboard_init
    main.o(i.main) refers to stm32f1xx_hal_tim.o(i.HAL_TIM_Base_Start_IT) for HAL_TIM_Base_Start_IT
    main.o(i.main) refers to tim.o(.bss) for htim7
    main.o(i.main) refers to hid_user.o(.data) for out_flag
    main.o(i.usbd_port_config) refers to stm32f1xx_hal_gpio.o(i.HAL_GPIO_Init) for HAL_GPIO_Init
    main.o(i.usbd_port_config) refers to stm32f1xx_hal_gpio.o(i.HAL_GPIO_WritePin) for HAL_GPIO_WritePin
    main.o(.data) refers to main.o(.data) for k_value
    main.o(.data) refers to main.o(.bss) for k_buf
    main.o(.data) refers to main.o(.data) for k_now_state
    main.o(.data) refers to main.o(.data) for k_old_state
    main.o(.data) refers to main.o(i.ka_h) for ka_h
    main.o(.data) refers to main.o(i.ka_l) for ka_l
    gpio.o(i.MX_GPIO_Init) refers to stm32f1xx_hal_gpio.o(i.HAL_GPIO_WritePin) for HAL_GPIO_WritePin
    gpio.o(i.MX_GPIO_Init) refers to stm32f1xx_hal_gpio.o(i.HAL_GPIO_Init) for HAL_GPIO_Init
    tim.o(i.HAL_TIM_Base_MspDeInit) refers to stm32f1xx_hal_cortex.o(i.HAL_NVIC_DisableIRQ) for HAL_NVIC_DisableIRQ
    tim.o(i.HAL_TIM_Base_MspInit) refers to stm32f1xx_hal_cortex.o(i.HAL_NVIC_SetPriority) for HAL_NVIC_SetPriority
    tim.o(i.HAL_TIM_Base_MspInit) refers to stm32f1xx_hal_cortex.o(i.HAL_NVIC_EnableIRQ) for HAL_NVIC_EnableIRQ
    tim.o(i.MX_TIM7_Init) refers to stm32f1xx_hal_tim.o(i.HAL_TIM_Base_Init) for HAL_TIM_Base_Init
    tim.o(i.MX_TIM7_Init) refers to main.o(i.Error_Handler) for Error_Handler
    tim.o(i.MX_TIM7_Init) refers to stm32f1xx_hal_tim_ex.o(i.HAL_TIMEx_MasterConfigSynchronization) for HAL_TIMEx_MasterConfigSynchronization
    tim.o(i.MX_TIM7_Init) refers to tim.o(.bss) for .bss
    usart.o(i.HAL_UART_MspDeInit) refers to stm32f1xx_hal_gpio.o(i.HAL_GPIO_DeInit) for HAL_GPIO_DeInit
    usart.o(i.HAL_UART_MspInit) refers to stm32f1xx_hal_gpio.o(i.HAL_GPIO_Init) for HAL_GPIO_Init
[...]
    Removing stm32f1xx_hal_uart.o(i.UART_DMATxHalfCplt), (10 bytes).
    Removing stm32f1xx_hal_uart.o(i.UART_DMATxOnlyAbortCallback), (20 bytes).
    Removing stm32f1xx_hal_uart.o(i.UART_EndTxTransfer), (28 bytes).
    Removing stm32f1xx_hal_uart.o(i.UART_Receive_IT), (194 bytes).
    Removing stm32f1xx_hal_uart.o(i.UART_Start_Receive_DMA), (144 bytes).
    Removing stm32f1xx_hal_uart.o(i.UART_Start_Receive_IT), (54 bytes).
    Removing stm32f1xx_hal_pcd.o(.rev16_text), (4 bytes).
    Removing stm32f1xx_hal_pcd.o(.revsh_text), (4 bytes).
    Removing stm32f1xx_hal_pcd.o(.rrx_text), (6 bytes).
    Removing stm32f1xx_hal_pcd.o(i.HAL_PCD_ActivateRemoteWakeup), (6 bytes).
    Removing stm32f1xx_hal_pcd.o(i.HAL_PCD_ConnectCallback), (2 bytes).
    Removing stm32f1xx_hal_pcd.o(i.HAL_PCD_DataInStageCallback), (2 bytes).
    Removing stm32f1xx_hal_pcd.o(i.HAL_PCD_DataOutStageCallback), (2 bytes).
    Removing stm32f1xx_hal_pcd.o(i.HAL_PCD_DeActivateRemoteWakeup), (6 bytes).
    Removing stm32f1xx_hal_pcd.o(i.HAL_PCD_DeInit), (38 bytes).
    Removing stm32f1xx_hal_pcd.o(i.HAL_PCD_DevConnect), (44 bytes).
    Removing stm32f1xx_hal_pcd.o(i.HAL_PCD_DevDisconnect), (44 bytes).
    Removing stm32f1xx_hal_pcd.o(i.HAL_PCD_DisconnectCallback), (2 bytes).
    Removing stm32f1xx_hal_pcd.o(i.HAL_PCD_EP_Abort), (30 bytes).
    Removing stm32f1xx_hal_pcd.o(i.HAL_PCD_EP_Close), (74 bytes).
    Removing stm32f1xx_hal_pcd.o(i.HAL_PCD_EP_ClrStall), (90 bytes).
    Removing stm32f1xx_hal_pcd.o(i.HAL_PCD_EP_DB_Receive), (230 bytes).
    Removing stm32f1xx_hal_pcd.o(i.HAL_PCD_EP_DB_Transmit), (824 bytes).
    Removing stm32f1xx_hal_pcd.o(i.HAL_PCD_EP_Flush), (52 bytes).
    Removing stm32f1xx_hal_pcd.o(i.HAL_PCD_EP_GetRxCount), (18 bytes).
    Removing stm32f1xx_hal_pcd.o(i.HAL_PCD_EP_Open), (88 bytes).
    Removing stm32f1xx_hal_pcd.o(i.HAL_PCD_EP_Receive), (46 bytes).
    Removing stm32f1xx_hal_pcd.o(i.HAL_PCD_EP_SetStall), (112 bytes).
    Removing stm32f1xx_hal_pcd.o(i.HAL_PCD_EP_Transmit), (46 bytes).
    Removing stm32f1xx_hal_pcd.o(i.HAL_PCD_GetState), (6 bytes).
    Removing stm32f1xx_hal_pcd.o(i.HAL_PCD_IRQHandler), (308 bytes).
    Removing stm32f1xx_hal_pcd.o(i.HAL_PCD_ISOINIncompleteCallback), (2 bytes).
    Removing stm32f1xx_hal_pcd.o(i.HAL_PCD_ISOOUTIncompleteCallback), (2 bytes).
    Removing stm32f1xx_hal_pcd.o(i.HAL_PCD_Init), (186 bytes).
    Removing stm32f1xx_hal_pcd.o(i.HAL_PCD_MspDeInit), (2 bytes).
    Removing stm32f1xx_hal_pcd.o(i.HAL_PCD_MspInit), (2 bytes).
    Removing stm32f1xx_hal_pcd.o(i.HAL_PCD_ResetCallback), (2 bytes).
    Removing stm32f1xx_hal_pcd.o(i.HAL_PCD_ResumeCallback), (2 bytes).
    Removing stm32f1xx_hal_pcd.o(i.HAL_PCD_SOFCallback), (2 bytes).
    Removing stm32f1xx_hal_pcd.o(i.HAL_PCD_SetAddress), (38 bytes).
    Removing stm32f1xx_hal_pcd.o(i.HAL_PCD_SetupStageCallback), (2 bytes).
    Removing stm32f1xx_hal_pcd.o(i.HAL_PCD_Start), (50 bytes).
    Removing stm32f1xx_hal_pcd.o(i.HAL_PCD_Stop), (50 bytes).
    Removing stm32f1xx_hal_pcd.o(i.HAL_PCD_SuspendCallback), (2 bytes).
    Removing stm32f1xx_hal_pcd.o(i.HAL_PCD_WKUP_IRQHandler), (16 bytes).
    Removing stm32f1xx_hal_pcd.o(i.PCD_EP_ISR_Handler), (934 bytes).
    Removing stm32f1xx_hal_pcd_ex.o(.rev16_text), (4 bytes).
    Removing stm32f1xx_hal_pcd_ex.o(.revsh_text), (4 bytes).
    Removing stm32f1xx_hal_pcd_ex.o(.rrx_text), (6 bytes).
    Removing stm32f1xx_hal_pcd_ex.o(i.HAL_PCDEx_BCD_Callback), (2 bytes).
    Removing stm32f1xx_hal_pcd_ex.o(i.HAL_PCDEx_LPM_Callback), (2 bytes).
    Removing stm32f1xx_hal_pcd_ex.o(i.HAL_PCDEx_PMAConfig), (60 bytes).
    Removing stm32f1xx_hal_pcd_ex.o(i.HAL_PCDEx_SetConnectionState), (2 bytes).
    Removing stm32f1xx_ll_usb.o(.rev16_text), (4 bytes).
    Removing stm32f1xx_ll_usb.o(.revsh_text), (4 bytes).
    Removing stm32f1xx_ll_usb.o(.rrx_text), (6 bytes).
    Removing stm32f1xx_ll_usb.o(i.USB_ActivateEndpoint), (668 bytes).
    Removing stm32f1xx_ll_usb.o(i.USB_ActivateRemoteWakeup), (14 bytes).
    Removing stm32f1xx_ll_usb.o(i.USB_ClearInterrupts), (2 bytes).
    Removing stm32f1xx_ll_usb.o(i.USB_CoreInit), (4 bytes).
    Removing stm32f1xx_ll_usb.o(i.USB_DeActivateRemoteWakeup), (14 bytes).
    Removing stm32f1xx_ll_usb.o(i.USB_DeactivateEndpoint), (270 bytes).
    Removing stm32f1xx_ll_usb.o(i.USB_DevConnect), (4 bytes).
    Removing stm32f1xx_ll_usb.o(i.USB_DevDisconnect), (4 bytes).
    Removing stm32f1xx_ll_usb.o(i.USB_DevInit), (18 bytes).
    Removing stm32f1xx_ll_usb.o(i.USB_DisableGlobalInt), (14 bytes).
    Removing stm32f1xx_ll_usb.o(i.USB_EP0_OutStart), (4 bytes).
    Removing stm32f1xx_ll_usb.o(i.USB_EPClearStall), (120 bytes).
    Removing stm32f1xx_ll_usb.o(i.USB_EPSetStall), (50 bytes).
    Removing stm32f1xx_ll_usb.o(i.USB_EPStartXfer), (1250 bytes).
    Removing stm32f1xx_ll_usb.o(i.USB_EPStopXfer), (86 bytes).
    Removing stm32f1xx_ll_usb.o(i.USB_EnableGlobalInt), (18 bytes).
    Removing stm32f1xx_ll_usb.o(i.USB_FlushRxFifo), (4 bytes).
    Removing stm32f1xx_ll_usb.o(i.USB_FlushTxFifo), (4 bytes).
    Removing stm32f1xx_ll_usb.o(i.USB_ReadDevAllInEpInterrupt), (4 bytes).
    Removing stm32f1xx_ll_usb.o(i.USB_ReadDevAllOutEpInterrupt), (4 bytes).
    Removing stm32f1xx_ll_usb.o(i.USB_ReadDevInEPInterrupt), (4 bytes).
    Removing stm32f1xx_ll_usb.o(i.USB_ReadDevOutEPInterrupt), (4 bytes).
    Removing stm32f1xx_ll_usb.o(i.USB_ReadInterrupts), (6 bytes).
    Removing stm32f1xx_ll_usb.o(i.USB_ReadPMA), (44 bytes).
    Removing stm32f1xx_ll_usb.o(i.USB_SetCurrentMode), (4 bytes).
    Removing stm32f1xx_ll_usb.o(i.USB_SetDevAddress), (12 bytes).
    Removing stm32f1xx_ll_usb.o(i.USB_StopDevice), (18 bytes).
    Removing stm32f1xx_ll_usb.o(i.USB_WritePMA), (38 bytes).
    Removing system_stm32f1xx.o(.rev16_text), (4 bytes).
    Removing system_stm32f1xx.o(.revsh_text), (4 bytes).
    Removing system_stm32f1xx.o(.rrx_text), (6 bytes).
    Removing system_stm32f1xx.o(i.SystemCoreClockUpdate), (104 bytes).
    Removing usbd_hid.o(i.hid_class_interface_request_handler), (132 bytes).
    Removing usbd_hid.o(i.usbd_hid_get_idle), (4 bytes).
    Removing usbd_hid.o(i.usbd_hid_get_protocol), (4 bytes).
    Removing usbd_hid.o(i.usbd_hid_get_report), (16 bytes).
    Removing usbd_hid.o(i.usbd_hid_init_intf), (28 bytes).
    Removing usbd_hid.o(i.usbd_hid_set_idle), (2 bytes).
    Removing usbd_hid.o(i.usbd_hid_set_protocol), (2 bytes).
    Removing usbd_hid.o(i.usbd_hid_set_report), (2 bytes).
    Removing usbd_core.o(i.usb_device_is_suspend), (20 bytes).
    Removing usbd_core.o(i.usbd_add_interface), (44 bytes).
    Removing usbd_core.o(i.usbd_deinitialize), (48 bytes).
    Removing usbd_core.o(i.usbd_event_connect_handler), (24 bytes).
    Removing usbd_core.o(i.usbd_event_disconnect_handler), (28 bytes).
    Removing usbd_core.o(i.usbd_event_resume_handler), (28 bytes).
    Removing usbd_core.o(i.usbd_event_sof_handler), (24 bytes).
    Removing usbd_core.o(i.usbd_event_suspend_handler), (40 bytes).
    Removing usbd_core.o(i.usbd_get_ep0_next_state), (20 bytes).
    Removing usbd_core.o(i.usbd_get_ep_mps), (44 bytes).
    Removing usbd_core.o(i.usbd_get_ep_mult), (44 bytes).
    Removing usbd_core.o(i.usbd_send_remote_wakeup), (260 bytes).
    Removing hid_user.o(i.dword2array), (16 bytes).
    Removing hid_user.o(i.hid_keyboard_test), (76 bytes).
    Removing hid_user.o(i.usb_memcpy), (210 bytes).
    Removing hid_user.o(.bss), (28 bytes).
    Removing hid_user.o(.bss), (28 bytes).
    Removing hid_user.o(.bss), (28 bytes).
    Removing hid_user.o(.bss), (28 bytes).
    Removing usb_dc_fsdev.o(i.usb_dc_deinit), (40 bytes).
    Removing usb_dc_fsdev.o(i.usb_dc_low_level_deinit), (2 bytes).
    Removing usb_dc_fsdev.o(i.usb_dc_low_level_init), (2 bytes).
    Removing usb_dc_fsdev.o(i.usbd_set_remote_wakeup), (6 bytes).
    Removing usb_glue_st.o(.rev16_text), (4 bytes).
    Removing usb_glue_st.o(.revsh_text), (4 bytes).
    Removing usb_glue_st.o(.rrx_text), (6 bytes).
    Removing usb_glue_st.o(i.USB_IRQHandler), (6 bytes).
    Removing usb_glue_st.o(i.usb_dc_low_level_deinit), (28 bytes).
    Removing dadd.o(.text), (334 bytes).
    Removing dmul.o(.text), (228 bytes).
    Removing ddiv.o(.text), (222 bytes).
    Removing dfixul.o(.text), (48 bytes).
    Removing cdrcmple.o(.text), (48 bytes).
    Removing depilogue.o(.text), (186 bytes).

520 unused section(s) (total 41328 bytes) removed from the image.

==============================================================================

Image Symbol Table

    Local Symbols

    Symbol Name                              Value     Ov Type        Size  Object(Section)

    ../Core/Src/gpio.c                       0x00000000   Number         0  gpio.o ABSOLUTE
    ../Core/Src/main.c                       0x00000000   Number         0  main.o ABSOLUTE
    ../Core/Src/stm32f1xx_hal_msp.c          0x00000000   Number         0  stm32f1xx_hal_msp.o ABSOLUTE
    ../Core/Src/stm32f1xx_hal_timebase_tim.c 0x00000000   Number         0  stm32f1xx_hal_timebase_tim.o ABSOLUTE
    ../Core/Src/stm32f1xx_it.c               0x00000000   Number         0  stm32f1xx_it.o ABSOLUTE
    ../Core/Src/system_stm32f1xx.c           0x00000000   Number         0  system_stm32f1xx.o ABSOLUTE
    ../Core/Src/tim.c                        0x00000000   Number         0  tim.o ABSOLUTE
    ../Core/Src/usart.c                      0x00000000   Number         0  usart.o ABSOLUTE
    ../Core/Src/usb.c                        0x00000000   Number         0  usb.o ABSOLUTE
    ../Drivers/STM32F1xx_HAL_Driver/Src/stm32f1xx_hal.c 0x00000000   Number         0  stm32f1xx_hal.o ABSOLUTE
    ../Drivers/STM32F1xx_HAL_Driver/Src/stm32f1xx_hal_cortex.c 0x00000000   Number         0  stm32f1xx_hal_cortex.o ABSOLUTE
    ../Drivers/STM32F1xx_HAL_Driver/Src/stm32f1xx_hal_dma.c 0x00000000   Number         0  stm32f1xx_hal_dma.o ABSOLUTE
    ../Drivers/STM32F1xx_HAL_Driver/Src/stm32f1xx_hal_exti.c 0x00000000   Number         0  stm32f1xx_hal_exti.o ABSOLUTE
    ../Drivers/STM32F1xx_HAL_Driver/Src/stm32f1xx_hal_flash.c 0x00000000   Number         0  stm32f1xx_hal_flash.o ABSOLUTE
    ../Drivers/STM32F1xx_HAL_Driver/Src/stm32f1xx_hal_flash_ex.c 0x00000000   Number         0  stm32f1xx_hal_flash_ex.o ABSOLUTE
    ../Drivers/STM32F1xx_HAL_Driver/Src/stm32f1xx_hal_gpio.c 0x00000000   Number         0  stm32f1xx_hal_gpio.o ABSOLUTE
    ../Drivers/STM32F1xx_HAL_Driver/Src/stm32f1xx_hal_gpio_ex.c 0x00000000   Number         0  stm32f1xx_hal_gpio_ex.o ABSOLUTE
    ../Drivers/STM32F1xx_HAL_Driver/Src/stm32f1xx_hal_pcd.c 0x00000000   Number         0  stm32f1xx_hal_pcd.o ABSOLUTE
    ../Drivers/STM32F1xx_HAL_Driver/Src/stm32f1xx_hal_pcd_ex.c 0x00000000   Number         0  stm32f1xx_hal_pcd_ex.o ABSOLUTE
    ../Drivers/STM32F1xx_HAL_Driver/Src/stm32f1xx_hal_pwr.c 0x00000000   Number         0  stm32f1xx_hal_pwr.o ABSOLUTE
    ../Drivers/STM32F1xx_HAL_Driver/Src/stm32f1xx_hal_rcc.c 0x00000000   Number         0  stm32f1xx_hal_rcc.o ABSOLUTE
    ../Drivers/STM32F1xx_HAL_Driver/Src/stm32f1xx_hal_rcc_ex.c 0x00000000   Number         0  stm32f1xx_hal_rcc_ex.o ABSOLUTE
    ../Drivers/STM32F1xx_HAL_Driver/Src/stm32f1xx_hal_tim.c 0x00000000   Number         0  stm32f1xx_hal_tim.o ABSOLUTE
    ../Drivers/STM32F1xx_HAL_Driver/Src/stm32f1xx_hal_tim_ex.c 0x00000000   Number         0  stm32f1xx_hal_tim_ex.o ABSOLUTE
    ../Drivers/STM32F1xx_HAL_Driver/Src/stm32f1xx_hal_uart.c 0x00000000   Number         0  stm32f1xx_hal_uart.o ABSOLUTE
    ../Drivers/STM32F1xx_HAL_Driver/Src/stm32f1xx_ll_usb.c 0x00000000   Number         0  stm32f1xx_ll_usb.o ABSOLUTE
    ../clib/../cmprslib/zerorunl2.c          0x00000000   Number         0  __dczerorl2.o ABSOLUTE
    ../clib/microlib/division.c              0x00000000   Number         0  uldiv.o ABSOLUTE
    ../clib/microlib/division.c              0x00000000   Number         0  uidiv.o ABSOLUTE
    ../clib/microlib/init/entry.s            0x00000000   Number         0  entry8b.o ABSOLUTE
    ../clib/microlib/init/entry.s            0x00000000   Number         0  entry5.o ABSOLUTE
    ../clib/microlib/init/entry.s            0x00000000   Number         0  entry7a.o ABSOLUTE
    ../clib/microlib/init/entry.s            0x00000000   Number         0  entry9b.o ABSOLUTE
    ../clib/microlib/init/entry.s            0x00000000   Number         0  entry9a.o ABSOLUTE
    ../clib/microlib/init/entry.s            0x00000000   Number         0  entry7b.o ABSOLUTE
    ../clib/microlib/init/entry.s            0x00000000   Number         0  entry10a.o ABSOLUTE
    ../clib/microlib/init/entry.s            0x00000000   Number         0  entry.o ABSOLUTE
    ../clib/microlib/init/entry.s            0x00000000   Number         0  entry8a.o ABSOLUTE
    ../clib/microlib/init/entry.s            0x00000000   Number         0  entry10b.o ABSOLUTE
    ../clib/microlib/init/entry.s            0x00000000   Number         0  entry11a.o ABSOLUTE
    ../clib/microlib/init/entry.s            0x00000000   Number         0  entry11b.o ABSOLUTE
    ../clib/microlib/init/entry.s            0x00000000   Number         0  entry2.o ABSOLUTE
    ../clib/microlib/longlong.c              0x00000000   Number         0  llushr.o ABSOLUTE
    ../clib/microlib/longlong.c              0x00000000   Number         0  llshl.o ABSOLUTE
    ../clib/microlib/longlong.c              0x00000000   Number         0  llsshr.o ABSOLUTE
    ../clib/microlib/printf/printf.c         0x00000000   Number         0  printf2.o ABSOLUTE
    ../clib/microlib/printf/printf.c         0x00000000   Number         0  printf3.o ABSOLUTE
    ../clib/microlib/printf/printf.c         0x00000000   Number         0  printfb.o ABSOLUTE
    ../clib/microlib/printf/printf.c         0x00000000   Number         0  printf4.o ABSOLUTE
    ../clib/microlib/printf/printf.c         0x00000000   Number         0  printf8.o ABSOLUTE
    ../clib/microlib/printf/printf.c         0x00000000   Number         0  printf6.o ABSOLUTE
    ../clib/microlib/printf/printf.c         0x00000000   Number         0  printf5.o ABSOLUTE
    ../clib/microlib/printf/printf.c         0x00000000   Number         0  printf7.o ABSOLUTE
    ../clib/microlib/printf/printf.c         0x00000000   Number         0  printf1.o ABSOLUTE
    ../clib/microlib/printf/printf.c         0x00000000   Number         0  printfa.o ABSOLUTE
    ../clib/microlib/printf/printf.c         0x00000000   Number         0  printf0.o ABSOLUTE
    ../clib/microlib/printf/stubs.s          0x00000000   Number         0  stubs.o ABSOLUTE
    ../clib/microlib/stdio/streams.c         0x00000000   Number         0  stdout.o ABSOLUTE
    ../clib/microlib/string/memset.c         0x00000000   Number         0  memseta.o ABSOLUTE
    ../clib/microlib/string/strlen.c         0x00000000   Number         0  strlen.o ABSOLUTE
    ../clib/microlib/stubs.s                 0x00000000   Number         0  iusefp.o ABSOLUTE
    ../fplib/microlib/fpadd.c                0x00000000   Number         0  dadd.o ABSOLUTE
    ../fplib/microlib/fpdiv.c                0x00000000   Number         0  ddiv.o ABSOLUTE
    ../fplib/microlib/fpepilogue.c           0x00000000   Number         0  depilogue.o ABSOLUTE
    ../fplib/microlib/fpfix.c                0x00000000   Number         0  dfixul.o ABSOLUTE
    ../fplib/microlib/fpmul.c                0x00000000   Number         0  dmul.o ABSOLUTE
    ..\Core\Src\gpio.c                       0x00000000   Number         0  gpio.o ABSOLUTE
    ..\Core\Src\main.c                       0x00000000   Number         0  main.o ABSOLUTE
    ..\Core\Src\stm32f1xx_hal_msp.c          0x00000000   Number         0  stm32f1xx_hal_msp.o ABSOLUTE
    ..\Core\Src\stm32f1xx_hal_timebase_tim.c 0x00000000   Number         0  stm32f1xx_hal_timebase_tim.o ABSOLUTE
    ..\Core\Src\stm32f1xx_it.c               0x00000000   Number         0  stm32f1xx_it.o ABSOLUTE
    ..\Core\Src\system_stm32f1xx.c           0x00000000   Number         0  system_stm32f1xx.o ABSOLUTE
    ..\Core\Src\tim.c                        0x00000000   Number         0  tim.o ABSOLUTE
    ..\Core\Src\usart.c                      0x00000000   Number         0  usart.o ABSOLUTE
    ..\Core\Src\usb.c                        0x00000000   Number         0  usb.o ABSOLUTE
    ..\Drivers\STM32F1xx_HAL_Driver\Src\stm32f1xx_hal.c 0x00000000   Number         0  stm32f1xx_hal.o ABSOLUTE
    ..\Drivers\STM32F1xx_HAL_Driver\Src\stm32f1xx_hal_cortex.c 0x00000000   Number         0  stm32f1xx_hal_cortex.o ABSOLUTE
    ..\Drivers\STM32F1xx_HAL_Driver\Src\stm32f1xx_hal_dma.c 0x00000000   Number         0  stm32f1xx_hal_dma.o ABSOLUTE
    ..\Drivers\STM32F1xx_HAL_Driver\Src\stm32f1xx_hal_exti.c 0x00000000   Number         0  stm32f1xx_hal_exti.o ABSOLUTE
    ..\Drivers\STM32F1xx_HAL_Driver\Src\stm32f1xx_hal_flash.c 0x00000000   Number         0  stm32f1xx_hal_flash.o ABSOLUTE
    ..\Drivers\STM32F1xx_HAL_Driver\Src\stm32f1xx_hal_flash_ex.c 0x00000000   Number         0  stm32f1xx_hal_flash_ex.o ABSOLUTE
    ..\Drivers\STM32F1xx_HAL_Driver\Src\stm32f1xx_hal_gpio.c 0x00000000   Number         0  stm32f1xx_hal_gpio.o ABSOLUTE
    ..\Drivers\STM32F1xx_HAL_Driver\Src\stm32f1xx_hal_gpio_ex.c 0x00000000   Number         0  stm32f1xx_hal_gpio_ex.o ABSOLUTE
    ..\Drivers\STM32F1xx_HAL_Driver\Src\stm32f1xx_hal_pcd.c 0x00000000   Number         0  stm32f1xx_hal_pcd.o ABSOLUTE
    ..\Drivers\STM32F1xx_HAL_Driver\Src\stm32f1xx_hal_pcd_ex.c 0x00000000   Number         0  stm32f1xx_hal_pcd_ex.o ABSOLUTE
    ..\Drivers\STM32F1xx_HAL_Driver\Src\stm32f1xx_hal_pwr.c 0x00000000   Number         0  stm32f1xx_hal_pwr.o ABSOLUTE
    ..\Drivers\STM32F1xx_HAL_Driver\Src\stm32f1xx_hal_rcc.c 0x00000000   Number         0  stm32f1xx_hal_rcc.o ABSOLUTE
    ..\Drivers\STM32F1xx_HAL_Driver\Src\stm32f1xx_hal_rcc_ex.c 0x00000000   Number         0  stm32f1xx_hal_rcc_ex.o ABSOLUTE
    ..\Drivers\STM32F1xx_HAL_Driver\Src\stm32f1xx_hal_tim.c 0x00000000   Number         0  stm32f1xx_hal_tim.o ABSOLUTE
    ..\Drivers\STM32F1xx_HAL_Driver\Src\stm32f1xx_hal_tim_ex.c 0x00000000   Number         0  stm32f1xx_hal_tim_ex.o ABSOLUTE
    ..\Drivers\STM32F1xx_HAL_Driver\Src\stm32f1xx_hal_uart.c 0x00000000   Number         0  stm32f1xx_hal_uart.o ABSOLUTE
    ..\Drivers\STM32F1xx_HAL_Driver\Src\stm32f1xx_ll_usb.c 0x00000000   Number         0  stm32f1xx_ll_usb.o ABSOLUTE
    ..\USER\BSP\KEY.c                        0x00000000   Number         0  key.o ABSOLUTE
    ..\USER\CherryUSB\class\hid\usbd_hid.c   0x00000000   Number         0  usbd_hid.o ABSOLUTE
    ..\USER\CherryUSB\core\usbd_core.c       0x00000000   Number         0  usbd_core.o ABSOLUTE
    ..\USER\CherryUSB\fsdev\hid_user.c       0x00000000   Number         0  hid_user.o ABSOLUTE
    ..\USER\CherryUSB\fsdev\usb_dc_fsdev.c   0x00000000   Number         0  usb_dc_fsdev.o ABSOLUTE
    ..\USER\CherryUSB\fsdev\usb_glue_st.c    0x00000000   Number         0  usb_glue_st.o ABSOLUTE
    ..\\USER\\CherryUSB\\fsdev\\usb_glue_st.c 0x00000000   Number         0  usb_glue_st.o ABSOLUTE
    cdrcmple.s                               0x00000000   Number         0  cdrcmple.o ABSOLUTE
    dc.s                                     0x00000000   Number         0  dc.o ABSOLUTE
    handlers.s                               0x00000000   Number         0  handlers.o ABSOLUTE
    init.s                                   0x00000000   Number         0  init.o ABSOLUTE
    startup_stm32f103xe.s                    0x00000000   Number         0  startup_stm32f103xe.o ABSOLUTE
    RESET                                    0x08000000   Section      304  startup_stm32f103xe.o(RESET)
    .ARM.Collect$$$$00000000                 0x08000130   Section        0  entry.o(.ARM.Collect$$$$00000000)
    .ARM.Collect$$$$00000001                 0x08000130   Section        4  entry2.o(.ARM.Collect$$$$00000001)
    .ARM.Collect$$$$00000004                 0x08000134   Section        4  entry5.o(.ARM.Collect$$$$00000004)
    .ARM.Collect$$$$00000008                 0x08000138   Section        0  entry7b.o(.ARM.Collect$$$$00000008)
    .ARM.Collect$$$$0000000A                 0x08000138   Section        0  entry8b.o(.ARM.Collect$$$$0000000A)
    .ARM.Collect$$$$0000000B                 0x08000138   Section        8  entry9a.o(.ARM.Collect$$$$0000000B)
    .ARM.Collect$$$$0000000D                 0x08000140   Section        0  entry10a.o(.ARM.Collect$$$$0000000D)
    .ARM.Collect$$$$0000000F                 0x08000140   Section        0  entry11a.o(.ARM.Collect$$$$0000000F)
    .ARM.Collect$$$$00002712                 0x08000140   Section        4  entry2.o(.ARM.Collect$$$$00002712)
    __lit__00000000                          0x08000140   Data           4  entry2.o(.ARM.Collect$$$$00002712)
    .text                                    0x08000144   Section       36  startup_stm32f103xe.o(.text)
    .text                                    0x08000168   Section        0  llushr.o(.text)
    .text                                    0x08000188   Section        0  memseta.o(.text)
    .text                                    0x080001ac   Section        0  strlen.o(.text)
    .text                                    0x080001ba   Section        0  uldiv.o(.text)
    .text                                    0x0800021c   Section       36  init.o(.text)
    .text                                    0x08000240   Section        0  llshl.o(.text)
    .text                                    0x0800025e   Section        0  __dczerorl2.o(.text)
    i.BusFault_Handler                       0x080002b4   Section        0  stm32f1xx_it.o(i.BusFault_Handler)
    i.DebugMon_Handler                       0x080002b6   Section        0  stm32f1xx_it.o(i.DebugMon_Handler)
    i.Error_Handler                          0x080002b8   Section        0  main.o(i.Error_Handler)
    i.HAL_Delay                              0x080002bc   Section        0  stm32f1xx_hal.o(i.HAL_Delay)
    i.HAL_GPIO_Init                          0x080002e0   Section        0  stm32f1xx_hal_gpio.o(i.HAL_GPIO_Init)
    i.HAL_GPIO_ReadPin                       0x080004d8   Section        0  stm32f1xx_hal_gpio.o(i.HAL_GPIO_ReadPin)
    i.HAL_GPIO_WritePin                      0x080004e2   Section        0  stm32f1xx_hal_gpio.o(i.HAL_GPIO_WritePin)
    i.HAL_GetTick                            0x080004ec   Section        0  stm32f1xx_hal.o(i.HAL_GetTick)
    i.HAL_IncTick                            0x080004f8   Section        0  stm32f1xx_hal.o(i.HAL_IncTick)
    i.HAL_Init                               0x08000508   Section        0  stm32f1xx_hal.o(i.HAL_Init)
    i.HAL_InitTick                           0x0800052c   Section        0  stm32f1xx_hal_timebase_tim.o(i.HAL_InitTick)
    i.HAL_MspInit                            0x080005c4   Section        0  stm32f1xx_hal_msp.o(i.HAL_MspInit)
    i.HAL_NVIC_EnableIRQ                     0x08000600   Section        0  stm32f1xx_hal_cortex.o(i.HAL_NVIC_EnableIRQ)
    i.HAL_NVIC_SetPriority                   0x0800061c   Section        0  stm32f1xx_hal_cortex.o(i.HAL_NVIC_SetPriority)
    i.HAL_NVIC_SetPriorityGrouping           0x0800065c   Section        0  stm32f1xx_hal_cortex.o(i.HAL_NVIC_SetPriorityGrouping)
    i.HAL_PCD_MspInit                        0x08000680   Section        0  usb.o(i.HAL_PCD_MspInit)
    i.HAL_RCCEx_PeriphCLKConfig              0x080006cc   Section        0  stm32f1xx_hal_rcc_ex.o(i.HAL_RCCEx_PeriphCLKConfig)
    i.HAL_RCC_ClockConfig                    0x080007b8   Section        0  stm32f1xx_hal_rcc.o(i.HAL_RCC_ClockConfig)
    i.HAL_RCC_GetClockConfig                 0x080008e4   Section        0  stm32f1xx_hal_rcc.o(i.HAL_RCC_GetClockConfig)
    i.HAL_RCC_GetPCLK1Freq                   0x08000924   Section        0  stm32f1xx_hal_rcc.o(i.HAL_RCC_GetPCLK1Freq)
    i.HAL_RCC_GetPCLK2Freq                   0x08000944   Section        0  stm32f1xx_hal_rcc.o(i.HAL_RCC_GetPCLK2Freq)
    i.HAL_RCC_GetSysClockFreq                0x08000964   Section        0  stm32f1xx_hal_rcc.o(i.HAL_RCC_GetSysClockFreq)
    i.HAL_RCC_OscConfig                      0x080009b0   Section        0  stm32f1xx_hal_rcc.o(i.HAL_RCC_OscConfig)
    i.HAL_TIMEx_BreakCallback                0x08000cd0   Section        0  stm32f1xx_hal_tim_ex.o(i.HAL_TIMEx_BreakCallback)
    i.HAL_TIMEx_CommutCallback               0x08000cd2   Section        0  stm32f1xx_hal_tim_ex.o(i.HAL_TIMEx_CommutCallback)
    i.HAL_TIMEx_MasterConfigSynchronization  0x08000cd4   Section        0  stm32f1xx_hal_tim_ex.o(i.HAL_TIMEx_MasterConfigSynchronization)
    i.HAL_TIM_Base_Init                      0x08000d50   Section        0  stm32f1xx_hal_tim.o(i.HAL_TIM_Base_Init)
    i.HAL_TIM_Base_MspInit                   0x08000dac   Section        0  tim.o(i.HAL_TIM_Base_MspInit)
    i.HAL_TIM_Base_Start_IT                  0x08000de8   Section        0  stm32f1xx_hal_tim.o(i.HAL_TIM_Base_Start_IT)
    i.HAL_TIM_IC_CaptureCallback             0x08000e54   Section        0  stm32f1xx_hal_tim.o(i.HAL_TIM_IC_CaptureCallback)
    i.HAL_TIM_IRQHandler                     0x08000e56   Section        0  stm32f1xx_hal_tim.o(i.HAL_TIM_IRQHandler)
    i.HAL_TIM_OC_DelayElapsedCallback        0x08000f86   Section        0  stm32f1xx_hal_tim.o(i.HAL_TIM_OC_DelayElapsedCallback)
    i.HAL_TIM_PWM_PulseFinishedCallback      0x08000f88   Section        0  stm32f1xx_hal_tim.o(i.HAL_TIM_PWM_PulseFinishedCallback)
    i.HAL_TIM_PeriodElapsedCallback          0x08000f8c   Section        0  main.o(i.HAL_TIM_PeriodElapsedCallback)
    i.HAL_TIM_TriggerCallback                0x08000fa0   Section        0  stm32f1xx_hal_tim.o(i.HAL_TIM_TriggerCallback)
    i.HAL_UART_Init                          0x08000fa2   Section        0  stm32f1xx_hal_uart.o(i.HAL_UART_Init)
    i.HAL_UART_MspInit                       0x08001008   Section        0  usart.o(i.HAL_UART_MspInit)
    i.HAL_UART_Transmit                      0x08001078   Section        0  stm32f1xx_hal_uart.o(i.HAL_UART_Transmit)
    i.HardFault_Handler                      0x08001118   Section        0  stm32f1xx_it.o(i.HardFault_Handler)
    i.KEY_SCAN                               0x0800111a   Section        0  key.o(i.KEY_SCAN)
    i.MX_GPIO_Init                           0x0800127c   Section        0  gpio.o(i.MX_GPIO_Init)
    i.MX_TIM7_Init                           0x08001334   Section        0  tim.o(i.MX_TIM7_Init)
    i.MX_USART1_UART_Init                    0x0800137c   Section        0  usart.o(i.MX_USART1_UART_Init)
    i.MemManage_Handler                      0x080013b4   Section        0  stm32f1xx_it.o(i.MemManage_Handler)
    i.NMI_Handler                            0x080013b6   Section        0  stm32f1xx_it.o(i.NMI_Handler)
    i.PendSV_Handler                         0x080013b8   Section        0  stm32f1xx_it.o(i.PendSV_Handler)
    i.SVC_Handler                            0x080013ba   Section        0  stm32f1xx_it.o(i.SVC_Handler)
    i.SysTick_Handler                        0x080013bc   Section        0  stm32f1xx_it.o(i.SysTick_Handler)
    i.SystemClock_Config                     0x080013be   Section        0  main.o(i.SystemClock_Config)
    i.SystemInit                             0x08001436   Section        0  system_stm32f1xx.o(i.SystemInit)
    i.TIM6_IRQHandler                        0x08001438   Section        0  stm32f1xx_it.o(i.TIM6_IRQHandler)
    i.TIM7_IRQHandler                        0x08001444   Section        0  stm32f1xx_it.o(i.TIM7_IRQHandler)
    i.TIM_Base_SetConfig                     0x080014c4   Section        0  stm32f1xx_hal_tim.o(i.TIM_Base_SetConfig)
    i.UART_EndRxTransfer                     0x08001560   Section        0  stm32f1xx_hal_uart.o(i.UART_EndRxTransfer)
    UART_EndRxTransfer                       0x08001561   Thumb Code    78  stm32f1xx_hal_uart.o(i.UART_EndRxTransfer)
    i.UART_SetConfig                         0x080015b0   Section        0  stm32f1xx_hal_uart.o(i.UART_SetConfig)
    UART_SetConfig                           0x080015b1   Thumb Code   178  stm32f1xx_hal_uart.o(i.UART_SetConfig)
    i.UART_WaitOnFlagUntilTimeout            0x08001668   Section        0  stm32f1xx_hal_uart.o(i.UART_WaitOnFlagUntilTimeout)
    UART_WaitOnFlagUntilTimeout              0x08001669   Thumb Code   114  stm32f1xx_hal_uart.o(i.UART_WaitOnFlagUntilTimeout)
    i.USBD_IRQHandler                        0x080016dc   Section        0  usb_dc_fsdev.o(i.USBD_IRQHandler)
    i.USB_LP_CAN1_RX0_IRQHandler             0x08001a88   Section        0  usb_glue_st.o(i.USB_LP_CAN1_RX0_IRQHandler)
    i.UsageFault_Handler                     0x08001a8e   Section        0  stm32f1xx_it.o(i.UsageFault_Handler)
    i.__0printf$8                            0x08001a90   Section        0  printf8.o(i.__0printf$8)
    i.__NVIC_SetPriority                     0x08001ab0   Section        0  stm32f1xx_hal_cortex.o(i.__NVIC_SetPriority)
    __NVIC_SetPriority                       0x08001ab1   Thumb Code    32  stm32f1xx_hal_cortex.o(i.__NVIC_SetPriority)
    i.__scatterload_copy                     0x08001ad0   Section       14  handlers.o(i.__scatterload_copy)
    i.__scatterload_null                     0x08001ade   Section        2  handlers.o(i.__scatterload_null)
    i.__scatterload_zeroinit                 0x08001ae0   Section       14  handlers.o(i.__scatterload_zeroinit)
    i.__usbd_event_ep0_setup_complete_handler 0x08001af0   Section        0  usbd_core.o(i.__usbd_event_ep0_setup_complete_handler)
    __usbd_event_ep0_setup_complete_handler  0x08001af1   Thumb Code   226  usbd_core.o(i.__usbd_event_ep0_setup_complete_handler)
    i._printf_core                           0x08001c10   Section        0  printf8.o(i._printf_core)
    _printf_core                             0x08001c11   Thumb Code   996  printf8.o(i._printf_core)
    i._printf_post_padding                   0x08002020   Section        0  printf8.o(i._printf_post_padding)
    _printf_post_padding                     0x08002021   Thumb Code    36  printf8.o(i._printf_post_padding)
    i._printf_pre_padding                    0x08002044   Section        0  printf8.o(i._printf_pre_padding)
    _printf_pre_padding                      0x08002045   Thumb Code    46  printf8.o(i._printf_pre_padding)
    i.config_descriptor_callback             0x08002074   Section        0  hid_user.o(i.config_descriptor_callback)
    config_descriptor_callback               0x08002075   Thumb Code     4  hid_user.o(i.config_descriptor_callback)
    i.device_descriptor_callback             0x0800207c   Section        0  hid_user.o(i.device_descriptor_callback)
    device_descriptor_callback               0x0800207d   Thumb Code     4  hid_user.o(i.device_descriptor_callback)
    i.device_quality_descriptor_callback     0x08002084   Section        0  hid_user.o(i.device_quality_descriptor_callback)
    device_quality_descriptor_callback       0x08002085   Thumb Code     4  hid_user.o(i.device_quality_descriptor_callback)
    i.dword2array                            0x0800208c   Section        0  usbd_core.o(i.dword2array)
    dword2array                              0x0800208d   Thumb Code    16  usbd_core.o(i.dword2array)
    i.fputc                                  0x0800209c   Section        0  main.o(i.fputc)
    i.fsdev_read_pma                         0x080020b4   Section        0  usb_dc_fsdev.o(i.fsdev_read_pma)
    fsdev_read_pma                           0x080020b5   Thumb Code    44  usb_dc_fsdev.o(i.fsdev_read_pma)
    i.fsdev_write_pma                        0x080020e0   Section        0  usb_dc_fsdev.o(i.fsdev_write_pma)
    fsdev_write_pma                          0x080020e1   Thumb Code    38  usb_dc_fsdev.o(i.fsdev_write_pma)
    i.hid_keyboard_init                      0x08002108   Section        0  hid_user.o(i.hid_keyboard_init)
    i.hid_write_ep                           0x080021b8   Section        0  hid_user.o(i.hid_write_ep)
    i.is_device_configured                   0x08002200   Section        0  usbd_core.o(i.is_device_configured)
    is_device_configured                     0x08002201   Thumb Code    22  usbd_core.o(i.is_device_configured)
    i.ka_h                                   0x0800221c   Section        0  main.o(i.ka_h)
    i.ka_l                                   0x08002254   Section        0  main.o(i.ka_l)
    i.main                                   0x0800228c   Section        0  main.o(i.main)
    i.string_descriptor_callback             0x080022e0   Section        0  hid_user.o(i.string_descriptor_callback)
    string_descriptor_callback               0x080022e1   Thumb Code    16  hid_user.o(i.string_descriptor_callback)
    i.usb_dc_init                            0x080022f4   Section        0  usb_dc_fsdev.o(i.usb_dc_init)
    i.usb_dc_low_level_init                  0x08002338   Section        0  usb_glue_st.o(i.usb_dc_low_level_init)
    i.usb_device_is_configured               0x08002354   Section        0  usbd_core.o(i.usb_device_is_configured)
    i.usb_memcpy                             0x08002370   Section        0  usbd_core.o(i.usb_memcpy)
    usb_memcpy                               0x08002371   Thumb Code   210  usbd_core.o(i.usb_memcpy)
    i.usbd_add_endpoint                      0x08002444   Section        0  usbd_core.o(i.usbd_add_endpoint)
    i.usbd_class_event_notify_handler        0x0800249c   Section        0  usbd_core.o(i.usbd_class_event_notify_handler)
    usbd_class_event_notify_handler          0x0800249d   Thumb Code    82  usbd_core.o(i.usbd_class_event_notify_handler)
    i.usbd_class_request_handler             0x080024f4   Section        0  usbd_core.o(i.usbd_class_request_handler)
    usbd_class_request_handler               0x080024f5   Thumb Code   142  usbd_core.o(i.usbd_class_request_handler)
    i.usbd_desc_register                     0x08002588   Section        0  usbd_core.o(i.usbd_desc_register)
    i.usbd_ep_clear_stall                    0x080025cc   Section        0  usb_dc_fsdev.o(i.usbd_ep_clear_stall)
    i.usbd_ep_close                          0x08002654   Section        0  usb_dc_fsdev.o(i.usbd_ep_close)
    i.usbd_ep_is_stalled                     0x080026bc   Section        0  usb_dc_fsdev.o(i.usbd_ep_is_stalled)
    i.usbd_ep_open                           0x080026f8   Section        0  usb_dc_fsdev.o(i.usbd_ep_open)
    i.usbd_ep_set_stall                      0x080028d8   Section        0  usb_dc_fsdev.o(i.usbd_ep_set_stall)
    i.usbd_ep_start_read                     0x08002914   Section        0  usb_dc_fsdev.o(i.usbd_ep_start_read)
    i.usbd_ep_start_write                    0x0800296c   Section        0  usb_dc_fsdev.o(i.usbd_ep_start_write)
    i.usbd_event_ep0_in_complete_handler     0x080029ec   Section        0  usbd_core.o(i.usbd_event_ep0_in_complete_handler)
    usbd_event_ep0_in_complete_handler       0x080029ed   Thumb Code    96  usbd_core.o(i.usbd_event_ep0_in_complete_handler)
    i.usbd_event_ep0_out_complete_handler    0x08002a50   Section        0  usbd_core.o(i.usbd_event_ep0_out_complete_handler)
    usbd_event_ep0_out_complete_handler      0x08002a51   Thumb Code   114  usbd_core.o(i.usbd_event_ep0_out_complete_handler)
    i.usbd_event_ep0_setup_complete_handler  0x08002ac8   Section        0  usbd_core.o(i.usbd_event_ep0_setup_complete_handler)
    i.usbd_event_ep_in_complete_handler      0x08002af0   Section        0  usbd_core.o(i.usbd_event_ep_in_complete_handler)
    i.usbd_event_ep_out_complete_handler     0x08002b1c   Section        0  usbd_core.o(i.usbd_event_ep_out_complete_handler)
    i.usbd_event_handler                     0x08002b48   Section        0  hid_user.o(i.usbd_event_handler)
    usbd_event_handler                       0x08002b49   Thumb Code    40  hid_user.o(i.usbd_event_handler)
    i.usbd_event_reset_handler               0x08002b78   Section        0  usbd_core.o(i.usbd_event_reset_handler)
    i.usbd_get_descriptor                    0x08002bf4   Section        0  usbd_core.o(i.usbd_get_descriptor)
    usbd_get_descriptor                      0x08002bf5   Thumb Code   362  usbd_core.o(i.usbd_get_descriptor)
    i.usbd_get_port_speed                    0x08002dc4   Section        0  usb_dc_fsdev.o(i.usbd_get_port_speed)
    i.usbd_hid_int_callback                  0x08002dc8   Section        0  hid_user.o(i.usbd_hid_int_callback)
    i.usbd_hid_out_callback                  0x08002dd4   Section        0  hid_user.o(i.usbd_hid_out_callback)
    i.usbd_initialize                        0x08002df8   Section        0  usbd_core.o(i.usbd_initialize)
    i.usbd_port_config                       0x08002e38   Section        0  main.o(i.usbd_port_config)
    i.usbd_print_setup                       0x08002ed4   Section        0  usbd_core.o(i.usbd_print_setup)
    usbd_print_setup                         0x08002ed5   Thumb Code    40  usbd_core.o(i.usbd_print_setup)
    i.usbd_set_address                       0x08002f1c   Section        0  usb_dc_fsdev.o(i.usbd_set_address)
    i.usbd_set_configuration                 0x08002f38   Section        0  usbd_core.o(i.usbd_set_configuration)
    usbd_set_configuration                   0x08002f39   Thumb Code   128  usbd_core.o(i.usbd_set_configuration)
    i.usbd_set_endpoint                      0x08002fbc   Section        0  usbd_core.o(i.usbd_set_endpoint)
    usbd_set_endpoint                        0x08002fbd   Thumb Code   108  usbd_core.o(i.usbd_set_endpoint)
    i.usbd_set_interface                     0x0800302c   Section        0  usbd_core.o(i.usbd_set_interface)
    usbd_set_interface                       0x0800302d   Thumb Code   168  usbd_core.o(i.usbd_set_interface)
    i.usbd_setup_request_handler             0x080030d8   Section        0  usbd_core.o(i.usbd_setup_request_handler)
    usbd_setup_request_handler               0x080030d9   Thumb Code   146  usbd_core.o(i.usbd_setup_request_handler)
    i.usbd_std_device_req_handler            0x080031d4   Section        0  usbd_core.o(i.usbd_std_device_req_handler)
    usbd_std_device_req_handler              0x080031d5   Thumb Code   234  usbd_core.o(i.usbd_std_device_req_handler)
    i.usbd_std_endpoint_req_handler          0x080032c4   Section        0  usbd_core.o(i.usbd_std_endpoint_req_handler)
    usbd_std_endpoint_req_handler            0x080032c5   Thumb Code   170  usbd_core.o(i.usbd_std_endpoint_req_handler)
    i.usbd_std_interface_req_handler         0x080033b8   Section        0  usbd_core.o(i.usbd_std_interface_req_handler)
    usbd_std_interface_req_handler           0x080033b9   Thumb Code   290  usbd_core.o(i.usbd_std_interface_req_handler)
    i.usbd_vendor_request_handler            0x080034e0   Section        0  usbd_core.o(i.usbd_vendor_request_handler)
    usbd_vendor_request_handler              0x080034e1   Thumb Code   218  usbd_core.o(i.usbd_vendor_request_handler)
    .constdata                               0x080035c0   Section       18  stm32f1xx_hal_rcc.o(.constdata)
    aPredivFactorTable                       0x080035c0   Data           2  stm32f1xx_hal_rcc.o(.constdata)
    aPLLMULFactorTable                       0x080035c2   Data          16  stm32f1xx_hal_rcc.o(.constdata)
    .constdata                               0x080035d2   Section       16  system_stm32f1xx.o(.constdata)
    .constdata                               0x080035e2   Section        8  system_stm32f1xx.o(.constdata)
    .constdata                               0x080035ea   Section        2  hid_user.o(.constdata)
    <Data1>                                  0x080035ea   Data           2  hid_user.o(.constdata)
    .constdata                               0x080035ec   Section      220  hid_user.o(.constdata)
    device_descriptor                        0x080035ec   Data          18  hid_user.o(.constdata)
    config_descriptor                        0x080035fe   Data         153  hid_user.o(.constdata)
    device_quality_descriptor                0x08003697   Data          10  hid_user.o(.constdata)
    .conststring                             0x080036c8   Section       93  usbd_core.o(.conststring)
    .conststring                             0x08003728   Section       34  hid_user.o(.conststring)
    .data                                    0x20000000   Section       40  main.o(.data)
    .data                                    0x20000028   Section       24  main.o(.data)
    .data                                    0x20000040   Section        2  main.o(.data)
    .data                                    0x20000042   Section        2  main.o(.data)
    .data                                    0x20000044   Section        2  main.o(.data)
    .data                                    0x20000046   Section        2  stm32f1xx_it.o(.data)
    a                                        0x20000046   Data           2  stm32f1xx_it.o(.data)
    .data                                    0x20000048   Section       12  stm32f1xx_hal.o(.data)
    .data                                    0x20000054   Section        4  system_stm32f1xx.o(.data)
    .data                                    0x20000058   Section        8  usbd_core.o(.data)
    .data                                    0x20000060   Section      132  hid_user.o(.data)
    hid_state                                0x20000061   Data           1  hid_user.o(.data)
    hid_in_ep1                               0x20000064   Data           8  hid_user.o(.data)
    hid_in_ep2                               0x2000006c   Data           8  hid_user.o(.data)
    hid_in_ep3                               0x20000074   Data           8  hid_user.o(.data)
    hid_in_ep4                               0x2000007c   Data           8  hid_user.o(.data)
    hid_in_ep5                               0x20000084   Data           8  hid_user.o(.data)
    hid_in_ep6                               0x2000008c   Data           8  hid_user.o(.data)
    hid_in_ep7                               0x20000094   Data           8  hid_user.o(.data)
    hid_out_ep1                              0x2000009c   Data           8  hid_user.o(.data)
    hid_out_ep2                              0x200000a4   Data           8  hid_user.o(.data)
    hid_out_ep3                              0x200000ac   Data           8  hid_user.o(.data)
    hid_out_ep4                              0x200000b4   Data           8  hid_user.o(.data)
    hid_out_ep5                              0x200000bc   Data           8  hid_user.o(.data)
    hid_out_ep6                              0x200000c4   Data           8  hid_user.o(.data)
    hid_out_ep7                              0x200000cc   Data           8  hid_user.o(.data)
    string_descriptors                       0x200000d4   Data          16  hid_user.o(.data)
    .data                                    0x200000e4   Section        4  usb_glue_st.o(.data)
    g_fsdev_instance                         0x200000e4   Data           4  usb_glue_st.o(.data)
    .data                                    0x200000e8   Section        4  stdout.o(.data)
    .noncacheable                            0x200000ec   Section     1020  usbd_core.o(.noncacheable)
    .noncacheable                            0x200004e8   Section       64  hid_user.o(.noncacheable)
    .bss                                     0x20000528   Section       10  main.o(.bss)
    .bss                                     0x20000534   Section       72  tim.o(.bss)
    .bss                                     0x2000057c   Section       72  usart.o(.bss)
    .bss                                     0x200005c4   Section       72  stm32f1xx_hal_timebase_tim.o(.bss)
    .bss                                     0x2000060c   Section       64  hid_user.o(.bss)
    .bss                                     0x2000064c   Section      400  usb_dc_fsdev.o(.bss)
    STACK                                    0x200007e0   Section     4096  startup_stm32f103xe.o(STACK)

    Global Symbols

    Symbol Name                              Value     Ov Type        Size  Object(Section)

    BuildAttributes$$THM_ISAv4$P$D$K$B$S$PE$A:L22UL41UL21$X:L11$S22US41US21$IEEE1$IW$USESV6$~STKCKD$USESV7$~SHL$OSPACE$ROPI$EBA8$MICROLIB$REQ8$PRES8$EABIv2 0x00000000   Number         0  anon$$obj.o ABSOLUTE
    __ARM_use_no_argv                        0x00000000   Number         0  main.o ABSOLUTE
    _printf_a                                0x00000000   Number         0  stubs.o ABSOLUTE
    _printf_c                                0x00000000   Number         0  stubs.o ABSOLUTE
    _printf_charcount                        0x00000000   Number         0  stubs.o ABSOLUTE
    _printf_d                                0x00000000   Number         0  stubs.o ABSOLUTE
    _printf_e                                0x00000000   Number         0  stubs.o ABSOLUTE
    _printf_f                                0x00000000   Number         0  stubs.o ABSOLUTE
    _printf_flags                            0x00000000   Number         0  stubs.o ABSOLUTE
    _printf_fp_dec                           0x00000000   Number         0  stubs.o ABSOLUTE
    _printf_fp_hex                           0x00000000   Number         0  stubs.o ABSOLUTE
    _printf_g                                0x00000000   Number         0  stubs.o ABSOLUTE
    _printf_i                                0x00000000   Number         0  stubs.o ABSOLUTE
    _printf_int_dec                          0x00000000   Number         0  stubs.o ABSOLUTE
    _printf_l                                0x00000000   Number         0  stubs.o ABSOLUTE
    _printf_lc                               0x00000000   Number         0  stubs.o ABSOLUTE
    _printf_ll                               0x00000000   Number         0  stubs.o ABSOLUTE
    _printf_lld                              0x00000000   Number         0  stubs.o ABSOLUTE
    _printf_lli                              0x00000000   Number         0  stubs.o ABSOLUTE
    _printf_llo                              0x00000000   Number         0  stubs.o ABSOLUTE
    _printf_llu                              0x00000000   Number         0  stubs.o ABSOLUTE
    _printf_llx                              0x00000000   Number         0  stubs.o ABSOLUTE
    _printf_longlong_dec                     0x00000000   Number         0  stubs.o ABSOLUTE
    _printf_longlong_hex                     0x00000000   Number         0  stubs.o ABSOLUTE
    _printf_longlong_oct                     0x00000000   Number         0  stubs.o ABSOLUTE
    _printf_ls                               0x00000000   Number         0  stubs.o ABSOLUTE
    _printf_mbtowc                           0x00000000   Number         0  stubs.o ABSOLUTE
    _printf_n                                0x00000000   Number         0  stubs.o ABSOLUTE
    _printf_o                                0x00000000   Number         0  stubs.o ABSOLUTE
    _printf_p                                0x00000000   Number         0  stubs.o ABSOLUTE
    _printf_percent                          0x00000000   Number         0  stubs.o ABSOLUTE
    _printf_pre_padding                      0x00000000   Number         0  stubs.o ABSOLUTE
    _printf_return_value                     0x00000000   Number         0  stubs.o ABSOLUTE
    _printf_s                                0x00000000   Number         0  stubs.o ABSOLUTE
    _printf_sizespec                         0x00000000   Number         0  stubs.o ABSOLUTE
    _printf_str                              0x00000000   Number         0  stubs.o ABSOLUTE
    _printf_truncate_signed                  0x00000000   Number         0  stubs.o ABSOLUTE
    _printf_truncate_unsigned                0x00000000   Number         0  stubs.o ABSOLUTE
    _printf_u                                0x00000000   Number         0  stubs.o ABSOLUTE
    _printf_wc                               0x00000000   Number         0  stubs.o ABSOLUTE
    _printf_wctomb                           0x00000000   Number         0  stubs.o ABSOLUTE
    _printf_widthprec                        0x00000000   Number         0  stubs.o ABSOLUTE
    _printf_x                                0x00000000   Number         0  stubs.o ABSOLUTE
    __cpp_initialize__aeabi_                  - Undefined Weak Reference
    __cxa_finalize                            - Undefined Weak Reference
    _clock_init                               - Undefined Weak Reference
    _microlib_exit                            - Undefined Weak Reference
    __Vectors_Size                           0x00000130   Number         0  startup_stm32f103xe.o ABSOLUTE
    __Vectors                                0x08000000   Data           4  startup_stm32f103xe.o(RESET)
    __Vectors_End                            0x08000130   Data           0  startup_stm32f103xe.o(RESET)
    __main                                   0x08000131   Thumb Code     0  entry.o(.ARM.Collect$$$$00000000)
    _main_stk                                0x08000131   Thumb Code     0  entry2.o(.ARM.Collect$$$$00000001)
    _main_scatterload                        0x08000135   Thumb Code     0  entry5.o(.ARM.Collect$$$$00000004)
    __main_after_scatterload                 0x08000139   Thumb Code     0  entry5.o(.ARM.Collect$$$$00000004)
    _main_clock                              0x08000139   Thumb Code     0  entry7b.o(.ARM.Collect$$$$00000008)
    _main_cpp_init                           0x08000139   Thumb Code     0  entry8b.o(.ARM.Collect$$$$0000000A)
    _main_init                               0x08000139   Thumb Code     0  entry9a.o(.ARM.Collect$$$$0000000B)
    __rt_final_cpp                           0x08000141   Thumb Code     0  entry10a.o(.ARM.Collect$$$$0000000D)
    __rt_final_exit                          0x08000141   Thumb Code     0  entry11a.o(.ARM.Collect$$$$0000000F)
    Reset_Handler                            0x08000145   Thumb Code     8  startup_stm32f103xe.o(.text)
    ADC1_2_IRQHandler                        0x0800015f   Thumb Code     0  startup_stm32f103xe.o(.text)
    ADC3_IRQHandler                          0x0800015f   Thumb Code     0  startup_stm32f103xe.o(.text)
    CAN1_RX1_IRQHandler                      0x0800015f   Thumb Code     0  startup_stm32f103xe.o(.text)
    CAN1_SCE_IRQHandler                      0x0800015f   Thumb Code     0  startup_stm32f103xe.o(.text)
    DMA1_Channel1_IRQHandler                 0x0800015f   Thumb Code     0  startup_stm32f103xe.o(.text)
    DMA1_Channel2_IRQHandler                 0x0800015f   Thumb Code     0  startup_stm32f103xe.o(.text)
    DMA1_Channel3_IRQHandler                 0x0800015f   Thumb Code     0  startup_stm32f103xe.o(.text)
    DMA1_Channel4_IRQHandler                 0x0800015f   Thumb Code     0  startup_stm32f103xe.o(.text)
    DMA1_Channel5_IRQHandler                 0x0800015f   Thumb Code     0  startup_stm32f103xe.o(.text)
    DMA1_Channel6_IRQHandler                 0x0800015f   Thumb Code     0  startup_stm32f103xe.o(.text)
    DMA1_Channel7_IRQHandler                 0x0800015f   Thumb Code     0  startup_stm32f103xe.o(.text)
    DMA2_Channel1_IRQHandler                 0x0800015f   Thumb Code     0  startup_stm32f103xe.o(.text)
    DMA2_Channel2_IRQHandler                 0x0800015f   Thumb Code     0  startup_stm32f103xe.o(.text)
    DMA2_Channel3_IRQHandler                 0x0800015f   Thumb Code     0  startup_stm32f103xe.o(.text)
    DMA2_Channel4_5_IRQHandler               0x0800015f   Thumb Code     0  startup_stm32f103xe.o(.text)
    EXTI0_IRQHandler                         0x0800015f   Thumb Code     0  startup_stm32f103xe.o(.text)
    EXTI15_10_IRQHandler                     0x0800015f   Thumb Code     0  startup_stm32f103xe.o(.text)
    EXTI1_IRQHandler                         0x0800015f   Thumb Code     0  startup_stm32f103xe.o(.text)
    EXTI2_IRQHandler                         0x0800015f   Thumb Code     0  startup_stm32f103xe.o(.text)
    EXTI3_IRQHandler                         0x0800015f   Thumb Code     0  startup_stm32f103xe.o(.text)
    EXTI4_IRQHandler                         0x0800015f   Thumb Code     0  startup_stm32f103xe.o(.text)
    EXTI9_5_IRQHandler                       0x0800015f   Thumb Code     0  startup_stm32f103xe.o(.text)
    FLASH_IRQHandler                         0x0800015f   Thumb Code     0  startup_stm32f103xe.o(.text)
    FSMC_IRQHandler                          0x0800015f   Thumb Code     0  startup_stm32f103xe.o(.text)
    I2C1_ER_IRQHandler                       0x0800015f   Thumb Code     0  startup_stm32f103xe.o(.text)
    I2C1_EV_IRQHandler                       0x0800015f   Thumb Code     0  startup_stm32f103xe.o(.text)
    I2C2_ER_IRQHandler                       0x0800015f   Thumb Code     0  startup_stm32f103xe.o(.text)
    I2C2_EV_IRQHandler                       0x0800015f   Thumb Code     0  startup_stm32f103xe.o(.text)
    PVD_IRQHandler                           0x0800015f   Thumb Code     0  startup_stm32f103xe.o(.text)
    RCC_IRQHandler                           0x0800015f   Thumb Code     0  startup_stm32f103xe.o(.text)
    RTC_Alarm_IRQHandler                     0x0800015f   Thumb Code     0  startup_stm32f103xe.o(.text)
    RTC_IRQHandler                           0x0800015f   Thumb Code     0  startup_stm32f103xe.o(.text)
    SDIO_IRQHandler                          0x0800015f   Thumb Code     0  startup_stm32f103xe.o(.text)
    SPI1_IRQHandler                          0x0800015f   Thumb Code     0  startup_stm32f103xe.o(.text)
    SPI2_IRQHandler                          0x0800015f   Thumb Code     0  startup_stm32f103xe.o(.text)
    SPI3_IRQHandler                          0x0800015f   Thumb Code     0  startup_stm32f103xe.o(.text)
    TAMPER_IRQHandler                        0x0800015f   Thumb Code     0  startup_stm32f103xe.o(.text)
    TIM1_BRK_IRQHandler                      0x0800015f   Thumb Code     0  startup_stm32f103xe.o(.text)
    TIM1_CC_IRQHandler                       0x0800015f   Thumb Code     0  startup_stm32f103xe.o(.text)
    TIM1_TRG_COM_IRQHandler                  0x0800015f   Thumb Code     0  startup_stm32f103xe.o(.text)
    TIM1_UP_IRQHandler                       0x0800015f   Thumb Code     0  startup_stm32f103xe.o(.text)
    TIM2_IRQHandler                          0x0800015f   Thumb Code     0  startup_stm32f103xe.o(.text)
    TIM3_IRQHandler                          0x0800015f   Thumb Code     0  startup_stm32f103xe.o(.text)
    TIM4_IRQHandler                          0x0800015f   Thumb Code     0  startup_stm32f103xe.o(.text)
    TIM5_IRQHandler                          0x0800015f   Thumb Code     0  startup_stm32f103xe.o(.text)
    TIM8_BRK_IRQHandler                      0x0800015f   Thumb Code     0  startup_stm32f103xe.o(.text)
    TIM8_CC_IRQHandler                       0x0800015f   Thumb Code     0  startup_stm32f103xe.o(.text)
    TIM8_TRG_COM_IRQHandler                  0x0800015f   Thumb Code     0  startup_stm32f103xe.o(.text)
    TIM8_UP_IRQHandler                       0x0800015f   Thumb Code     0  startup_stm32f103xe.o(.text)
    UART4_IRQHandler                         0x0800015f   Thumb Code     0  startup_stm32f103xe.o(.text)
    UART5_IRQHandler                         0x0800015f   Thumb Code     0  startup_stm32f103xe.o(.text)
    USART1_IRQHandler                        0x0800015f   Thumb Code     0  startup_stm32f103xe.o(.text)
    USART2_IRQHandler                        0x0800015f   Thumb Code     0  startup_stm32f103xe.o(.text)
    USART3_IRQHandler                        0x0800015f   Thumb Code     0  startup_stm32f103xe.o(.text)
    USBWakeUp_IRQHandler                     0x0800015f   Thumb Code     0  startup_stm32f103xe.o(.text)
    USB_HP_CAN1_TX_IRQHandler                0x0800015f   Thumb Code     0  startup_stm32f103xe.o(.text)
    WWDG_IRQHandler                          0x0800015f   Thumb Code     0  startup_stm32f103xe.o(.text)
    __aeabi_llsr                             0x08000169   Thumb Code    32  llushr.o(.text)
    _ll_ushift_r                             0x08000169   Thumb Code     0  llushr.o(.text)
    __aeabi_memset                           0x08000189   Thumb Code    14  memseta.o(.text)
    __aeabi_memset4                          0x08000189   Thumb Code     0  memseta.o(.text)
    __aeabi_memset8                          0x08000189   Thumb Code     0  memseta.o(.text)
    __aeabi_memclr                           0x08000197   Thumb Code     4  memseta.o(.text)
    __aeabi_memclr4                          0x08000197   Thumb Code     0  memseta.o(.text)
    __aeabi_memclr8                          0x08000197   Thumb Code     0  memseta.o(.text)
    _memset$wrapper                          0x0800019b   Thumb Code    18  memseta.o(.text)
    strlen                                   0x080001ad   Thumb Code    14  strlen.o(.text)
    __aeabi_uldivmod                         0x080001bb   Thumb Code    98  uldiv.o(.text)
    __scatterload                            0x0800021d   Thumb Code    28  init.o(.text)
    __scatterload_rt2                        0x0800021d   Thumb Code     0  init.o(.text)
    __aeabi_llsl                             0x08000241   Thumb Code    30  llshl.o(.text)
    _ll_shift_l                              0x08000241   Thumb Code     0  llshl.o(.text)
    __decompress                             0x0800025f   Thumb Code     0  __dczerorl2.o(.text)
    __decompress1                            0x0800025f   Thumb Code    86  __dczerorl2.o(.text)
    BusFault_Handler                         0x080002b5   Thumb Code     2  stm32f1xx_it.o(i.BusFault_Handler)
    DebugMon_Handler                         0x080002b7   Thumb Code     2  stm32f1xx_it.o(i.DebugMon_Handler)
    Error_Handler                            0x080002b9   Thumb Code     4  main.o(i.Error_Handler)
    HAL_Delay                                0x080002bd   Thumb Code    32  stm32f1xx_hal.o(i.HAL_Delay)
    HAL_GPIO_Init                            0x080002e1   Thumb Code   462  stm32f1xx_hal_gpio.o(i.HAL_GPIO_Init)
    HAL_GPIO_ReadPin                         0x080004d9   Thumb Code    10  stm32f1xx_hal_gpio.o(i.HAL_GPIO_ReadPin)
    HAL_GPIO_WritePin                        0x080004e3   Thumb Code    10  stm32f1xx_hal_gpio.o(i.HAL_GPIO_WritePin)
    HAL_GetTick                              0x080004ed   Thumb Code     6  stm32f1xx_hal.o(i.HAL_GetTick)
    HAL_IncTick                              0x080004f9   Thumb Code    12  stm32f1xx_hal.o(i.HAL_IncTick)
    HAL_Init                                 0x08000509   Thumb Code    32  stm32f1xx_hal.o(i.HAL_Init)
    HAL_InitTick                             0x0800052d   Thumb Code   132  stm32f1xx_hal_timebase_tim.o(i.HAL_InitTick)
    HAL_MspInit                              0x080005c5   Thumb Code    52  stm32f1xx_hal_msp.o(i.HAL_MspInit)
    HAL_NVIC_EnableIRQ                       0x08000601   Thumb Code    26  stm32f1xx_hal_cortex.o(i.HAL_NVIC_EnableIRQ)
    HAL_NVIC_SetPriority                     0x0800061d   Thumb Code    60  stm32f1xx_hal_cortex.o(i.HAL_NVIC_SetPriority)
    HAL_NVIC_SetPriorityGrouping             0x0800065d   Thumb Code    26  stm32f1xx_hal_cortex.o(i.HAL_NVIC_SetPriorityGrouping)
    HAL_PCD_MspInit                          0x08000681   Thumb Code    66  usb.o(i.HAL_PCD_MspInit)
    HAL_RCCEx_PeriphCLKConfig                0x080006cd   Thumb Code   224  stm32f1xx_hal_rcc_ex.o(i.HAL_RCCEx_PeriphCLKConfig)
    HAL_RCC_ClockConfig                      0x080007b9   Thumb Code   280  stm32f1xx_hal_rcc.o(i.HAL_RCC_ClockConfig)
    HAL_RCC_GetClockConfig                   0x080008e5   Thumb Code    54  stm32f1xx_hal_rcc.o(i.HAL_RCC_GetClockConfig)
    HAL_RCC_GetPCLK1Freq                     0x08000925   Thumb Code    20  stm32f1xx_hal_rcc.o(i.HAL_RCC_GetPCLK1Freq)
    HAL_RCC_GetPCLK2Freq                     0x08000945   Thumb Code    20  stm32f1xx_hal_rcc.o(i.HAL_RCC_GetPCLK2Freq)
    HAL_RCC_GetSysClockFreq                  0x08000965   Thumb Code    58  stm32f1xx_hal_rcc.o(i.HAL_RCC_GetSysClockFreq)
    HAL_RCC_OscConfig                        0x080009b1   Thumb Code   778  stm32f1xx_hal_rcc.o(i.HAL_RCC_OscConfig)
    HAL_TIMEx_BreakCallback                  0x08000cd1   Thumb Code     2  stm32f1xx_hal_tim_ex.o(i.HAL_TIMEx_BreakCallback)
    HAL_TIMEx_CommutCallback                 0x08000cd3   Thumb Code     2  stm32f1xx_hal_tim_ex.o(i.HAL_TIMEx_CommutCallback)
    HAL_TIMEx_MasterConfigSynchronization    0x08000cd5   Thumb Code   104  stm32f1xx_hal_tim_ex.o(i.HAL_TIMEx_MasterConfigSynchronization)
    HAL_TIM_Base_Init                        0x08000d51   Thumb Code    90  stm32f1xx_hal_tim.o(i.HAL_TIM_Base_Init)
    HAL_TIM_Base_MspInit                     0x08000dad   Thumb Code    50  tim.o(i.HAL_TIM_Base_MspInit)
    HAL_TIM_Base_Start_IT                    0x08000de9   Thumb Code    88  stm32f1xx_hal_tim.o(i.HAL_TIM_Base_Start_IT)
    HAL_TIM_IC_CaptureCallback               0x08000e55   Thumb Code     2  stm32f1xx_hal_tim.o(i.HAL_TIM_IC_CaptureCallback)
    HAL_TIM_IRQHandler                       0x08000e57   Thumb Code   304  stm32f1xx_hal_tim.o(i.HAL_TIM_IRQHandler)
    HAL_TIM_OC_DelayElapsedCallback          0x08000f87   Thumb Code     2  stm32f1xx_hal_tim.o(i.HAL_TIM_OC_DelayElapsedCallback)
    HAL_TIM_PWM_PulseFinishedCallback        0x08000f89   Thumb Code     2  stm32f1xx_hal_tim.o(i.HAL_TIM_PWM_PulseFinishedCallback)
    HAL_TIM_PeriodElapsedCallback            0x08000f8d   Thumb Code    14  main.o(i.HAL_TIM_PeriodElapsedCallback)
    HAL_TIM_TriggerCallback                  0x08000fa1   Thumb Code     2  stm32f1xx_hal_tim.o(i.HAL_TIM_TriggerCallback)
    HAL_UART_Init                            0x08000fa3   Thumb Code   100  stm32f1xx_hal_uart.o(i.HAL_UART_Init)
    HAL_UART_MspInit                         0x08001009   Thumb Code   100  usart.o(i.HAL_UART_MspInit)
    HAL_UART_Transmit                        0x08001079   Thumb Code   160  stm32f1xx_hal_uart.o(i.HAL_UART_Transmit)
    HardFault_Handler                        0x08001119   Thumb Code     2  stm32f1xx_it.o(i.HardFault_Handler)
    KEY_SCAN                                 0x0800111b   Thumb Code   354  key.o(i.KEY_SCAN)
    MX_GPIO_Init                             0x0800127d   Thumb Code   166  gpio.o(i.MX_GPIO_Init)
    MX_TIM7_Init                             0x08001335   Thumb Code    62  tim.o(i.MX_TIM7_Init)
    MX_USART1_UART_Init                      0x0800137d   Thumb Code    48  usart.o(i.MX_USART1_UART_Init)
    MemManage_Handler                        0x080013b5   Thumb Code     2  stm32f1xx_it.o(i.MemManage_Handler)
    NMI_Handler                              0x080013b7   Thumb Code     2  stm32f1xx_it.o(i.NMI_Handler)
    PendSV_Handler                           0x080013b9   Thumb Code     2  stm32f1xx_it.o(i.PendSV_Handler)
    SVC_Handler                              0x080013bb   Thumb Code     2  stm32f1xx_it.o(i.SVC_Handler)
    SysTick_Handler                          0x080013bd   Thumb Code     2  stm32f1xx_it.o(i.SysTick_Handler)
    SystemClock_Config                       0x080013bf   Thumb Code   120  main.o(i.SystemClock_Config)
    SystemInit                               0x08001437   Thumb Code     2  system_stm32f1xx.o(i.SystemInit)
    TIM6_IRQHandler                          0x08001439   Thumb Code     6  stm32f1xx_it.o(i.TIM6_IRQHandler)
    TIM7_IRQHandler                          0x08001445   Thumb Code   108  stm32f1xx_it.o(i.TIM7_IRQHandler)
    TIM_Base_SetConfig                       0x080014c5   Thumb Code   134  stm32f1xx_hal_tim.o(i.TIM_Base_SetConfig)
    USBD_IRQHandler                          0x080016dd   Thumb Code   930  usb_dc_fsdev.o(i.USBD_IRQHandler)
    USB_LP_CAN1_RX0_IRQHandler               0x08001a89   Thumb Code     6  usb_glue_st.o(i.USB_LP_CAN1_RX0_IRQHandler)
    UsageFault_Handler                       0x08001a8f   Thumb Code     2  stm32f1xx_it.o(i.UsageFault_Handler)
    __0printf$8                              0x08001a91   Thumb Code    22  printf8.o(i.__0printf$8)
    __1printf$8                              0x08001a91   Thumb Code     0  printf8.o(i.__0printf$8)
    __2printf                                0x08001a91   Thumb Code     0  printf8.o(i.__0printf$8)
    __scatterload_copy                       0x08001ad1   Thumb Code    14  handlers.o(i.__scatterload_copy)
    __scatterload_null                       0x08001adf   Thumb Code     2  handlers.o(i.__scatterload_null)
    __scatterload_zeroinit                   0x08001ae1   Thumb Code    14  handlers.o(i.__scatterload_zeroinit)
    fputc                                    0x0800209d   Thumb Code    20  main.o(i.fputc)
    hid_keyboard_init                        0x08002109   Thumb Code   164  hid_user.o(i.hid_keyboard_init)
    hid_write_ep                             0x080021b9   Thumb Code    64  hid_user.o(i.hid_write_ep)
    ka_h                                     0x0800221d   Thumb Code    52  main.o(i.ka_h)
    ka_l                                     0x08002255   Thumb Code    52  main.o(i.ka_l)
    main                                     0x0800228d   Thumb Code    72  main.o(i.main)
    usb_dc_init                              0x080022f5   Thumb Code    62  usb_dc_fsdev.o(i.usb_dc_init)
    usb_dc_low_level_init                    0x08002339   Thumb Code    18  usb_glue_st.o(i.usb_dc_low_level_init)
    usb_device_is_configured                 0x08002355   Thumb Code    22  usbd_core.o(i.usb_device_is_configured)
    usbd_add_endpoint                        0x08002445   Thumb Code    82  usbd_core.o(i.usbd_add_endpoint)
    usbd_desc_register                       0x08002589   Thumb Code    56  usbd_core.o(i.usbd_desc_register)
    usbd_ep_clear_stall                      0x080025cd   Thumb Code   126  usb_dc_fsdev.o(i.usbd_ep_clear_stall)
    usbd_ep_close                            0x08002655   Thumb Code   100  usb_dc_fsdev.o(i.usbd_ep_close)
    usbd_ep_is_stalled                       0x080026bd   Thumb Code    54  usb_dc_fsdev.o(i.usbd_ep_is_stalled)
    usbd_ep_open                             0x080026f9   Thumb Code   470  usb_dc_fsdev.o(i.usbd_ep_open)
    usbd_ep_set_stall                        0x080028d9   Thumb Code    54  usb_dc_fsdev.o(i.usbd_ep_set_stall)
    usbd_ep_start_read                       0x08002915   Thumb Code    78  usb_dc_fsdev.o(i.usbd_ep_start_read)
    usbd_ep_start_write                      0x0800296d   Thumb Code   118  usb_dc_fsdev.o(i.usbd_ep_start_write)
    usbd_event_ep0_setup_complete_handler    0x08002ac9   Thumb Code    34  usbd_core.o(i.usbd_event_ep0_setup_complete_handler)
    usbd_event_ep_in_complete_handler        0x08002af1   Thumb Code    40  usbd_core.o(i.usbd_event_ep_in_complete_handler)
    usbd_event_ep_out_complete_handler       0x08002b1d   Thumb Code    40  usbd_core.o(i.usbd_event_ep_out_complete_handler)
    usbd_event_reset_handler                 0x08002b79   Thumb Code   120  usbd_core.o(i.usbd_event_reset_handler)
    usbd_get_port_speed                      0x08002dc5   Thumb Code     4  usb_dc_fsdev.o(i.usbd_get_port_speed)
    usbd_hid_int_callback                    0x08002dc9   Thumb Code     8  hid_user.o(i.usbd_hid_int_callback)
    usbd_hid_out_callback                    0x08002dd5   Thumb Code    26  hid_user.o(i.usbd_hid_out_callback)
    usbd_initialize                          0x08002df9   Thumb Code    56  usbd_core.o(i.usbd_initialize)
    usbd_port_config                         0x08002e39   Thumb Code   144  main.o(i.usbd_port_config)
    usbd_set_address                         0x08002f1d   Thumb Code    20  usb_dc_fsdev.o(i.usbd_set_address)
    AHBPrescTable                            0x080035d2   Data          16  system_stm32f1xx.o(.constdata)
    APBPrescTable                            0x080035e2   Data           8  system_stm32f1xx.o(.constdata)
    hid_descriptor                           0x080036a4   Data          36  hid_user.o(.constdata)
    Region$$Table$$Base                      0x0800374c   Number         0  anon$$obj.o(Region$$Table)
    Region$$Table$$Limit                     0x0800376c   Number         0  anon$$obj.o(Region$$Table)
    report1                                  0x20000000   Data          20  main.o(.data)
    report                                   0x20000014   Data          20  main.o(.data)
    key_handler                              0x20000028   Data          24  main.o(.data)
    k_value                                  0x20000040   Data           2  main.o(.data)
    k_now_state                              0x20000042   Data           2  main.o(.data)
    k_old_state                              0x20000044   Data           2  main.o(.data)
    uwTickFreq                               0x20000048   Data           1  stm32f1xx_hal.o(.data)
    uwTickPrio                               0x2000004c   Data           4  stm32f1xx_hal.o(.data)
    uwTick                                   0x20000050   Data           4  stm32f1xx_hal.o(.data)
    SystemCoreClock                          0x20000054   Data           4  system_stm32f1xx.o(.data)
    g_usbdev_bus                             0x20000058   Data           8  usbd_core.o(.data)
    out_flag                                 0x20000060   Data           1  hid_user.o(.data)
    __stdout                                 0x200000e8   Data           4  stdout.o(.data)
    g_usbd_core                              0x200000ec   Data        1020  usbd_core.o(.noncacheable)
    write_buffer                             0x200004e8   Data          64  hid_user.o(.noncacheable)
    k_buf                                    0x20000528   Data          10  main.o(.bss)
    htim7                                    0x20000534   Data          72  tim.o(.bss)
    huart1                                   0x2000057c   Data          72  usart.o(.bss)
    htim6                                    0x200005c4   Data          72  stm32f1xx_hal_timebase_tim.o(.bss)
    read_buffer                              0x2000060c   Data          64  hid_user.o(.bss)
    g_fsdev_udc                              0x2000064c   Data         400  usb_dc_fsdev.o(.bss)
    __initial_sp                             0x200017e0   Data           0  startup_stm32f103xe.o(STACK)



==============================================================================

Memory Map of the image

  Image Entry point : 0x08000131

  Load Region LR_IROM1 (Base: 0x08000000, Size: 0x00003c94, Max: 0x00080000, ABSOLUTE, COMPRESSED[0x000037d8])

    Execution Region ER_IROM1 (Exec base: 0x08000000, Load base: 0x08000000, Size: 0x0000376c, Max: 0x00080000, ABSOLUTE)

    Exec Addr    Load Addr    Size         Type   Attr      Idx    E Section Name        Object

    0x08000000   0x08000000   0x00000130   Data   RO            3    RESET               startup_stm32f103xe.o
    0x08000130   0x08000130   0x00000000   Code   RO         3977  * .ARM.Collect$$$$00000000  mc_w.l(entry.o)
    0x08000130   0x08000130   0x00000004   Code   RO         4247    .ARM.Collect$$$$00000001  mc_w.l(entry2.o)
    0x08000134   0x08000134   0x00000004   Code   RO         4250    .ARM.Collect$$$$00000004  mc_w.l(entry5.o)
    0x08000138   0x08000138   0x00000000   Code   RO         4252    .ARM.Collect$$$$00000008  mc_w.l(entry7b.o)
    0x08000138   0x08000138   0x00000000   Code   RO         4254    .ARM.Collect$$$$0000000A  mc_w.l(entry8b.o)
    0x08000138   0x08000138   0x00000008   Code   RO         4255    .ARM.Collect$$$$0000000B  mc_w.l(entry9a.o)
    0x08000140   0x08000140   0x00000000   Code   RO         4257    .ARM.Collect$$$$0000000D  mc_w.l(entry10a.o)
    0x08000140   0x08000140   0x00000000   Code   RO         4259    .ARM.Collect$$$$0000000F  mc_w.l(entry11a.o)
    0x08000140   0x08000140   0x00000004   Code   RO         4248    .ARM.Collect$$$$00002712  mc_w.l(entry2.o)
    0x08000144   0x08000144   0x00000024   Code   RO            4    .text               startup_stm32f103xe.o
    0x08000168   0x08000168   0x00000020   Code   RO         3980    .text               mc_w.l(llushr.o)
    0x08000188   0x08000188   0x00000024   Code   RO         3982    .text               mc_w.l(memseta.o)
    0x080001ac   0x080001ac   0x0000000e   Code   RO         3984    .text               mc_w.l(strlen.o)
    0x080001ba   0x080001ba   0x00000062   Code   RO         4264    .text               mc_w.l(uldiv.o)
    0x0800021c   0x0800021c   0x00000024   Code   RO         4277    .text               mc_w.l(init.o)
    0x08000240   0x08000240   0x0000001e   Code   RO         4279    .text               mc_w.l(llshl.o)
    0x0800025e   0x0800025e   0x00000056   Code   RO         4293    .text               mc_w.l(__dczerorl2.o)
    0x080002b4   0x080002b4   0x00000002   Code   RO          356    i.BusFault_Handler  stm32f1xx_it.o
    0x080002b6   0x080002b6   0x00000002   Code   RO          357    i.DebugMon_Handler  stm32f1xx_it.o
    0x080002b8   0x080002b8   0x00000004   Code   RO           13    i.Error_Handler     main.o
    0x080002bc   0x080002bc   0x00000024   Code   RO         1524    i.HAL_Delay         stm32f1xx_hal.o
    0x080002e0   0x080002e0   0x000001f8   Code   RO         1834    i.HAL_GPIO_Init     stm32f1xx_hal_gpio.o
    0x080004d8   0x080004d8   0x0000000a   Code   RO         1836    i.HAL_GPIO_ReadPin  stm32f1xx_hal_gpio.o
    0x080004e2   0x080004e2   0x0000000a   Code   RO         1838    i.HAL_GPIO_WritePin  stm32f1xx_hal_gpio.o
    0x080004ec   0x080004ec   0x0000000c   Code   RO         1528    i.HAL_GetTick       stm32f1xx_hal.o
    0x080004f8   0x080004f8   0x00000010   Code   RO         1534    i.HAL_IncTick       stm32f1xx_hal.o
    0x08000508   0x08000508   0x00000024   Code   RO         1535    i.HAL_Init          stm32f1xx_hal.o
    0x0800052c   0x0800052c   0x00000098   Code   RO          469    i.HAL_InitTick      stm32f1xx_hal_timebase_tim.o
    0x080005c4   0x080005c4   0x0000003c   Code   RO          445    i.HAL_MspInit       stm32f1xx_hal_msp.o
    0x08000600   0x08000600   0x0000001a   Code   RO         1994    i.HAL_NVIC_EnableIRQ  stm32f1xx_hal_cortex.o
    0x0800061a   0x0800061a   0x00000002   PAD
    0x0800061c   0x0800061c   0x00000040   Code   RO         2000    i.HAL_NVIC_SetPriority  stm32f1xx_hal_cortex.o
    0x0800065c   0x0800065c   0x00000024   Code   RO         2001    i.HAL_NVIC_SetPriorityGrouping  stm32f1xx_hal_cortex.o
    0x08000680   0x08000680   0x0000004c   Code   RO          315    i.HAL_PCD_MspInit   usb.o
    0x080006cc   0x080006cc   0x000000ec   Code   RO         1796    i.HAL_RCCEx_PeriphCLKConfig  stm32f1xx_hal_rcc_ex.o
    0x080007b8   0x080007b8   0x0000012c   Code   RO         1692    i.HAL_RCC_ClockConfig  stm32f1xx_hal_rcc.o
    0x080008e4   0x080008e4   0x00000040   Code   RO         1696    i.HAL_RCC_GetClockConfig  stm32f1xx_hal_rcc.o
    0x08000924   0x08000924   0x00000020   Code   RO         1699    i.HAL_RCC_GetPCLK1Freq  stm32f1xx_hal_rcc.o
    0x08000944   0x08000944   0x00000020   Code   RO         1700    i.HAL_RCC_GetPCLK2Freq  stm32f1xx_hal_rcc.o
    0x08000964   0x08000964   0x0000004c   Code   RO         1701    i.HAL_RCC_GetSysClockFreq  stm32f1xx_hal_rcc.o
    0x080009b0   0x080009b0   0x00000320   Code   RO         1704    i.HAL_RCC_OscConfig  stm32f1xx_hal_rcc.o
    0x08000cd0   0x08000cd0   0x00000002   Code   RO         1250    i.HAL_TIMEx_BreakCallback  stm32f1xx_hal_tim_ex.o
    0x08000cd2   0x08000cd2   0x00000002   Code   RO         1251    i.HAL_TIMEx_CommutCallback  stm32f1xx_hal_tim_ex.o
    0x08000cd4   0x08000cd4   0x0000007c   Code   RO         1269    i.HAL_TIMEx_MasterConfigSynchronization  stm32f1xx_hal_tim_ex.o
    0x08000d50   0x08000d50   0x0000005a   Code   RO          546    i.HAL_TIM_Base_Init  stm32f1xx_hal_tim.o
    0x08000daa   0x08000daa   0x00000002   PAD
    0x08000dac   0x08000dac   0x0000003c   Code   RO          231    i.HAL_TIM_Base_MspInit  tim.o
    0x08000de8   0x08000de8   0x0000006c   Code   RO          551    i.HAL_TIM_Base_Start_IT  stm32f1xx_hal_tim.o
    0x08000e54   0x08000e54   0x00000002   Code   RO          580    i.HAL_TIM_IC_CaptureCallback  stm32f1xx_hal_tim.o
    0x08000e56   0x08000e56   0x00000130   Code   RO          594    i.HAL_TIM_IRQHandler  stm32f1xx_hal_tim.o
    0x08000f86   0x08000f86   0x00000002   Code   RO          597    i.HAL_TIM_OC_DelayElapsedCallback  stm32f1xx_hal_tim.o
    0x08000f88   0x08000f88   0x00000002   Code   RO          624    i.HAL_TIM_PWM_PulseFinishedCallback  stm32f1xx_hal_tim.o
    0x08000f8a   0x08000f8a   0x00000002   PAD
    0x08000f8c   0x08000f8c   0x00000014   Code   RO           14    i.HAL_TIM_PeriodElapsedCallback  main.o
    0x08000fa0   0x08000fa0   0x00000002   Code   RO          637    i.HAL_TIM_TriggerCallback  stm32f1xx_hal_tim.o
    0x08000fa2   0x08000fa2   0x00000064   Code   RO         2524    i.HAL_UART_Init     stm32f1xx_hal_uart.o
    0x08001006   0x08001006   0x00000002   PAD
    0x08001008   0x08001008   0x00000070   Code   RO          273    i.HAL_UART_MspInit  usart.o
    0x08001078   0x08001078   0x000000a0   Code   RO         2532    i.HAL_UART_Transmit  stm32f1xx_hal_uart.o
    0x08001118   0x08001118   0x00000002   Code   RO          358    i.HardFault_Handler  stm32f1xx_it.o
    0x0800111a   0x0800111a   0x00000162   Code   RO         3357    i.KEY_SCAN          key.o
    0x0800127c   0x0800127c   0x000000b8   Code   RO          206    i.MX_GPIO_Init      gpio.o
    0x08001334   0x08001334   0x00000048   Code   RO          232    i.MX_TIM7_Init      tim.o
    0x0800137c   0x0800137c   0x00000038   Code   RO          274    i.MX_USART1_UART_Init  usart.o
    0x080013b4   0x080013b4   0x00000002   Code   RO          359    i.MemManage_Handler  stm32f1xx_it.o
    0x080013b6   0x080013b6   0x00000002   Code   RO          360    i.NMI_Handler       stm32f1xx_it.o
    0x080013b8   0x080013b8   0x00000002   Code   RO          361    i.PendSV_Handler    stm32f1xx_it.o
    0x080013ba   0x080013ba   0x00000002   Code   RO          362    i.SVC_Handler       stm32f1xx_it.o
    0x080013bc   0x080013bc   0x00000002   Code   RO          363    i.SysTick_Handler   stm32f1xx_it.o
    0x080013be   0x080013be   0x00000078   Code   RO           15    i.SystemClock_Config  main.o
    0x08001436   0x08001436   0x00000002   Code   RO         3323    i.SystemInit        system_stm32f1xx.o
    0x08001438   0x08001438   0x0000000c   Code   RO          364    i.TIM6_IRQHandler   stm32f1xx_it.o
    0x08001444   0x08001444   0x00000080   Code   RO          365    i.TIM7_IRQHandler   stm32f1xx_it.o
    0x080014c4   0x080014c4   0x0000009c   Code   RO          639    i.TIM_Base_SetConfig  stm32f1xx_hal_tim.o
    0x08001560   0x08001560   0x0000004e   Code   RO         2547    i.UART_EndRxTransfer  stm32f1xx_hal_uart.o
    0x080015ae   0x080015ae   0x00000002   PAD
    0x080015b0   0x080015b0   0x000000b8   Code   RO         2550    i.UART_SetConfig    stm32f1xx_hal_uart.o
    0x08001668   0x08001668   0x00000072   Code   RO         2553    i.UART_WaitOnFlagUntilTimeout  stm32f1xx_hal_uart.o
    0x080016da   0x080016da   0x00000002   PAD
    0x080016dc   0x080016dc   0x000003ac   Code   RO         3800    i.USBD_IRQHandler   usb_dc_fsdev.o
    0x08001a88   0x08001a88   0x00000006   Code   RO         3916    i.USB_LP_CAN1_RX0_IRQHandler  usb_glue_st.o
    0x08001a8e   0x08001a8e   0x00000002   Code   RO          366    i.UsageFault_Handler  stm32f1xx_it.o
    0x08001a90   0x08001a90   0x00000020   Code   RO         4193    i.__0printf$8       mc_w.l(printf8.o)
    0x08001ab0   0x08001ab0   0x00000020   Code   RO         2007    i.__NVIC_SetPriority  stm32f1xx_hal_cortex.o
    0x08001ad0   0x08001ad0   0x0000000e   Code   RO         4287    i.__scatterload_copy  mc_w.l(handlers.o)
    0x08001ade   0x08001ade   0x00000002   Code   RO         4288    i.__scatterload_null  mc_w.l(handlers.o)
    0x08001ae0   0x08001ae0   0x0000000e   Code   RO         4289    i.__scatterload_zeroinit  mc_w.l(handlers.o)
    0x08001aee   0x08001aee   0x00000002   PAD
    0x08001af0   0x08001af0   0x00000120   Code   RO         3487    i.__usbd_event_ep0_setup_complete_handler  usbd_core.o
    0x08001c10   0x08001c10   0x00000410   Code   RO         4200    i._printf_core      mc_w.l(printf8.o)
    0x08002020   0x08002020   0x00000024   Code   RO         4201    i._printf_post_padding  mc_w.l(printf8.o)
    0x08002044   0x08002044   0x0000002e   Code   RO         4202    i._printf_pre_padding  mc_w.l(printf8.o)
    0x08002072   0x08002072   0x00000002   PAD
    0x08002074   0x08002074   0x00000008   Code   RO         3714    i.config_descriptor_callback  hid_user.o
    0x0800207c   0x0800207c   0x00000008   Code   RO         3715    i.device_descriptor_callback  hid_user.o
    0x08002084   0x08002084   0x00000008   Code   RO         3716    i.device_quality_descriptor_callback  hid_user.o
    0x0800208c   0x0800208c   0x00000010   Code   RO         3488    i.dword2array       usbd_core.o
    0x0800209c   0x0800209c   0x00000018   Code   RO           16    i.fputc             main.o
    0x080020b4   0x080020b4   0x0000002c   Code   RO         3801    i.fsdev_read_pma    usb_dc_fsdev.o
    0x080020e0   0x080020e0   0x00000026   Code   RO         3802    i.fsdev_write_pma   usb_dc_fsdev.o
    0x08002106   0x08002106   0x00000002   PAD
    0x08002108   0x08002108   0x000000b0   Code   RO         3718    i.hid_keyboard_init  hid_user.o
    0x080021b8   0x080021b8   0x00000048   Code   RO         3720    i.hid_write_ep      hid_user.o
    0x08002200   0x08002200   0x0000001c   Code   RO         3489    i.is_device_configured  usbd_core.o
    0x0800221c   0x0800221c   0x00000038   Code   RO           17    i.ka_h              main.o
    0x08002254   0x08002254   0x00000038   Code   RO           18    i.ka_l              main.o
    0x0800228c   0x0800228c   0x00000054   Code   RO           19    i.main              main.o
    0x080022e0   0x080022e0   0x00000014   Code   RO         3721    i.string_descriptor_callback  hid_user.o
    0x080022f4   0x080022f4   0x00000044   Code   RO         3804    i.usb_dc_init       usb_dc_fsdev.o
    0x08002338   0x08002338   0x0000001c   Code   RO         3918    i.usb_dc_low_level_init  usb_glue_st.o
    0x08002354   0x08002354   0x0000001c   Code   RO         3490    i.usb_device_is_configured  usbd_core.o
    0x08002370   0x08002370   0x000000d2   Code   RO         3492    i.usb_memcpy        usbd_core.o
    0x08002442   0x08002442   0x00000002   PAD
    0x08002444   0x08002444   0x00000058   Code   RO         3493    i.usbd_add_endpoint  usbd_core.o
    0x0800249c   0x0800249c   0x00000058   Code   RO         3495    i.usbd_class_event_notify_handler  usbd_core.o
    0x080024f4   0x080024f4   0x00000094   Code   RO         3496    i.usbd_class_request_handler  usbd_core.o
    0x08002588   0x08002588   0x00000044   Code   RO         3498    i.usbd_desc_register  usbd_core.o
    0x080025cc   0x080025cc   0x00000088   Code   RO         3807    i.usbd_ep_clear_stall  usb_dc_fsdev.o
    0x08002654   0x08002654   0x00000068   Code   RO         3808    i.usbd_ep_close     usb_dc_fsdev.o
    0x080026bc   0x080026bc   0x0000003c   Code   RO         3809    i.usbd_ep_is_stalled  usb_dc_fsdev.o
    0x080026f8   0x080026f8   0x000001e0   Code   RO         3810    i.usbd_ep_open      usb_dc_fsdev.o
    0x080028d8   0x080028d8   0x0000003c   Code   RO         3811    i.usbd_ep_set_stall  usb_dc_fsdev.o
    0x08002914   0x08002914   0x00000058   Code   RO         3812    i.usbd_ep_start_read  usb_dc_fsdev.o
    0x0800296c   0x0800296c   0x00000080   Code   RO         3813    i.usbd_ep_start_write  usb_dc_fsdev.o
    0x080029ec   0x080029ec   0x00000064   Code   RO         3501    i.usbd_event_ep0_in_complete_handler  usbd_core.o
    0x08002a50   0x08002a50   0x00000078   Code   RO         3502    i.usbd_event_ep0_out_complete_handler  usbd_core.o
    0x08002ac8   0x08002ac8   0x00000028   Code   RO         3503    i.usbd_event_ep0_setup_complete_handler  usbd_core.o
    0x08002af0   0x08002af0   0x0000002c   Code   RO         3504    i.usbd_event_ep_in_complete_handler  usbd_core.o
    0x08002b1c   0x08002b1c   0x0000002c   Code   RO         3505    i.usbd_event_ep_out_complete_handler  usbd_core.o
    0x08002b48   0x08002b48   0x00000030   Code   RO         3723    i.usbd_event_handler  hid_user.o
    0x08002b78   0x08002b78   0x0000007c   Code   RO         3506    i.usbd_event_reset_handler  usbd_core.o
    0x08002bf4   0x08002bf4   0x000001d0   Code   RO         3510    i.usbd_get_descriptor  usbd_core.o
    0x08002dc4   0x08002dc4   0x00000004   Code   RO         3814    i.usbd_get_port_speed  usb_dc_fsdev.o
    0x08002dc8   0x08002dc8   0x0000000c   Code   RO         3724    i.usbd_hid_int_callback  hid_user.o
    0x08002dd4   0x08002dd4   0x00000024   Code   RO         3725    i.usbd_hid_out_callback  hid_user.o
    0x08002df8   0x08002df8   0x00000040   Code   RO         3514    i.usbd_initialize   usbd_core.o
    0x08002e38   0x08002e38   0x0000009c   Code   RO           20    i.usbd_port_config  main.o
    0x08002ed4   0x08002ed4   0x00000048   Code   RO         3515    i.usbd_print_setup  usbd_core.o
    0x08002f1c   0x08002f1c   0x0000001c   Code   RO         3815    i.usbd_set_address  usb_dc_fsdev.o
    0x08002f38   0x08002f38   0x00000084   Code   RO         3517    i.usbd_set_configuration  usbd_core.o
    0x08002fbc   0x08002fbc   0x00000070   Code   RO         3518    i.usbd_set_endpoint  usbd_core.o
    0x0800302c   0x0800302c   0x000000ac   Code   RO         3519    i.usbd_set_interface  usbd_core.o
    0x080030d8   0x080030d8   0x000000fc   Code   RO         3520    i.usbd_setup_request_handler  usbd_core.o
    0x080031d4   0x080031d4   0x000000f0   Code   RO         3521    i.usbd_std_device_req_handler  usbd_core.o
    0x080032c4   0x080032c4   0x000000f4   Code   RO         3522    i.usbd_std_endpoint_req_handler  usbd_core.o
    0x080033b8   0x080033b8   0x00000128   Code   RO         3523    i.usbd_std_interface_req_handler  usbd_core.o
    0x080034e0   0x080034e0   0x000000e0   Code   RO         3524    i.usbd_vendor_request_handler  usbd_core.o
    0x080035c0   0x080035c0   0x00000012   Data   RO         1705    .constdata          stm32f1xx_hal_rcc.o
    0x080035d2   0x080035d2   0x00000010   Data   RO         3324    .constdata          system_stm32f1xx.o
    0x080035e2   0x080035e2   0x00000008   Data   RO         3325    .constdata          system_stm32f1xx.o
    0x080035ea   0x080035ea   0x00000002   Data   RO         3731    .constdata          hid_user.o
    0x080035ec   0x080035ec   0x000000dc   Data   RO         3732    .constdata          hid_user.o
    0x080036c8   0x080036c8   0x0000005d   Data   RO         3525    .conststring        usbd_core.o
    0x08003725   0x08003725   0x00000003   PAD
    0x08003728   0x08003728   0x00000022   Data   RO         3733    .conststring        hid_user.o
    0x0800374a   0x0800374a   0x00000002   PAD
    0x0800374c   0x0800374c   0x00000020   Data   RO         4285    Region$$Table       anon$$obj.o


    Execution Region RW_IRAM1 (Exec base: 0x20000000, Load base: 0x0800376c, Size: 0x000017e0, Max: 0x00010000, ABSOLUTE, COMPRESSED[0x0000006c])

    Exec Addr    Load Addr    Size         Type   Attr      Idx    E Section Name        Object

    0x20000000   COMPRESSED   0x00000028   Data   RW           22    .data               main.o
    0x20000028   COMPRESSED   0x00000018   Data   RW           23    .data               main.o
    0x20000040   COMPRESSED   0x00000002   Data   RW           24    .data               main.o
    0x20000042   COMPRESSED   0x00000002   Data   RW           25    .data               main.o
    0x20000044   COMPRESSED   0x00000002   Data   RW           26    .data               main.o
    0x20000046   COMPRESSED   0x00000002   Data   RW          367    .data               stm32f1xx_it.o
    0x20000048   COMPRESSED   0x0000000c   Data   RW         1542    .data               stm32f1xx_hal.o
    0x20000054   COMPRESSED   0x00000004   Data   RW         3326    .data               system_stm32f1xx.o
    0x20000058   COMPRESSED   0x00000008   Data   RW         3526    .data               usbd_core.o
    0x20000060   COMPRESSED   0x00000084   Data   RW         3734    .data               hid_user.o
    0x200000e4   COMPRESSED   0x00000004   Data   RW         3919    .data               usb_glue_st.o
    0x200000e8   COMPRESSED   0x00000004   Data   RW         4261    .data               mc_w.l(stdout.o)
    0x200000ec   COMPRESSED   0x000003fc   Data   RW         3527    .noncacheable       usbd_core.o
    0x200004e8   COMPRESSED   0x00000040   Data   RW         3735    .noncacheable       hid_user.o
    0x20000528        -       0x0000000a   Zero   RW           21    .bss                main.o
    0x20000532   COMPRESSED   0x00000002   PAD
    0x20000534        -       0x00000048   Zero   RW          233    .bss                tim.o
    0x2000057c        -       0x00000048   Zero   RW          275    .bss                usart.o
    0x200005c4        -       0x00000048   Zero   RW          472    .bss                stm32f1xx_hal_timebase_tim.o
    0x2000060c        -       0x00000040   Zero   RW         3726    .bss                hid_user.o
    0x2000064c        -       0x00000190   Zero   RW         3817    .bss                usb_dc_fsdev.o
    0x200007dc   COMPRESSED   0x00000004   PAD
    0x200007e0        -       0x00001000   Zero   RW            1    STACK               startup_stm32f103xe.o


==============================================================================

Image component sizes


      Code (inc. data)   RO Data    RW Data    ZI Data      Debug   Object Name

       184         18          0          0          0        955   gpio.o
       388         66        256        196         64       6758   hid_user.o
       354          0          0          0          0       1211   key.o
       520         42          0         70         10     506853   main.o
        36          8        304          0       4096        812   startup_stm32f103xe.o
       100         18          0         12          0       5906   stm32f1xx_hal.o
       158         14          0          0          0      28218   stm32f1xx_hal_cortex.o
       524         42          0          0          0       3567   stm32f1xx_hal_gpio.o
        60          8          0          0          0        890   stm32f1xx_hal_msp.o
      1304         94         18          0          0       5793   stm32f1xx_hal_rcc.o
       236         12          0          0          0       1396   stm32f1xx_hal_rcc_ex.o
       666         42          0          0          0       6769   stm32f1xx_hal_tim.o
       128         20          0          0          0       2433   stm32f1xx_hal_tim_ex.o
       152         20          0          0         72       1499   stm32f1xx_hal_timebase_tim.o
       636          6          0          0          0       4680   stm32f1xx_hal_uart.o
       158         26          0          2          0       4938   stm32f1xx_it.o
         2          0         24          4          0       1143   system_stm32f1xx.o
       132         20          0          0         72       1606   tim.o
       168         20          0          0         72       1710   usart.o
        76         10          0          0          0        862   usb.o
      2178         80          0          0        400      58496   usb_dc_fsdev.o
        34         10          0          4          0       1645   usb_glue_st.o
      3706        506         93       1028          0      26581   usbd_core.o
         0          0          0          0          0      22799   usbd_hid.o

    ----------------------------------------------------------------------
     11916       1082        732       1316       4792     697520   Object Totals
         0          0         32          0          0          0   (incl. Generated)
        16          0          5          0          6          0   (incl. Padding)

    ----------------------------------------------------------------------

      Code (inc. data)   RO Data    RW Data    ZI Data      Debug   Library Member Name

        86          0          0          0          0          0   __dczerorl2.o
         0          0          0          0          0          0   entry.o
         0          0          0          0          0          0   entry10a.o
         0          0          0          0          0          0   entry11a.o
         8          4          0          0          0          0   entry2.o
         4          0          0          0          0          0   entry5.o
         0          0          0          0          0          0   entry7b.o
         0          0          0          0          0          0   entry8b.o
         8          4          0          0          0          0   entry9a.o
        30          0          0          0          0          0   handlers.o
        36          8          0          0          0         68   init.o
        30          0          0          0          0         68   llshl.o
        32          0          0          0          0         68   llushr.o
        36          0          0          0          0        108   memseta.o
      1154         54          0          0          0        352   printf8.o
         0          0          0          4          0          0   stdout.o
        14          0          0          0          0         68   strlen.o
        98          0          0          0          0         92   uldiv.o

    ----------------------------------------------------------------------
      1540         70          0          4          0        824   Library Totals
         4          0          0          0          0          0   (incl. Padding)

    ----------------------------------------------------------------------

      Code (inc. data)   RO Data    RW Data    ZI Data      Debug   Library Name

      1536         70          0          4          0        824   mc_w.l

    ----------------------------------------------------------------------
      1540         70          0          4          0        824   Library Totals

    ----------------------------------------------------------------------

==============================================================================


      Code (inc. data)   RO Data    RW Data    ZI Data      Debug   

     13456       1152        732       1320       4792     692596   Grand Totals
     13456       1152        732        108       4792     692596   ELF Image Totals (compressed)
     13456       1152        732        108          0          0   ROM Totals

==============================================================================

    Total RO  Size (Code + RO Data)                14188 (  13.86kB)
    Total RW  Size (RW Data + ZI Data)              6112 (   5.97kB)
    Total ROM Size (Code + RO Data + RW Data)      14296 (  13.96kB)

==============================================================================

