E:/GitHub_BAIJING_WorkSpace/USB_keypad_data/XINPUT/ST_USB_cmake/Core/Src/main.c:36:6:ka_h	16	static
E:/GitHub_BAIJING_WorkSpace/USB_keypad_data/XINPUT/ST_USB_cmake/Core/Src/main.c:54:6:ka_l	16	static
E:/GitHub_BAIJING_WorkSpace/USB_keypad_data/XINPUT/ST_USB_cmake/Core/Src/main.c:79:6:usbd_port_config	40	static
E:/GitHub_BAIJING_WorkSpace/USB_keypad_data/XINPUT/ST_USB_cmake/Core/Src/main.c:154:5:main	8	static
E:/GitHub_BAIJING_WorkSpace/USB_keypad_data/XINPUT/ST_USB_cmake/Core/Src/main.c:204:6:SystemClock_Config	96	static
E:/GitHub_BAIJING_WorkSpace/USB_keypad_data/XINPUT/ST_USB_cmake/Core/Src/main.c:258:6:HAL_TIM_PeriodElapsedCallback	16	static
E:/GitHub_BAIJING_WorkSpace/USB_keypad_data/XINPUT/ST_USB_cmake/Core/Src/main.c:276:6:Error_Handler	4	static
