C:/Users/BaiJiang/Desktop/CherryUsb_t/USER/CherryUSB/core/usbd_core.c:938:13:usbd_class_event_notify_handler	32	static
C:/Users/BaiJiang/Desktop/CherryUsb_t/USER/CherryUSB/core/usbd_core.c:88:13:usbd_print_setup	16	static
C:/Users/BaiJiang/Desktop/CherryUsb_t/USER/CherryUSB/core/usbd_core.c:125:13:usbd_set_endpoint	24	static
C:/Users/BaiJiang/Desktop/CherryUsb_t/USER/CherryUSB/core/usbd_core.c:1110:13:usbd_event_ep0_in_complete_handler	16	static
C:/Users/BaiJiang/Desktop/CherryUsb_t/USER/CherryUSB/core/usbd_core.c:901:13:usbd_setup_request_handler	56	static
C:/Users/BaiJiang/Desktop/CherryUsb_t/USER/CherryUSB/core/usbd_core.c:1160:13:usbd_event_ep0_out_complete_handler	24	static
C:/Users/BaiJiang/Desktop/CherryUsb_t/USER/CherryUSB/common/usb_memcpy.h:22:21:usb_memcpy.isra	20	static
C:/Users/BaiJiang/Desktop/CherryUsb_t/USER/CherryUSB/core/usbd_core.c:956:6:usbd_event_sof_handler	0	static
C:/Users/BaiJiang/Desktop/CherryUsb_t/USER/CherryUSB/core/usbd_core.c:961:6:usbd_event_connect_handler	0	static
C:/Users/BaiJiang/Desktop/CherryUsb_t/USER/CherryUSB/core/usbd_core.c:966:6:usbd_event_disconnect_handler	0	static
C:/Users/BaiJiang/Desktop/CherryUsb_t/USER/CherryUSB/core/usbd_core.c:972:6:usbd_event_resume_handler	0	static
C:/Users/BaiJiang/Desktop/CherryUsb_t/USER/CherryUSB/core/usbd_core.c:978:6:usbd_event_suspend_handler	0	static
C:/Users/BaiJiang/Desktop/CherryUsb_t/USER/CherryUSB/core/usbd_core.c:986:6:usbd_event_reset_handler	24	static
C:/Users/BaiJiang/Desktop/CherryUsb_t/USER/CherryUSB/core/usbd_core.c:1097:6:usbd_event_ep0_setup_complete_handler	32	static
C:/Users/BaiJiang/Desktop/CherryUsb_t/USER/CherryUSB/core/usbd_core.c:1202:6:usbd_event_ep_in_complete_handler	8	static
C:/Users/BaiJiang/Desktop/CherryUsb_t/USER/CherryUSB/core/usbd_core.c:1209:6:usbd_event_ep_out_complete_handler	8	static
C:/Users/BaiJiang/Desktop/CherryUsb_t/USER/CherryUSB/core/usbd_core.c:1216:6:usbd_desc_register	8	static
C:/Users/BaiJiang/Desktop/CherryUsb_t/USER/CherryUSB/core/usbd_core.c:1229:6:usbd_add_interface	8	static
C:/Users/BaiJiang/Desktop/CherryUsb_t/USER/CherryUSB/core/usbd_core.c:1236:6:usbd_add_endpoint	16	static
C:/Users/BaiJiang/Desktop/CherryUsb_t/USER/CherryUSB/core/usbd_core.c:1247:10:usbd_get_ep_mps	8	static
C:/Users/BaiJiang/Desktop/CherryUsb_t/USER/CherryUSB/core/usbd_core.c:1256:9:usbd_get_ep_mult	8	static
C:/Users/BaiJiang/Desktop/CherryUsb_t/USER/CherryUSB/core/usbd_core.c:1265:6:usb_device_is_configured	0	static
C:/Users/BaiJiang/Desktop/CherryUsb_t/USER/CherryUSB/core/usbd_core.c:1270:6:usb_device_is_suspend	0	static
C:/Users/BaiJiang/Desktop/CherryUsb_t/USER/CherryUSB/core/usbd_core.c:1275:5:usbd_send_remote_wakeup	16	static
C:/Users/BaiJiang/Desktop/CherryUsb_t/USER/CherryUSB/core/usbd_core.c:1293:9:usbd_get_ep0_next_state	0	static
C:/Users/BaiJiang/Desktop/CherryUsb_t/USER/CherryUSB/core/usbd_core.c:1341:5:usbd_initialize	16	static
C:/Users/BaiJiang/Desktop/CherryUsb_t/USER/CherryUSB/core/usbd_core.c:1373:5:usbd_deinitialize	8	static
