E:/GitHub_BAIJING_WorkSpace/USB_keypad_data/XINPUT/ST_USB_cmake/Core/Src/stm32f1xx_it.c:80:6:NMI_Handler	4	static
E:/GitHub_BAIJING_WorkSpace/USB_keypad_data/XINPUT/ST_USB_cmake/Core/Src/stm32f1xx_it.c:95:6:HardFault_Handler	4	static
E:/GitHub_BAIJING_WorkSpace/USB_keypad_data/XINPUT/ST_USB_cmake/Core/Src/stm32f1xx_it.c:110:6:MemManage_Handler	4	static
E:/GitHub_BAIJING_WorkSpace/USB_keypad_data/XINPUT/ST_USB_cmake/Core/Src/stm32f1xx_it.c:125:6:BusFault_Handler	4	static
E:/GitHub_BAIJING_WorkSpace/USB_keypad_data/XINPUT/ST_USB_cmake/Core/Src/stm32f1xx_it.c:140:6:UsageFault_Handler	4	static
E:/GitHub_BAIJING_WorkSpace/USB_keypad_data/XINPUT/ST_USB_cmake/Core/Src/stm32f1xx_it.c:155:6:SVC_Handler	4	static
E:/GitHub_BAIJING_WorkSpace/USB_keypad_data/XINPUT/ST_USB_cmake/Core/Src/stm32f1xx_it.c:168:6:DebugMon_Handler	4	static
E:/GitHub_BAIJING_WorkSpace/USB_keypad_data/XINPUT/ST_USB_cmake/Core/Src/stm32f1xx_it.c:181:6:PendSV_Handler	4	static
E:/GitHub_BAIJING_WorkSpace/USB_keypad_data/XINPUT/ST_USB_cmake/Core/Src/stm32f1xx_it.c:194:6:SysTick_Handler	4	static
E:/GitHub_BAIJING_WorkSpace/USB_keypad_data/XINPUT/ST_USB_cmake/Core/Src/stm32f1xx_it.c:215:6:USB_LP_CAN1_RX0_IRQHandler	8	static
E:/GitHub_BAIJING_WorkSpace/USB_keypad_data/XINPUT/ST_USB_cmake/Core/Src/stm32f1xx_it.c:229:6:TIM6_IRQHandler	8	static
E:/GitHub_BAIJING_WorkSpace/USB_keypad_data/XINPUT/ST_USB_cmake/Core/Src/stm32f1xx_it.c:243:6:TIM7_IRQHandler	8	static
