Archive member included to satisfy reference by file (symbol)

D:/GCC/xpack-arm-none-eabi-gcc-13.2.1-1.1/bin/../lib/gcc/arm-none-eabi/13.2.1/../../../../arm-none-eabi/lib/thumb/v7-m/nofp\libc_nano.a(libc_a-atexit.o)
                              D:/GCC/xpack-arm-none-eabi-gcc-13.2.1-1.1/bin/../lib/gcc/arm-none-eabi/13.2.1/../../../../arm-none-eabi/lib/thumb/v7-m/nofp/crt0.o (atexit)
D:/GCC/xpack-arm-none-eabi-gcc-13.2.1-1.1/bin/../lib/gcc/arm-none-eabi/13.2.1/../../../../arm-none-eabi/lib/thumb/v7-m/nofp\libc_nano.a(libc_a-exit.o)
                              D:/GCC/xpack-arm-none-eabi-gcc-13.2.1-1.1/bin/../lib/gcc/arm-none-eabi/13.2.1/../../../../arm-none-eabi/lib/thumb/v7-m/nofp/crt0.o (exit)
D:/GCC/xpack-arm-none-eabi-gcc-13.2.1-1.1/bin/../lib/gcc/arm-none-eabi/13.2.1/../../../../arm-none-eabi/lib/thumb/v7-m/nofp\libc_nano.a(libc_a-findfp.o)
                              D:/GCC/xpack-arm-none-eabi-gcc-13.2.1-1.1/bin/../lib/gcc/arm-none-eabi/13.2.1/../../../../arm-none-eabi/lib/thumb/v7-m/nofp\libc_nano.a(libc_a-exit.o) (__stdio_exit_handler)
D:/GCC/xpack-arm-none-eabi-gcc-13.2.1-1.1/bin/../lib/gcc/arm-none-eabi/13.2.1/../../../../arm-none-eabi/lib/thumb/v7-m/nofp\libc_nano.a(libc_a-fwalk.o)
                              D:/GCC/xpack-arm-none-eabi-gcc-13.2.1-1.1/bin/../lib/gcc/arm-none-eabi/13.2.1/../../../../arm-none-eabi/lib/thumb/v7-m/nofp\libc_nano.a(libc_a-findfp.o) (_fwalk_sglue)
D:/GCC/xpack-arm-none-eabi-gcc-13.2.1-1.1/bin/../lib/gcc/arm-none-eabi/13.2.1/../../../../arm-none-eabi/lib/thumb/v7-m/nofp\libc_nano.a(libc_a-printf.o)
                              build/usbd_core.o (printf)
D:/GCC/xpack-arm-none-eabi-gcc-13.2.1-1.1/bin/../lib/gcc/arm-none-eabi/13.2.1/../../../../arm-none-eabi/lib/thumb/v7-m/nofp\libc_nano.a(libc_a-puts.o)
                              build/usbd_core.o (puts)
D:/GCC/xpack-arm-none-eabi-gcc-13.2.1-1.1/bin/../lib/gcc/arm-none-eabi/13.2.1/../../../../arm-none-eabi/lib/thumb/v7-m/nofp\libc_nano.a(libc_a-setvbuf.o)
                              build/main.o (setvbuf)
D:/GCC/xpack-arm-none-eabi-gcc-13.2.1-1.1/bin/../lib/gcc/arm-none-eabi/13.2.1/../../../../arm-none-eabi/lib/thumb/v7-m/nofp\libc_nano.a(libc_a-stdio.o)
                              D:/GCC/xpack-arm-none-eabi-gcc-13.2.1-1.1/bin/../lib/gcc/arm-none-eabi/13.2.1/../../../../arm-none-eabi/lib/thumb/v7-m/nofp\libc_nano.a(libc_a-findfp.o) (__sread)
D:/GCC/xpack-arm-none-eabi-gcc-13.2.1-1.1/bin/../lib/gcc/arm-none-eabi/13.2.1/../../../../arm-none-eabi/lib/thumb/v7-m/nofp\libc_nano.a(libc_a-wbuf.o)
                              D:/GCC/xpack-arm-none-eabi-gcc-13.2.1-1.1/bin/../lib/gcc/arm-none-eabi/13.2.1/../../../../arm-none-eabi/lib/thumb/v7-m/nofp\libc_nano.a(libc_a-puts.o) (__swbuf_r)
D:/GCC/xpack-arm-none-eabi-gcc-13.2.1-1.1/bin/../lib/gcc/arm-none-eabi/13.2.1/../../../../arm-none-eabi/lib/thumb/v7-m/nofp\libc_nano.a(libc_a-wsetup.o)
                              D:/GCC/xpack-arm-none-eabi-gcc-13.2.1-1.1/bin/../lib/gcc/arm-none-eabi/13.2.1/../../../../arm-none-eabi/lib/thumb/v7-m/nofp\libc_nano.a(libc_a-puts.o) (__swsetup_r)
D:/GCC/xpack-arm-none-eabi-gcc-13.2.1-1.1/bin/../lib/gcc/arm-none-eabi/13.2.1/../../../../arm-none-eabi/lib/thumb/v7-m/nofp\libc_nano.a(libc_a-memset.o)
                              D:/GCC/xpack-arm-none-eabi-gcc-13.2.1-1.1/bin/../lib/gcc/arm-none-eabi/13.2.1/../../../../arm-none-eabi/lib/thumb/v7-m/nofp/crt0.o (memset)
D:/GCC/xpack-arm-none-eabi-gcc-13.2.1-1.1/bin/../lib/gcc/arm-none-eabi/13.2.1/../../../../arm-none-eabi/lib/thumb/v7-m/nofp\libc_nano.a(libc_a-closer.o)
                              D:/GCC/xpack-arm-none-eabi-gcc-13.2.1-1.1/bin/../lib/gcc/arm-none-eabi/13.2.1/../../../../arm-none-eabi/lib/thumb/v7-m/nofp\libc_nano.a(libc_a-stdio.o) (_close_r)
D:/GCC/xpack-arm-none-eabi-gcc-13.2.1-1.1/bin/../lib/gcc/arm-none-eabi/13.2.1/../../../../arm-none-eabi/lib/thumb/v7-m/nofp\libc_nano.a(libc_a-reent.o)
                              D:/GCC/xpack-arm-none-eabi-gcc-13.2.1-1.1/bin/../lib/gcc/arm-none-eabi/13.2.1/../../../../arm-none-eabi/lib/thumb/v7-m/nofp\libc_nano.a(libc_a-closer.o) (errno)
D:/GCC/xpack-arm-none-eabi-gcc-13.2.1-1.1/bin/../lib/gcc/arm-none-eabi/13.2.1/../../../../arm-none-eabi/lib/thumb/v7-m/nofp\libc_nano.a(libc_a-impure.o)
                              build/main.o (_impure_ptr)
D:/GCC/xpack-arm-none-eabi-gcc-13.2.1-1.1/bin/../lib/gcc/arm-none-eabi/13.2.1/../../../../arm-none-eabi/lib/thumb/v7-m/nofp\libc_nano.a(libc_a-lseekr.o)
                              D:/GCC/xpack-arm-none-eabi-gcc-13.2.1-1.1/bin/../lib/gcc/arm-none-eabi/13.2.1/../../../../arm-none-eabi/lib/thumb/v7-m/nofp\libc_nano.a(libc_a-stdio.o) (_lseek_r)
D:/GCC/xpack-arm-none-eabi-gcc-13.2.1-1.1/bin/../lib/gcc/arm-none-eabi/13.2.1/../../../../arm-none-eabi/lib/thumb/v7-m/nofp\libc_nano.a(libc_a-readr.o)
                              D:/GCC/xpack-arm-none-eabi-gcc-13.2.1-1.1/bin/../lib/gcc/arm-none-eabi/13.2.1/../../../../arm-none-eabi/lib/thumb/v7-m/nofp\libc_nano.a(libc_a-stdio.o) (_read_r)
[...]
Memory Configuration

Name             Origin             Length             Attributes
RAM              0x20000000         0x00010000         xrw
FLASH            0x08000000         0x00080000         xr
*default*        0x00000000         0xffffffff

Linker script and memory map

LOAD D:/GCC/xpack-arm-none-eabi-gcc-13.2.1-1.1/bin/../lib/gcc/arm-none-eabi/13.2.1/thumb/v7-m/nofp/crti.o
LOAD D:/GCC/xpack-arm-none-eabi-gcc-13.2.1-1.1/bin/../lib/gcc/arm-none-eabi/13.2.1/thumb/v7-m/nofp/crtbegin.o
LOAD D:/GCC/xpack-arm-none-eabi-gcc-13.2.1-1.1/bin/../lib/gcc/arm-none-eabi/13.2.1/../../../../arm-none-eabi/lib/thumb/v7-m/nofp/crt0.o
LOAD build/main.o
LOAD build/gpio.o
LOAD build/tim.o
LOAD build/usart.o
LOAD build/usb.o
LOAD build/stm32f1xx_it.o
LOAD build/stm32f1xx_hal_msp.o
LOAD build/stm32f1xx_hal_timebase_tim.o
LOAD build/stm32f1xx_hal_gpio_ex.o
LOAD build/stm32f1xx_hal_tim.o
LOAD build/stm32f1xx_hal_tim_ex.o
LOAD build/stm32f1xx_hal.o
LOAD build/stm32f1xx_hal_rcc.o
LOAD build/stm32f1xx_hal_rcc_ex.o
LOAD build/stm32f1xx_hal_gpio.o
LOAD build/stm32f1xx_hal_dma.o
LOAD build/stm32f1xx_hal_cortex.o
LOAD build/stm32f1xx_hal_pwr.o
LOAD build/stm32f1xx_hal_flash.o
LOAD build/stm32f1xx_hal_flash_ex.o
LOAD build/stm32f1xx_hal_exti.o
LOAD build/stm32f1xx_hal_uart.o
LOAD build/stm32f1xx_hal_pcd.o
LOAD build/stm32f1xx_hal_pcd_ex.o
LOAD build/stm32f1xx_ll_usb.o
LOAD build/system_stm32f1xx.o
LOAD build/sysmem.o
LOAD build/syscalls.o
LOAD build/usbd_hid.o
LOAD build/usbd_core.o
LOAD build/usb_dc_fsdev.o
LOAD build/usb_glue_st.o
LOAD build/hid_user.o
LOAD build/usbd_gamepad.o
LOAD build/KEY.o
LOAD build/startup_stm32f103xe.o
LOAD D:/GCC/xpack-arm-none-eabi-gcc-13.2.1-1.1/bin/../lib/gcc/arm-none-eabi/13.2.1/../../../../arm-none-eabi/lib/thumb/v7-m/nofp\libc_nano.a
LOAD D:/GCC/xpack-arm-none-eabi-gcc-13.2.1-1.1/bin/../lib/gcc/arm-none-eabi/13.2.1/../../../../arm-none-eabi/lib/thumb/v7-m/nofp\libm.a
LOAD D:/GCC/xpack-arm-none-eabi-gcc-13.2.1-1.1/bin/../lib/gcc/arm-none-eabi/13.2.1/../../../../arm-none-eabi/lib/thumb/v7-m/nofp\libnosys.a
START GROUP
LOAD D:/GCC/xpack-arm-none-eabi-gcc-13.2.1-1.1/bin/../lib/gcc/arm-none-eabi/13.2.1/thumb/v7-m/nofp\libgcc.a
LOAD D:/GCC/xpack-arm-none-eabi-gcc-13.2.1-1.1/bin/../lib/gcc/arm-none-eabi/13.2.1/../../../../arm-none-eabi/lib/thumb/v7-m/nofp\libc_nano.a
END GROUP
START GROUP
LOAD D:/GCC/xpack-arm-none-eabi-gcc-13.2.1-1.1/bin/../lib/gcc/arm-none-eabi/13.2.1/thumb/v7-m/nofp\libgcc.a
LOAD D:/GCC/xpack-arm-none-eabi-gcc-13.2.1-1.1/bin/../lib/gcc/arm-none-eabi/13.2.1/../../../../arm-none-eabi/lib/thumb/v7-m/nofp\libc_nano.a
END GROUP
LOAD D:/GCC/xpack-arm-none-eabi-gcc-13.2.1-1.1/bin/../lib/gcc/arm-none-eabi/13.2.1/thumb/v7-m/nofp/crtend.o
LOAD D:/GCC/xpack-arm-none-eabi-gcc-13.2.1-1.1/bin/../lib/gcc/arm-none-eabi/13.2.1/thumb/v7-m/nofp/crtn.o
                0x20010000                        _estack = (ORIGIN (RAM) + LENGTH (RAM))
                0x2000fc00                        _sstack = (_estack - _Min_Stack_Size)
                0x00000200                        _Min_Heap_Size = 0x200
                0x00000400                        _Min_Stack_Size = 0x400

.isr_vector     0x08000000      0x1e4
                0x08000000                        . = ALIGN (0x4)
 *(.isr_vector)
 .isr_vector    0x08000000      0x1e4 build/startup_stm32f103xe.o
                0x08000000                g_pfnVectors
                0x080001e4                        . = ALIGN (0x4)

.text           0x080001e4     0x4f90
                0x080001e4                        . = ALIGN (0x4)
 *(.text)
 .text          0x080001e4       0x10 D:/GCC/xpack-arm-none-eabi-gcc-13.2.1-1.1/bin/../lib/gcc/arm-none-eabi/13.2.1/../../../../arm-none-eabi/lib/thumb/v7-m/nofp\libc_nano.a(libc_a-strlen.o)
                0x080001e4                strlen
 *(.text*)
 .text.__do_global_dtors_aux
                0x080001f4       0x24 D:/GCC/xpack-arm-none-eabi-gcc-13.2.1-1.1/bin/../lib/gcc/arm-none-eabi/13.2.1/thumb/v7-m/nofp/crtbegin.o
 .text.frame_dummy
                0x08000218       0x1c D:/GCC/xpack-arm-none-eabi-gcc-13.2.1-1.1/bin/../lib/gcc/arm-none-eabi/13.2.1/thumb/v7-m/nofp/crtbegin.o
 .text.ka_h     0x08000234       0x44 build/main.o
                0x08000234                ka_h
 .text.ka_l     0x08000278       0x44 build/main.o
                0x08000278                ka_l
 .text.usbd_port_config
                0x080002bc       0xbc build/main.o
                0x080002bc                usbd_port_config
 .text.HAL_TIM_PeriodElapsedCallback
                0x08000378       0x18 build/main.o
                0x08000378                HAL_TIM_PeriodElapsedCallback
 .text.Error_Handler
                0x08000390        0x4 build/main.o
                0x08000390                Error_Handler
 .text.SystemClock_Config
                0x08000394       0x84 build/main.o
                0x08000394                SystemClock_Config
 .text.main     0x08000418       0x60 build/main.o
                0x08000418                main
 .text.MX_GPIO_Init
                0x08000478       0xc4 build/gpio.o
                0x08000478                MX_GPIO_Init
 .text.MX_TIM7_Init
                0x0800053c       0x50 build/tim.o
                0x0800053c                MX_TIM7_Init
 .text.HAL_TIM_Base_MspInit
                0x0800058c       0x40 build/tim.o
                0x0800058c                HAL_TIM_Base_MspInit
 .text.MX_USART1_UART_Init
                0x080005cc       0x34 build/usart.o
                0x080005cc                MX_USART1_UART_Init
 .text.HAL_UART_MspInit
                0x08000600       0x78 build/usart.o
                0x08000600                HAL_UART_MspInit
 .text.__io_putchar
                0x08000678       0x20 build/usart.o
                0x08000678                __io_putchar
 .text.MX_USB_PCD_Init
                0x08000698       0x30 build/usb.o
                0x08000698                MX_USB_PCD_Init
 .text.HAL_PCD_MspInit
                0x080006c8       0x50 build/usb.o
                0x080006c8                HAL_PCD_MspInit
 .text.NMI_Handler
                0x08000718        0x2 build/stm32f1xx_it.o
                0x08000718                NMI_Handler
 .text.HardFault_Handler
                0x0800071a        0x2 build/stm32f1xx_it.o
                0x0800071a                HardFault_Handler
 .text.MemManage_Handler
                0x0800071c        0x2 build/stm32f1xx_it.o
                0x0800071c                MemManage_Handler
 .text.BusFault_Handler
                0x0800071e        0x2 build/stm32f1xx_it.o
                0x0800071e                BusFault_Handler
 .text.UsageFault_Handler
                0x08000720        0x2 build/stm32f1xx_it.o
                0x08000720                UsageFault_Handler
 .text.SVC_Handler
                0x08000722        0x2 build/stm32f1xx_it.o
                0x08000722                SVC_Handler
 .text.DebugMon_Handler
                0x08000724        0x2 build/stm32f1xx_it.o
                0x08000724                DebugMon_Handler
 .text.PendSV_Handler
                0x08000726        0x2 build/stm32f1xx_it.o
                0x08000726                PendSV_Handler
 .text.SysTick_Handler
                0x08000728        0x2 build/stm32f1xx_it.o
                0x08000728                SysTick_Handler
 *fill*         0x0800072a        0x2 
 .text.TIM6_IRQHandler
                0x0800072c       0x10 build/stm32f1xx_it.o
                0x0800072c                TIM6_IRQHandler
 .text.TIM7_IRQHandler
                0x0800073c       0x84 build/stm32f1xx_it.o
                0x0800073c                TIM7_IRQHandler
 .text.HAL_MspInit
                0x080007c0       0x44 build/stm32f1xx_hal_msp.o
                0x080007c0                HAL_MspInit
 .text.HAL_InitTick
                0x08000804       0xa0 build/stm32f1xx_hal_timebase_tim.o
                0x08000804                HAL_InitTick
 .text.HAL_TIM_Base_Start_IT
                0x080008a4       0x78 build/stm32f1xx_hal_tim.o
                0x080008a4                HAL_TIM_Base_Start_IT
 .text.HAL_TIM_OC_DelayElapsedCallback
                0x0800091c        0x2 build/stm32f1xx_hal_tim.o
                0x0800091c                HAL_TIM_OC_DelayElapsedCallback
 .text.HAL_TIM_IC_CaptureCallback
                0x0800091e        0x2 build/stm32f1xx_hal_tim.o
                0x0800091e                HAL_TIM_IC_CaptureCallback
 .text.HAL_TIM_PWM_PulseFinishedCallback
                0x08000920        0x2 build/stm32f1xx_hal_tim.o
                0x08000920                HAL_TIM_PWM_PulseFinishedCallback
 .text.HAL_TIM_TriggerCallback
                0x08000922        0x2 build/stm32f1xx_hal_tim.o
                0x08000922                HAL_TIM_TriggerCallback
 .text.HAL_TIM_IRQHandler
                0x08000924      0x15e build/stm32f1xx_hal_tim.o
                0x08000924                HAL_TIM_IRQHandler
 *fill*         0x08000a82        0x2 
 .text.TIM_Base_SetConfig
                0x08000a84       0xa8 build/stm32f1xx_hal_tim.o
                0x08000a84                TIM_Base_SetConfig
 .text.HAL_TIM_Base_Init
                0x08000b2c       0x58 build/stm32f1xx_hal_tim.o
                0x08000b2c                HAL_TIM_Base_Init
 .text.HAL_TIMEx_MasterConfigSynchronization
                0x08000b84       0x7c build/stm32f1xx_hal_tim_ex.o
                0x08000b84                HAL_TIMEx_MasterConfigSynchronization
 .text.HAL_TIMEx_CommutCallback
                0x08000c00        0x2 build/stm32f1xx_hal_tim_ex.o
                0x08000c00                HAL_TIMEx_CommutCallback
 .text.HAL_TIMEx_BreakCallback
                0x08000c02        0x2 build/stm32f1xx_hal_tim_ex.o
                0x08000c02                HAL_TIMEx_BreakCallback
 .text.HAL_Init
                0x08000c04       0x24 build/stm32f1xx_hal.o
                0x08000c04                HAL_Init
 .text.HAL_IncTick
                0x08000c28       0x18 build/stm32f1xx_hal.o
                0x08000c28                HAL_IncTick
 .text.HAL_GetTick
                0x08000c40        0xc build/stm32f1xx_hal.o
                0x08000c40                HAL_GetTick
 .text.HAL_Delay
                0x08000c4c       0x28 build/stm32f1xx_hal.o
                0x08000c4c                HAL_Delay
 .text.RCC_Delay
                0x08000c74       0x2c build/stm32f1xx_hal_rcc.o
 .text.HAL_RCC_OscConfig
                0x08000ca0      0x410 build/stm32f1xx_hal_rcc.o
                0x08000ca0                HAL_RCC_OscConfig
 .text.HAL_RCC_GetSysClockFreq
                0x080010b0       0x54 build/stm32f1xx_hal_rcc.o
                0x080010b0                HAL_RCC_GetSysClockFreq
 .text.HAL_RCC_ClockConfig
                0x08001104      0x16c build/stm32f1xx_hal_rcc.o
                0x08001104                HAL_RCC_ClockConfig
 .text.HAL_RCC_GetHCLKFreq
                0x08001270        0xc build/stm32f1xx_hal_rcc.o
                0x08001270                HAL_RCC_GetHCLKFreq
 .text.HAL_RCC_GetPCLK1Freq
                0x0800127c       0x20 build/stm32f1xx_hal_rcc.o
                0x0800127c                HAL_RCC_GetPCLK1Freq
 .text.HAL_RCC_GetPCLK2Freq
                0x0800129c       0x20 build/stm32f1xx_hal_rcc.o
                0x0800129c                HAL_RCC_GetPCLK2Freq
 .text.HAL_RCC_GetClockConfig
                0x080012bc       0x3c build/stm32f1xx_hal_rcc.o
                0x080012bc                HAL_RCC_GetClockConfig
 .text.HAL_RCCEx_PeriphCLKConfig
                0x080012f8      0x118 build/stm32f1xx_hal_rcc_ex.o
                0x080012f8                HAL_RCCEx_PeriphCLKConfig
 .text.HAL_GPIO_Init
                0x08001410      0x238 build/stm32f1xx_hal_gpio.o
                0x08001410                HAL_GPIO_Init
 .text.HAL_GPIO_ReadPin
                0x08001648        0xe build/stm32f1xx_hal_gpio.o
                0x08001648                HAL_GPIO_ReadPin
 .text.HAL_GPIO_WritePin
                0x08001656        0xc build/stm32f1xx_hal_gpio.o
                0x08001656                HAL_GPIO_WritePin
 *fill*         0x08001662        0x2 
 .text.__NVIC_SetPriority
                0x08001664       0x28 build/stm32f1xx_hal_cortex.o
 .text.NVIC_EncodePriority
                0x0800168c       0x3e build/stm32f1xx_hal_cortex.o
 *fill*         0x080016ca        0x2 
 .text.HAL_NVIC_SetPriorityGrouping
                0x080016cc       0x24 build/stm32f1xx_hal_cortex.o
                0x080016cc                HAL_NVIC_SetPriorityGrouping
 .text.HAL_NVIC_SetPriority
                0x080016f0       0x20 build/stm32f1xx_hal_cortex.o
                0x080016f0                HAL_NVIC_SetPriority
 .text.HAL_NVIC_EnableIRQ
                0x08001710       0x1c build/stm32f1xx_hal_cortex.o
                0x08001710                HAL_NVIC_EnableIRQ
 .text.UART_EndRxTransfer
                0x0800172c       0x5c build/stm32f1xx_hal_uart.o
 .text.UART_SetConfig
                0x08001788       0x94 build/stm32f1xx_hal_uart.o
 .text.UART_WaitOnFlagUntilTimeout
                0x0800181c       0x86 build/stm32f1xx_hal_uart.o
 .text.HAL_UART_Init
                0x080018a2       0x60 build/stm32f1xx_hal_uart.o
                0x080018a2                HAL_UART_Init
 .text.HAL_UART_Transmit
                0x08001902       0xcc build/stm32f1xx_hal_uart.o
                0x08001902                HAL_UART_Transmit
 .text.HAL_PCD_Init
                0x080019ce       0xe8 build/stm32f1xx_hal_pcd.o
                0x080019ce                HAL_PCD_Init
 .text.USB_CoreInit
                0x08001ab6        0xe build/stm32f1xx_ll_usb.o
                0x08001ab6                USB_CoreInit
 .text.USB_DisableGlobalInt
                0x08001ac4       0x14 build/stm32f1xx_ll_usb.o
                0x08001ac4                USB_DisableGlobalInt
 .text.USB_SetCurrentMode
                0x08001ad8        0x4 build/stm32f1xx_ll_usb.o
                0x08001ad8                USB_SetCurrentMode
 .text.USB_DevInit
                0x08001adc       0x22 build/stm32f1xx_ll_usb.o
                0x08001adc                USB_DevInit
 .text.USB_DevDisconnect
                0x08001afe        0x4 build/stm32f1xx_ll_usb.o
                0x08001afe                USB_DevDisconnect
 .text.SystemInit
                0x08001b02        0x2 build/system_stm32f1xx.o
                0x08001b02                SystemInit
 .text._sbrk    0x08001b04       0x48 build/sysmem.o
                0x08001b04                _sbrk
 .text._read    0x08001b4c       0x20 build/syscalls.o
                0x08001b4c                _read
 .text._write   0x08001b6c       0x1c build/syscalls.o
                0x08001b6c                _write
 .text._close   0x08001b88        0x6 build/syscalls.o
                0x08001b88                _close
 .text._fstat   0x08001b8e        0xa build/syscalls.o
                0x08001b8e                _fstat
 .text._isatty  0x08001b98        0x4 build/syscalls.o
                0x08001b98                _isatty
 .text._lseek   0x08001b9c        0x4 build/syscalls.o
                0x08001b9c                _lseek
 .text.usbd_hid_init_intf
                0x08001ba0       0x18 build/usbd_hid.o
                0x08001ba0                usbd_hid_init_intf
 .text.usbd_hid_get_report
                0x08001bb8       0x10 build/usbd_hid.o
                0x08001bb8                usbd_hid_get_report
 .text.usbd_hid_get_idle
                0x08001bc8        0x4 build/usbd_hid.o
                0x08001bc8                usbd_hid_get_idle
 .text.usbd_hid_get_protocol
                0x08001bcc        0x4 build/usbd_hid.o
                0x08001bcc                usbd_hid_get_protocol
 .text.usbd_hid_set_report
                0x08001bd0        0x2 build/usbd_hid.o
                0x08001bd0                usbd_hid_set_report
 .text.usbd_hid_set_idle
                0x08001bd2        0x2 build/usbd_hid.o
                0x08001bd2                usbd_hid_set_idle
 .text.usbd_hid_set_protocol
                0x08001bd4        0x2 build/usbd_hid.o
                0x08001bd4                usbd_hid_set_protocol
 .text.hid_class_interface_request_handler
                0x08001bd6       0xaa build/usbd_hid.o
 .text.usb_memcpy
                0x08001c80      0x11c build/usbd_core.o
 .text.is_device_configured
                0x08001d9c       0x1c build/usbd_core.o
 .text.usbd_class_request_handler
                0x08001db8       0xac build/usbd_core.o
 .text.usbd_vendor_request_handler
                0x08001e64      0x13c build/usbd_core.o
 .text.usbd_class_event_notify_handler
                0x08001fa0       0x70 build/usbd_core.o
 .text.usbd_print_setup
                0x08002010       0x38 build/usbd_core.o
 .text.usbd_set_endpoint
                0x08002048       0xa8 build/usbd_core.o
 .text.usbd_set_configuration
                0x080020f0       0x84 build/usbd_core.o
 .text.usbd_event_ep0_in_complete_handler
                0x08002174       0xa4 build/usbd_core.o
 .text.usbd_get_descriptor
                0x08002218      0x264 build/usbd_core.o
 .text.usbd_std_device_req_handler
                0x0800247c      0x178 build/usbd_core.o
 .text.usbd_reset_endpoint
                0x080025f4       0x10 build/usbd_core.o
 .text.usbd_set_interface
                0x08002604       0xb0 build/usbd_core.o
 .text.usbd_std_interface_req_handler
                0x080026b4      0x16c build/usbd_core.o
 .text.usbd_std_endpoint_req_handler
                0x08002820       0xc8 build/usbd_core.o
 .text.usbd_standard_request_handler
                0x080028e8       0x48 build/usbd_core.o
 .text.usbd_setup_request_handler
                0x08002930       0xb8 build/usbd_core.o
 .text.__usbd_event_ep0_setup_complete_handler
                0x080029e8      0x180 build/usbd_core.o
 .text.usbd_event_ep0_out_complete_handler
                0x08002b68       0xa8 build/usbd_core.o
 .text.usbd_event_reset_handler
                0x08002c10       0xd8 build/usbd_core.o
                0x08002c10                usbd_event_reset_handler
 .text.usbd_event_ep0_setup_complete_handler
                0x08002ce8       0x24 build/usbd_core.o
                0x08002ce8                usbd_event_ep0_setup_complete_handler
 .text.usbd_event_ep_in_complete_handler
                0x08002d0c       0x28 build/usbd_core.o
                0x08002d0c                usbd_event_ep_in_complete_handler
 .text.usbd_event_ep_out_complete_handler
                0x08002d34       0x28 build/usbd_core.o
                0x08002d34                usbd_event_ep_out_complete_handler
 .text.usbd_desc_register
                0x08002d5c       0x4c build/usbd_core.o
                0x08002d5c                usbd_desc_register
 .text.usbd_add_interface
                0x08002da8       0x34 build/usbd_core.o
                0x08002da8                usbd_add_interface
 .text.usbd_add_endpoint
                0x08002ddc       0x70 build/usbd_core.o
                0x08002ddc                usbd_add_endpoint
 .text.usb_device_is_configured
                0x08002e4c       0x1c build/usbd_core.o
                0x08002e4c                usb_device_is_configured
 .text.usbd_initialize
                0x08002e68       0x90 build/usbd_core.o
                0x08002e68                usbd_initialize
 .text.fsdev_write_pma
                0x08002ef8       0x26 build/usb_dc_fsdev.o
 .text.fsdev_read_pma
                0x08002f1e       0x30 build/usb_dc_fsdev.o
 *fill*         0x08002f4e        0x2 
 .text.usb_dc_init
                0x08002f50       0x40 build/usb_dc_fsdev.o
                0x08002f50                usb_dc_init
 .text.usbd_set_address
                0x08002f90       0x20 build/usb_dc_fsdev.o
                0x08002f90                usbd_set_address
 .text.usbd_get_port_speed
                0x08002fb0        0x4 build/usb_dc_fsdev.o
                0x08002fb0                usbd_get_port_speed
 .text.usbd_ep_open
                0x08002fb4      0x398 build/usb_dc_fsdev.o
                0x08002fb4                usbd_ep_open
 .text.usbd_ep_close
                0x0800334c       0xa0 build/usb_dc_fsdev.o
                0x0800334c                usbd_ep_close
 .text.usbd_ep_set_stall
                0x080033ec       0x58 build/usb_dc_fsdev.o
                0x080033ec                usbd_ep_set_stall
 .text.usbd_ep_clear_stall
                0x08003444       0xbc build/usb_dc_fsdev.o
                0x08003444                usbd_ep_clear_stall
 .text.usbd_ep_is_stalled
                0x08003500       0x44 build/usb_dc_fsdev.o
                0x08003500                usbd_ep_is_stalled
 .text.usbd_ep_start_write
                0x08003544       0xa4 build/usb_dc_fsdev.o
                0x08003544                usbd_ep_start_write
 .text.usbd_ep_start_read
                0x080035e8       0x70 build/usb_dc_fsdev.o
                0x080035e8                usbd_ep_start_read
 .text.USBD_IRQHandler
                0x08003658      0x508 build/usb_dc_fsdev.o
                0x08003658                USBD_IRQHandler
 .text.usb_dc_low_level_init
                0x08003b60       0x1c build/usb_glue_st.o
                0x08003b60                usb_dc_low_level_init
 .text.USB_LP_CAN1_RX0_IRQHandler
                0x08003b7c        0xa build/usb_glue_st.o
                0x08003b7c                USB_LP_CAN1_RX0_IRQHandler
 *fill*         0x08003b86        0x2 
 .text.device_descriptor_callback
                0x08003b88        0x8 build/hid_user.o
 .text.config_descriptor_callback
                0x08003b90        0x8 build/hid_user.o
 .text.device_quality_descriptor_callback
                0x08003b98        0x8 build/hid_user.o
 .text.string_descriptor_callback
                0x08003ba0       0x14 build/hid_user.o
 .text.usbd_hid_int_callback
                0x08003bb4        0xc build/hid_user.o
                0x08003bb4                usbd_hid_int_callback
 .text.usbd_hid_out_callback
                0x08003bc0       0x20 build/hid_user.o
                0x08003bc0                usbd_hid_out_callback
 .text.usbd_event_handler
                0x08003be0       0x2c build/hid_user.o
 .text.hid_keyboard_init
                0x08003c0c      0x114 build/hid_user.o
                0x08003c0c                hid_keyboard_init
 .text.hid_write_ep
                0x08003d20       0x54 build/hid_user.o
                0x08003d20                hid_write_ep
 .text.usb_memcpy
                0x08003d74      0x11c build/usbd_gamepad.o
 .text.xinput_vendor_class_request_handler
                0x08003e90       0x2c build/usbd_gamepad.o
 .text.usbd_gamepad_xinput_init_intf
                0x08003ebc       0x14 build/usbd_gamepad.o
                0x08003ebc                usbd_gamepad_xinput_init_intf
 .text.KEY_SCAN
                0x08003ed0      0x19c build/KEY.o
                0x08003ed0                KEY_SCAN
 .text.Reset_Handler
                0x0800406c       0x48 build/startup_stm32f103xe.o
                0x0800406c                Reset_Handler
 .text.Default_Handler
                0x080040b4        0x2 build/startup_stm32f103xe.o
                0x080040b4                RTC_Alarm_IRQHandler
                0x080040b4                EXTI2_IRQHandler
                0x080040b4                TIM8_TRG_COM_IRQHandler
                0x080040b4                TIM8_CC_IRQHandler
                0x080040b4                TIM1_CC_IRQHandler
                0x080040b4                PVD_IRQHandler
                0x080040b4                SDIO_IRQHandler
                0x080040b4                EXTI3_IRQHandler
                0x080040b4                EXTI0_IRQHandler
                0x080040b4                I2C2_EV_IRQHandler
                0x080040b4                ADC1_2_IRQHandler
                0x080040b4                SPI1_IRQHandler
                0x080040b4                TAMPER_IRQHandler
                0x080040b4                TIM8_UP_IRQHandler
                0x080040b4                DMA2_Channel2_IRQHandler
                0x080040b4                DMA1_Channel4_IRQHandler
                0x080040b4                USART3_IRQHandler
                0x080040b4                RTC_IRQHandler
                0x080040b4                DMA1_Channel7_IRQHandler
                0x080040b4                CAN1_RX1_IRQHandler
                0x080040b4                UART5_IRQHandler
                0x080040b4                ADC3_IRQHandler
                0x080040b4                TIM4_IRQHandler
                0x080040b4                DMA2_Channel1_IRQHandler
                0x080040b4                I2C1_EV_IRQHandler
                0x080040b4                DMA1_Channel6_IRQHandler
                0x080040b4                UART4_IRQHandler
                0x080040b4                TIM3_IRQHandler
                0x080040b4                RCC_IRQHandler
                0x080040b4                TIM1_TRG_COM_IRQHandler
                0x080040b4                DMA1_Channel1_IRQHandler
                0x080040b4                Default_Handler
                0x080040b4                EXTI15_10_IRQHandler
                0x080040b4                TIM5_IRQHandler
                0x080040b4                EXTI9_5_IRQHandler
                0x080040b4                SPI2_IRQHandler
                0x080040b4                DMA1_Channel5_IRQHandler
                0x080040b4                EXTI4_IRQHandler
                0x080040b4                USB_HP_CAN1_TX_IRQHandler
                0x080040b4                DMA1_Channel3_IRQHandler
                0x080040b4                FSMC_IRQHandler
                0x080040b4                TIM1_UP_IRQHandler
                0x080040b4                WWDG_IRQHandler
                0x080040b4                TIM2_IRQHandler
                0x080040b4                TIM1_BRK_IRQHandler
                0x080040b4                EXTI1_IRQHandler
                0x080040b4                DMA2_Channel4_5_IRQHandler
                0x080040b4                USART2_IRQHandler
                0x080040b4                I2C2_ER_IRQHandler
                0x080040b4                DMA1_Channel2_IRQHandler
                0x080040b4                TIM8_BRK_IRQHandler
                0x080040b4                CAN1_SCE_IRQHandler
                0x080040b4                FLASH_IRQHandler
                0x080040b4                USART1_IRQHandler
                0x080040b4                SPI3_IRQHandler
                0x080040b4                I2C1_ER_IRQHandler
                0x080040b4                USBWakeUp_IRQHandler
                0x080040b4                DMA2_Channel3_IRQHandler
 *fill*         0x080040b6        0x2 
 .text.std      0x080040b8       0x6c D:/GCC/xpack-arm-none-eabi-gcc-13.2.1-1.1/bin/../lib/gcc/arm-none-eabi/13.2.1/../../../../arm-none-eabi/lib/thumb/v7-m/nofp\libc_nano.a(libc_a-findfp.o)
 .text.stdio_exit_handler
                0x08004124       0x18 D:/GCC/xpack-arm-none-eabi-gcc-13.2.1-1.1/bin/../lib/gcc/arm-none-eabi/13.2.1/../../../../arm-none-eabi/lib/thumb/v7-m/nofp\libc_nano.a(libc_a-findfp.o)
 .text.cleanup_stdio
                0x0800413c       0x40 D:/GCC/xpack-arm-none-eabi-gcc-13.2.1-1.1/bin/../lib/gcc/arm-none-eabi/13.2.1/../../../../arm-none-eabi/lib/thumb/v7-m/nofp\libc_nano.a(libc_a-findfp.o)
 .text.global_stdio_init.part.0
                0x0800417c       0x3c D:/GCC/xpack-arm-none-eabi-gcc-13.2.1-1.1/bin/../lib/gcc/arm-none-eabi/13.2.1/../../../../arm-none-eabi/lib/thumb/v7-m/nofp\libc_nano.a(libc_a-findfp.o)
 .text.__sfp_lock_acquire
                0x080041b8        0xc D:/GCC/xpack-arm-none-eabi-gcc-13.2.1-1.1/bin/../lib/gcc/arm-none-eabi/13.2.1/../../../../arm-none-eabi/lib/thumb/v7-m/nofp\libc_nano.a(libc_a-findfp.o)
                0x080041b8                __sfp_lock_acquire
 .text.__sfp_lock_release
                0x080041c4        0xc D:/GCC/xpack-arm-none-eabi-gcc-13.2.1-1.1/bin/../lib/gcc/arm-none-eabi/13.2.1/../../../../arm-none-eabi/lib/thumb/v7-m/nofp\libc_nano.a(libc_a-findfp.o)
                0x080041c4                __sfp_lock_release
 .text.__sinit  0x080041d0       0x30 D:/GCC/xpack-arm-none-eabi-gcc-13.2.1-1.1/bin/../lib/gcc/arm-none-eabi/13.2.1/../../../../arm-none-eabi/lib/thumb/v7-m/nofp\libc_nano.a(libc_a-findfp.o)
                0x080041d0                __sinit
 .text._fwalk_sglue
                0x08004200       0x3c D:/GCC/xpack-arm-none-eabi-gcc-13.2.1-1.1/bin/../lib/gcc/arm-none-eabi/13.2.1/../../../../arm-none-eabi/lib/thumb/v7-m/nofp\libc_nano.a(libc_a-fwalk.o)
                0x08004200                _fwalk_sglue
 .text.printf   0x0800423c       0x24 D:/GCC/xpack-arm-none-eabi-gcc-13.2.1-1.1/bin/../lib/gcc/arm-none-eabi/13.2.1/../../../../arm-none-eabi/lib/thumb/v7-m/nofp\libc_nano.a(libc_a-printf.o)
                0x0800423c                iprintf
                0x0800423c                printf
 .text._puts_r  0x08004260       0xaa D:/GCC/xpack-arm-none-eabi-gcc-13.2.1-1.1/bin/../lib/gcc/arm-none-eabi/13.2.1/../../../../arm-none-eabi/lib/thumb/v7-m/nofp\libc_nano.a(libc_a-puts.o)
                0x08004260                _puts_r
 *fill*         0x0800430a        0x2 
 .text.puts     0x0800430c       0x10 D:/GCC/xpack-arm-none-eabi-gcc-13.2.1-1.1/bin/../lib/gcc/arm-none-eabi/13.2.1/../../../../arm-none-eabi/lib/thumb/v7-m/nofp\libc_nano.a(libc_a-puts.o)
                0x0800430c                puts
 .text.setvbuf  0x0800431c      0x168 D:/GCC/xpack-arm-none-eabi-gcc-13.2.1-1.1/bin/../lib/gcc/arm-none-eabi/13.2.1/../../../../arm-none-eabi/lib/thumb/v7-m/nofp\libc_nano.a(libc_a-setvbuf.o)
                0x0800431c                setvbuf
 .text.__sread  0x08004484       0x22 D:/GCC/xpack-arm-none-eabi-gcc-13.2.1-1.1/bin/../lib/gcc/arm-none-eabi/13.2.1/../../../../arm-none-eabi/lib/thumb/v7-m/nofp\libc_nano.a(libc_a-stdio.o)
                0x08004484                __sread
 .text.__swrite
                0x080044a6       0x38 D:/GCC/xpack-arm-none-eabi-gcc-13.2.1-1.1/bin/../lib/gcc/arm-none-eabi/13.2.1/../../../../arm-none-eabi/lib/thumb/v7-m/nofp\libc_nano.a(libc_a-stdio.o)
                0x080044a6                __swrite
 .text.__sseek  0x080044de       0x24 D:/GCC/xpack-arm-none-eabi-gcc-13.2.1-1.1/bin/../lib/gcc/arm-none-eabi/13.2.1/../../../../arm-none-eabi/lib/thumb/v7-m/nofp\libc_nano.a(libc_a-stdio.o)
                0x080044de                __sseek
 .text.__sclose
                0x08004502        0x8 D:/GCC/xpack-arm-none-eabi-gcc-13.2.1-1.1/bin/../lib/gcc/arm-none-eabi/13.2.1/../../../../arm-none-eabi/lib/thumb/v7-m/nofp\libc_nano.a(libc_a-stdio.o)
                0x08004502                __sclose
 .text.__swbuf_r
                0x0800450a       0x7c D:/GCC/xpack-arm-none-eabi-gcc-13.2.1-1.1/bin/../lib/gcc/arm-none-eabi/13.2.1/../../../../arm-none-eabi/lib/thumb/v7-m/nofp\libc_nano.a(libc_a-wbuf.o)
                0x0800450a                __swbuf_r
 *fill*         0x08004586        0x2 
 .text.__swsetup_r
                0x08004588       0xac D:/GCC/xpack-arm-none-eabi-gcc-13.2.1-1.1/bin/../lib/gcc/arm-none-eabi/13.2.1/../../../../arm-none-eabi/lib/thumb/v7-m/nofp\libc_nano.a(libc_a-wsetup.o)
                0x08004588                __swsetup_r
 .text.memset   0x08004634       0x10 D:/GCC/xpack-arm-none-eabi-gcc-13.2.1-1.1/bin/../lib/gcc/arm-none-eabi/13.2.1/../../../../arm-none-eabi/lib/thumb/v7-m/nofp\libc_nano.a(libc_a-memset.o)
                0x08004634                memset
 .text._close_r
                0x08004644       0x20 D:/GCC/xpack-arm-none-eabi-gcc-13.2.1-1.1/bin/../lib/gcc/arm-none-eabi/13.2.1/../../../../arm-none-eabi/lib/thumb/v7-m/nofp\libc_nano.a(libc_a-closer.o)
                0x08004644                _close_r
 .text._lseek_r
                0x08004664       0x24 D:/GCC/xpack-arm-none-eabi-gcc-13.2.1-1.1/bin/../lib/gcc/arm-none-eabi/13.2.1/../../../../arm-none-eabi/lib/thumb/v7-m/nofp\libc_nano.a(libc_a-lseekr.o)
                0x08004664                _lseek_r
 .text._read_r  0x08004688       0x24 D:/GCC/xpack-arm-none-eabi-gcc-13.2.1-1.1/bin/../lib/gcc/arm-none-eabi/13.2.1/../../../../arm-none-eabi/lib/thumb/v7-m/nofp\libc_nano.a(libc_a-readr.o)
                0x08004688                _read_r
 .text._write_r
                0x080046ac       0x24 D:/GCC/xpack-arm-none-eabi-gcc-13.2.1-1.1/bin/../lib/gcc/arm-none-eabi/13.2.1/../../../../arm-none-eabi/lib/thumb/v7-m/nofp\libc_nano.a(libc_a-writer.o)
                0x080046ac                _write_r
 .text.__errno  0x080046d0        0xc D:/GCC/xpack-arm-none-eabi-gcc-13.2.1-1.1/bin/../lib/gcc/arm-none-eabi/13.2.1/../../../../arm-none-eabi/lib/thumb/v7-m/nofp\libc_nano.a(libc_a-errno.o)
                0x080046d0                __errno
 .text.__libc_init_array
                0x080046dc       0x48 D:/GCC/xpack-arm-none-eabi-gcc-13.2.1-1.1/bin/../lib/gcc/arm-none-eabi/13.2.1/../../../../arm-none-eabi/lib/thumb/v7-m/nofp\libc_nano.a(libc_a-init.o)
                0x080046dc                __libc_init_array
 .text.__retarget_lock_init_recursive
                0x08004724        0x2 D:/GCC/xpack-arm-none-eabi-gcc-13.2.1-1.1/bin/../lib/gcc/arm-none-eabi/13.2.1/../../../../arm-none-eabi/lib/thumb/v7-m/nofp\libc_nano.a(libc_a-lock.o)
                0x08004724                __retarget_lock_init_recursive
 .text.__retarget_lock_acquire_recursive
                0x08004726        0x2 D:/GCC/xpack-arm-none-eabi-gcc-13.2.1-1.1/bin/../lib/gcc/arm-none-eabi/13.2.1/../../../../arm-none-eabi/lib/thumb/v7-m/nofp\libc_nano.a(libc_a-lock.o)
                0x08004726                __retarget_lock_acquire_recursive
 .text.__retarget_lock_release_recursive
                0x08004728        0x2 D:/GCC/xpack-arm-none-eabi-gcc-13.2.1-1.1/bin/../lib/gcc/arm-none-eabi/13.2.1/../../../../arm-none-eabi/lib/thumb/v7-m/nofp\libc_nano.a(libc_a-lock.o)
                0x08004728                __retarget_lock_release_recursive
 *fill*         0x0800472a        0x2 
 .text._free_r  0x0800472c       0x90 D:/GCC/xpack-arm-none-eabi-gcc-13.2.1-1.1/bin/../lib/gcc/arm-none-eabi/13.2.1/../../../../arm-none-eabi/lib/thumb/v7-m/nofp\libc_nano.a(libc_a-freer.o)
                0x0800472c                _free_r
 .text.malloc   0x080047bc       0x10 D:/GCC/xpack-arm-none-eabi-gcc-13.2.1-1.1/bin/../lib/gcc/arm-none-eabi/13.2.1/../../../../arm-none-eabi/lib/thumb/v7-m/nofp\libc_nano.a(libc_a-malloc.o)
                0x080047bc                malloc
 .text.sbrk_aligned
                0x080047cc       0x44 D:/GCC/xpack-arm-none-eabi-gcc-13.2.1-1.1/bin/../lib/gcc/arm-none-eabi/13.2.1/../../../../arm-none-eabi/lib/thumb/v7-m/nofp\libc_nano.a(libc_a-mallocr.o)
 .text._malloc_r
                0x08004810      0x100 D:/GCC/xpack-arm-none-eabi-gcc-13.2.1-1.1/bin/../lib/gcc/arm-none-eabi/13.2.1/../../../../arm-none-eabi/lib/thumb/v7-m/nofp\libc_nano.a(libc_a-mallocr.o)
                0x08004810                _malloc_r
 .text.__malloc_lock
                0x08004910        0xc D:/GCC/xpack-arm-none-eabi-gcc-13.2.1-1.1/bin/../lib/gcc/arm-none-eabi/13.2.1/../../../../arm-none-eabi/lib/thumb/v7-m/nofp\libc_nano.a(libc_a-mlock.o)
                0x08004910                __malloc_lock
 .text.__malloc_unlock
                0x0800491c        0xc D:/GCC/xpack-arm-none-eabi-gcc-13.2.1-1.1/bin/../lib/gcc/arm-none-eabi/13.2.1/../../../../arm-none-eabi/lib/thumb/v7-m/nofp\libc_nano.a(libc_a-mlock.o)
                0x0800491c                __malloc_unlock
 .text.__sfputc_r
                0x08004928       0x2a D:/GCC/xpack-arm-none-eabi-gcc-13.2.1-1.1/bin/../lib/gcc/arm-none-eabi/13.2.1/../../../../arm-none-eabi/lib/thumb/v7-m/nofp\libc_nano.a(libc_a-nano-vfprintf.o)
 .text.__sfputs_r
                0x08004952       0x24 D:/GCC/xpack-arm-none-eabi-gcc-13.2.1-1.1/bin/../lib/gcc/arm-none-eabi/13.2.1/../../../../arm-none-eabi/lib/thumb/v7-m/nofp\libc_nano.a(libc_a-nano-vfprintf.o)
                0x08004952                __sfputs_r
 *fill*         0x08004976        0x2 
 .text._vfprintf_r
                0x08004978      0x230 D:/GCC/xpack-arm-none-eabi-gcc-13.2.1-1.1/bin/../lib/gcc/arm-none-eabi/13.2.1/../../../../arm-none-eabi/lib/thumb/v7-m/nofp\libc_nano.a(libc_a-nano-vfprintf.o)
                0x08004978                _vfprintf_r
                0x08004978                _vfiprintf_r
 .text._printf_common
                0x08004ba8       0xe4 D:/GCC/xpack-arm-none-eabi-gcc-13.2.1-1.1/bin/../lib/gcc/arm-none-eabi/13.2.1/../../../../arm-none-eabi/lib/thumb/v7-m/nofp\libc_nano.a(libc_a-nano-vfprintf_i.o)
                0x08004ba8                _printf_common
 .text._printf_i
                0x08004c8c      0x23c D:/GCC/xpack-arm-none-eabi-gcc-13.2.1-1.1/bin/../lib/gcc/arm-none-eabi/13.2.1/../../../../arm-none-eabi/lib/thumb/v7-m/nofp\libc_nano.a(libc_a-nano-vfprintf_i.o)
                0x08004c8c                _printf_i
 .text.__sflush_r
                0x08004ec8      0x100 D:/GCC/xpack-arm-none-eabi-gcc-13.2.1-1.1/bin/../lib/gcc/arm-none-eabi/13.2.1/../../../../arm-none-eabi/lib/thumb/v7-m/nofp\libc_nano.a(libc_a-fflush.o)
                0x08004ec8                __sflush_r
 .text._fflush_r
                0x08004fc8       0x50 D:/GCC/xpack-arm-none-eabi-gcc-13.2.1-1.1/bin/../lib/gcc/arm-none-eabi/13.2.1/../../../../arm-none-eabi/lib/thumb/v7-m/nofp\libc_nano.a(libc_a-fflush.o)
                0x08004fc8                _fflush_r
 .text.__swhatbuf_r
                0x08005018       0x4a D:/GCC/xpack-arm-none-eabi-gcc-13.2.1-1.1/bin/../lib/gcc/arm-none-eabi/13.2.1/../../../../arm-none-eabi/lib/thumb/v7-m/nofp\libc_nano.a(libc_a-makebuf.o)
                0x08005018                __swhatbuf_r
 .text.__smakebuf_r
                0x08005062       0x78 D:/GCC/xpack-arm-none-eabi-gcc-13.2.1-1.1/bin/../lib/gcc/arm-none-eabi/13.2.1/../../../../arm-none-eabi/lib/thumb/v7-m/nofp\libc_nano.a(libc_a-makebuf.o)
                0x08005062                __smakebuf_r
 *fill*         0x080050da        0x2 
 .text._fstat_r
                0x080050dc       0x24 D:/GCC/xpack-arm-none-eabi-gcc-13.2.1-1.1/bin/../lib/gcc/arm-none-eabi/13.2.1/../../../../arm-none-eabi/lib/thumb/v7-m/nofp\libc_nano.a(libc_a-fstatr.o)
                0x080050dc                _fstat_r
 .text._isatty_r
                0x08005100       0x20 D:/GCC/xpack-arm-none-eabi-gcc-13.2.1-1.1/bin/../lib/gcc/arm-none-eabi/13.2.1/../../../../arm-none-eabi/lib/thumb/v7-m/nofp\libc_nano.a(libc_a-isattyr.o)
                0x08005100                _isatty_r
 .text._sbrk_r  0x08005120       0x20 D:/GCC/xpack-arm-none-eabi-gcc-13.2.1-1.1/bin/../lib/gcc/arm-none-eabi/13.2.1/../../../../arm-none-eabi/lib/thumb/v7-m/nofp\libc_nano.a(libc_a-sbrkr.o)
                0x08005120                _sbrk_r
 .text.memchr   0x08005140       0x1c D:/GCC/xpack-arm-none-eabi-gcc-13.2.1-1.1/bin/../lib/gcc/arm-none-eabi/13.2.1/../../../../arm-none-eabi/lib/thumb/v7-m/nofp\libc_nano.a(libc_a-memchr-stub.o)
                0x08005140                memchr
 *(.glue_7)
 .glue_7        0x0800515c        0x0 linker stubs
 *(.glue_7t)
 .glue_7t       0x0800515c        0x0 linker stubs
 *(.eh_frame)
 .eh_frame      0x0800515c        0x0 D:/GCC/xpack-arm-none-eabi-gcc-13.2.1-1.1/bin/../lib/gcc/arm-none-eabi/13.2.1/thumb/v7-m/nofp/crtbegin.o
 *(.init)
 .init          0x0800515c        0x4 D:/GCC/xpack-arm-none-eabi-gcc-13.2.1-1.1/bin/../lib/gcc/arm-none-eabi/13.2.1/thumb/v7-m/nofp/crti.o
                0x0800515c                _init
 .init          0x08005160        0x8 D:/GCC/xpack-arm-none-eabi-gcc-13.2.1-1.1/bin/../lib/gcc/arm-none-eabi/13.2.1/thumb/v7-m/nofp/crtn.o
 *(.fini)
 .fini          0x08005168        0x4 D:/GCC/xpack-arm-none-eabi-gcc-13.2.1-1.1/bin/../lib/gcc/arm-none-eabi/13.2.1/thumb/v7-m/nofp/crti.o
                0x08005168                _fini
 .fini          0x0800516c        0x8 D:/GCC/xpack-arm-none-eabi-gcc-13.2.1-1.1/bin/../lib/gcc/arm-none-eabi/13.2.1/thumb/v7-m/nofp/crtn.o
                0x08005174                        . = ALIGN (0x4)
                0x08005174                        _etext = .

.vfp11_veneer   0x08005174        0x0
 .vfp11_veneer  0x08005174        0x0 linker stubs

.v4_bx          0x08005174        0x0
 .v4_bx         0x08005174        0x0 linker stubs

.iplt           0x08005174        0x0
 .iplt          0x08005174        0x0 D:/GCC/xpack-arm-none-eabi-gcc-13.2.1-1.1/bin/../lib/gcc/arm-none-eabi/13.2.1/thumb/v7-m/nofp/crtbegin.o

.rodata         0x08005174      0x4c0
                0x08005174                        . = ALIGN (0x4)
 *(.rodata)
 *(.rodata*)
 .rodata.aPredivFactorTable.0
                0x08005174        0x2 build/stm32f1xx_hal_rcc.o
 *fill*         0x08005176        0x2 
 .rodata.aPLLMULFactorTable.1
                0x08005178       0x10 build/stm32f1xx_hal_rcc.o
 .rodata.APBPrescTable
                0x08005188        0x8 build/system_stm32f1xx.o
                0x08005188                APBPrescTable
 .rodata.AHBPrescTable
                0x08005190       0x10 build/system_stm32f1xx.o
                0x08005190                AHBPrescTable
 .rodata.usbd_print_setup.str1.4
                0x080051a0      0x3f5 build/usbd_core.o
                                 0x79 (size before relaxing)
 .rodata.usbd_get_descriptor.str1.4
                0x08005595       0x43 build/usbd_core.o
 .rodata.usbd_std_endpoint_req_handler.str1.4
                0x08005595       0x2b build/usbd_core.o
 .rodata.usbd_setup_request_handler.str1.4
                0x08005595       0x46 build/usbd_core.o
 .rodata.__usbd_event_ep0_setup_complete_handler.str1.4
                0x08005595       0x1a build/usbd_core.o
 .rodata.usbd_event_reset_handler.str1.4
                0x08005595       0xa6 build/usbd_core.o
 .rodata.usbd_initialize.str1.4
                0x08005595       0x30 build/usbd_core.o
 .rodata.usbd_ep_open.str1.4
                0x08005595      0x1cd build/usb_dc_fsdev.o
 *fill*         0x08005595        0x3 
 .rodata.hid_descriptor
                0x08005598       0x24 build/hid_user.o
                0x08005598                hid_descriptor
 .rodata.str1.4
                0x080055bc       0x21 build/hid_user.o
 .rodata.string_descriptors
                0x080055bc       0x10 build/hid_user.o
 .rodata.__compound_literal.0
                0x080055cc        0x2 build/hid_user.o
 *fill*         0x080055ce        0x2 
 .rodata.device_quality_descriptor
                0x080055d0        0xa build/hid_user.o
 *fill*         0x080055da        0x2 
 .rodata.XBOX_msosv1_descriptor
                0x080055dc       0x10 build/hid_user.o
                0x080055dc                XBOX_msosv1_descriptor
 .rodata.device_descriptor
                0x080055ec       0x12 build/hid_user.o
 .rodata._vfprintf_r.str1.1
                0x080055fe       0x33 D:/GCC/xpack-arm-none-eabi-gcc-13.2.1-1.1/bin/../lib/gcc/arm-none-eabi/13.2.1/../../../../arm-none-eabi/lib/thumb/v7-m/nofp\libc_nano.a(libc_a-nano-vfprintf.o)
                                 0x11 (size before relaxing)
 .rodata._printf_i.str1.1
                0x08005631       0x22 D:/GCC/xpack-arm-none-eabi-gcc-13.2.1-1.1/bin/../lib/gcc/arm-none-eabi/13.2.1/../../../../arm-none-eabi/lib/thumb/v7-m/nofp\libc_nano.a(libc_a-nano-vfprintf_i.o)
                0x08005654                        . = ALIGN (0x4)
 *fill*         0x08005631        0x3 

.ARM.extab      0x08005634        0x0
                0x08005634                        . = ALIGN (0x4)
 *(.ARM.extab* .gnu.linkonce.armextab.*)
                0x08005634                        . = ALIGN (0x4)

.ARM            0x08005634        0x8
                0x08005634                        . = ALIGN (0x4)
                0x08005634                        __exidx_start = .
 *(.ARM.exidx*)
 .ARM.exidx     0x08005634        0x8 D:/GCC/xpack-arm-none-eabi-gcc-13.2.1-1.1/bin/../lib/gcc/arm-none-eabi/13.2.1/../../../../arm-none-eabi/lib/thumb/v7-m/nofp\libc_nano.a(libc_a-strlen.o)
                0x0800563c                        __exidx_end = .
                0x0800563c                        . = ALIGN (0x4)

.preinit_array  0x0800563c        0x0
                0x0800563c                        . = ALIGN (0x4)
                0x0800563c                        PROVIDE (__preinit_array_start = .)
 *(.preinit_array*)
                0x0800563c                        PROVIDE (__preinit_array_end = .)
                0x0800563c                        . = ALIGN (0x4)

.init_array     0x0800563c        0x4
                0x0800563c                        . = ALIGN (0x4)
                0x0800563c                        PROVIDE (__init_array_start = .)
 *(SORT_BY_NAME(.init_array.*))
 *(.init_array*)
 .init_array    0x0800563c        0x4 D:/GCC/xpack-arm-none-eabi-gcc-13.2.1-1.1/bin/../lib/gcc/arm-none-eabi/13.2.1/thumb/v7-m/nofp/crtbegin.o
                0x08005640                        PROVIDE (__init_array_end = .)
                0x08005640                        . = ALIGN (0x4)

.fini_array     0x08005640        0x4
                0x08005640                        . = ALIGN (0x4)
                0x08005640                        PROVIDE (__fini_array_start = .)
 *(SORT_BY_NAME(.fini_array.*))
 *(.fini_array*)
 .fini_array    0x08005640        0x4 D:/GCC/xpack-arm-none-eabi-gcc-13.2.1-1.1/bin/../lib/gcc/arm-none-eabi/13.2.1/thumb/v7-m/nofp/crtbegin.o
                0x08005644                        PROVIDE (__fini_array_end = .)
                0x08005644                        . = ALIGN (0x4)
                0x08005644                        _sidata = LOADADDR (.data)

.rel.dyn        0x08005644        0x0
 .rel.iplt      0x08005644        0x0 D:/GCC/xpack-arm-none-eabi-gcc-13.2.1-1.1/bin/../lib/gcc/arm-none-eabi/13.2.1/thumb/v7-m/nofp/crtbegin.o

.data           0x20000000      0x220 load address 0x08005644
                0x20000000                        . = ALIGN (0x4)
                0x20000000                        _sdata = .
 *(.data)
 *(.data*)
 .data.key_handler
                0x20000000       0x18 build/main.o
                0x20000000                key_handler
 .data.report1  0x20000018       0x14 build/main.o
                0x20000018                report1
 .data.uwTickFreq
                0x2000002c        0x1 build/stm32f1xx_hal.o
                0x2000002c                uwTickFreq
 *fill*         0x2000002d        0x3 
 .data.uwTickPrio
                0x20000030        0x4 build/stm32f1xx_hal.o
                0x20000030                uwTickPrio
 .data.SystemCoreClock
                0x20000034        0x4 build/system_stm32f1xx.o
                0x20000034                SystemCoreClock
 .data.hid_out_ep7
                0x20000038        0x8 build/hid_user.o
 .data.hid_out_ep6
                0x20000040        0x8 build/hid_user.o
 .data.hid_out_ep5
                0x20000048        0x8 build/hid_user.o
 .data.hid_out_ep4
                0x20000050        0x8 build/hid_user.o
 .data.hid_out_ep3
                0x20000058        0x8 build/hid_user.o
 .data.hid_out_ep2
                0x20000060        0x8 build/hid_user.o
 .data.hid_out_ep1
                0x20000068        0x8 build/hid_user.o
 .data.hid_in_ep7
                0x20000070        0x8 build/hid_user.o
 .data.hid_in_ep6
                0x20000078        0x8 build/hid_user.o
 .data.hid_in_ep5
                0x20000080        0x8 build/hid_user.o
 .data.hid_in_ep4
                0x20000088        0x8 build/hid_user.o
 .data.hid_in_ep3
                0x20000090        0x8 build/hid_user.o
 .data.hid_in_ep2
                0x20000098        0x8 build/hid_user.o
 .data.hid_in_ep1
                0x200000a0        0x8 build/hid_user.o
 .data.CUSTOM_HID_ReportDesc_KEYPAD
                0x200000a8       0x2f build/hid_user.o
                0x200000a8                CUSTOM_HID_ReportDesc_KEYPAD
 *fill*         0x200000d7        0x1 
 .data.CUSTOM_HID_ReportDesc_KEYBOARD
                0x200000d8       0x43 build/hid_user.o
                0x200000d8                CUSTOM_HID_ReportDesc_KEYBOARD
 *fill*         0x2000011b        0x1 
 .data.msos_string_descriptor
                0x2000011c       0x12 build/hid_user.o
                0x2000011c                msos_string_descriptor
 *fill*         0x2000012e        0x2 
 .data.vendor_xbox
                0x20000130       0x28 build/hid_user.o
                0x20000130                vendor_xbox
 .data.config_descriptor
                0x20000158       0x69 build/hid_user.o
 *fill*         0x200001c1        0x3 
 .data.__sglue  0x200001c4        0xc D:/GCC/xpack-arm-none-eabi-gcc-13.2.1-1.1/bin/../lib/gcc/arm-none-eabi/13.2.1/../../../../arm-none-eabi/lib/thumb/v7-m/nofp\libc_nano.a(libc_a-findfp.o)
                0x200001c4                __sglue
 .data._impure_ptr
                0x200001d0        0x4 D:/GCC/xpack-arm-none-eabi-gcc-13.2.1-1.1/bin/../lib/gcc/arm-none-eabi/13.2.1/../../../../arm-none-eabi/lib/thumb/v7-m/nofp\libc_nano.a(libc_a-impure.o)
                0x200001d0                _impure_ptr
 .data._impure_data
                0x200001d4       0x4c D:/GCC/xpack-arm-none-eabi-gcc-13.2.1-1.1/bin/../lib/gcc/arm-none-eabi/13.2.1/../../../../arm-none-eabi/lib/thumb/v7-m/nofp\libc_nano.a(libc_a-impure.o)
                0x200001d4                _impure_data
 *(.RamFunc)
 *(.RamFunc*)
                0x20000220                        . = ALIGN (0x4)
                0x20000220                        _edata = .

.igot.plt       0x20000220        0x0 load address 0x08005864
 .igot.plt      0x20000220        0x0 D:/GCC/xpack-arm-none-eabi-gcc-13.2.1-1.1/bin/../lib/gcc/arm-none-eabi/13.2.1/thumb/v7-m/nofp/crtbegin.o

.noncacheable   0x20000220      0x43c load address 0x08005864
 .noncacheable  0x20000220      0x3fc build/usbd_core.o
                0x20000220                g_usbd_core
 .noncacheable  0x2000061c       0x40 build/hid_user.o
                0x2000061c                write_buffer
                0x2000065c                        . = ALIGN (0x4)

.bss            0x2000065c      0x798 load address 0x08005ca0
                0x2000065c                        _sbss = .
                0x2000065c                        __bss_start__ = _sbss
 *(.bss)
 *(.bss*)
 .bss.completed.1
                0x2000065c        0x1 D:/GCC/xpack-arm-none-eabi-gcc-13.2.1-1.1/bin/../lib/gcc/arm-none-eabi/13.2.1/thumb/v7-m/nofp/crtbegin.o
 *fill*         0x2000065d        0x3 
 .bss.object.0  0x20000660       0x18 D:/GCC/xpack-arm-none-eabi-gcc-13.2.1-1.1/bin/../lib/gcc/arm-none-eabi/13.2.1/thumb/v7-m/nofp/crtbegin.o
 .bss.report    0x20000678       0x28 build/main.o
                0x20000678                report
 .bss.k_old_state
                0x200006a0        0x2 build/main.o
                0x200006a0                k_old_state
 *fill*         0x200006a2        0x2 
 .bss.k_now_state
                0x200006a4        0x2 build/main.o
                0x200006a4                k_now_state
 *fill*         0x200006a6        0x2 
 .bss.k_value   0x200006a8        0x2 build/main.o
                0x200006a8                k_value
 *fill*         0x200006aa        0x2 
 .bss.k_buf     0x200006ac        0xa build/main.o
                0x200006ac                k_buf
 *fill*         0x200006b6        0x2 
 .bss.htim7     0x200006b8       0x48 build/tim.o
                0x200006b8                htim7
 .bss.huart1    0x20000700       0x48 build/usart.o
                0x20000700                huart1
 .bss.hpcd_USB_FS
                0x20000748      0x2d8 build/usb.o
                0x20000748                hpcd_USB_FS
 .bss.a.0       0x20000a20        0x2 build/stm32f1xx_it.o
 *fill*         0x20000a22        0x2 
 .bss.htim6     0x20000a24       0x48 build/stm32f1xx_hal_timebase_tim.o
                0x20000a24                htim6
 .bss.uwTick    0x20000a6c        0x4 build/stm32f1xx_hal.o
                0x20000a6c                uwTick
 .bss.__sbrk_heap_end
                0x20000a70        0x4 build/sysmem.o
 .bss.g_usbdev_bus
                0x20000a74        0x8 build/usbd_core.o
                0x20000a74                g_usbdev_bus
 .bss.g_fsdev_udc
                0x20000a7c      0x190 build/usb_dc_fsdev.o
                0x20000a7c                g_fsdev_udc
 .bss.g_fsdev_instance
                0x20000c0c        0x4 build/usb_glue_st.o
 .bss.intf2     0x20000c10       0x1c build/hid_user.o
                0x20000c10                intf2
 .bss.intf1     0x20000c2c       0x1c build/hid_user.o
                0x20000c2c                intf1
 .bss.intf0     0x20000c48       0x1c build/hid_user.o
                0x20000c48                intf0
 .bss.hid_state
                0x20000c64        0x1 build/hid_user.o
 .bss.out_flag  0x20000c65        0x1 build/hid_user.o
                0x20000c65                out_flag
 *fill*         0x20000c66        0x2 
 .bss.read_buffer
                0x20000c68       0x40 build/hid_user.o
                0x20000c68                read_buffer
 .bss.__sf      0x20000ca8      0x138 D:/GCC/xpack-arm-none-eabi-gcc-13.2.1-1.1/bin/../lib/gcc/arm-none-eabi/13.2.1/../../../../arm-none-eabi/lib/thumb/v7-m/nofp\libc_nano.a(libc_a-findfp.o)
                0x20000ca8                __sf
 .bss.__stdio_exit_handler
                0x20000de0        0x4 D:/GCC/xpack-arm-none-eabi-gcc-13.2.1-1.1/bin/../lib/gcc/arm-none-eabi/13.2.1/../../../../arm-none-eabi/lib/thumb/v7-m/nofp\libc_nano.a(libc_a-findfp.o)
                0x20000de0                __stdio_exit_handler
 .bss.errno     0x20000de4        0x4 D:/GCC/xpack-arm-none-eabi-gcc-13.2.1-1.1/bin/../lib/gcc/arm-none-eabi/13.2.1/../../../../arm-none-eabi/lib/thumb/v7-m/nofp\libc_nano.a(libc_a-reent.o)
                0x20000de4                errno
 .bss.__lock___malloc_recursive_mutex
                0x20000de8        0x1 D:/GCC/xpack-arm-none-eabi-gcc-13.2.1-1.1/bin/../lib/gcc/arm-none-eabi/13.2.1/../../../../arm-none-eabi/lib/thumb/v7-m/nofp\libc_nano.a(libc_a-lock.o)
                0x20000de8                __lock___malloc_recursive_mutex
 .bss.__lock___sfp_recursive_mutex
                0x20000de9        0x1 D:/GCC/xpack-arm-none-eabi-gcc-13.2.1-1.1/bin/../lib/gcc/arm-none-eabi/13.2.1/../../../../arm-none-eabi/lib/thumb/v7-m/nofp\libc_nano.a(libc_a-lock.o)
                0x20000de9                __lock___sfp_recursive_mutex
 *fill*         0x20000dea        0x2 
 .bss.__malloc_sbrk_start
                0x20000dec        0x4 D:/GCC/xpack-arm-none-eabi-gcc-13.2.1-1.1/bin/../lib/gcc/arm-none-eabi/13.2.1/../../../../arm-none-eabi/lib/thumb/v7-m/nofp\libc_nano.a(libc_a-mallocr.o)
                0x20000dec                __malloc_sbrk_start
 .bss.__malloc_free_list
                0x20000df0        0x4 D:/GCC/xpack-arm-none-eabi-gcc-13.2.1-1.1/bin/../lib/gcc/arm-none-eabi/13.2.1/../../../../arm-none-eabi/lib/thumb/v7-m/nofp\libc_nano.a(libc_a-mallocr.o)
                0x20000df0                __malloc_free_list
 *(COMMON)
                0x20000df4                        . = ALIGN (0x4)
                0x20000df4                        _ebss = .
                0x20000df4                        __bss_end__ = _ebss

._user_heap_stack
                0x20000df4      0x604 load address 0x08005ca0
                0x20000df8                        . = ALIGN (0x8)
 *fill*         0x20000df4        0x4 
                [!provide]                        PROVIDE (end = .)
                0x20000df8                        PROVIDE (_end = .)
                0x20000ff8                        . = (. + _Min_Heap_Size)
 *fill*         0x20000df8      0x200 
                0x200013f8                        . = (. + _Min_Stack_Size)
 *fill*         0x20000ff8      0x400 
                0x200013f8                        . = ALIGN (0x8)

/DISCARD/
 libc.a(*)
 libm.a(*)
 libgcc.a(*)
OUTPUT(build/CherryUsb_t.elf elf32-littlearm)
LOAD linker stubs
LOAD D:/GCC/xpack-arm-none-eabi-gcc-13.2.1-1.1/bin/../lib/gcc/arm-none-eabi/13.2.1/../../../../arm-none-eabi/lib/thumb/v7-m/nofp\libc.a
LOAD D:/GCC/xpack-arm-none-eabi-gcc-13.2.1-1.1/bin/../lib/gcc/arm-none-eabi/13.2.1/../../../../arm-none-eabi/lib/thumb/v7-m/nofp\libm.a
LOAD D:/GCC/xpack-arm-none-eabi-gcc-13.2.1-1.1/bin/../lib/gcc/arm-none-eabi/13.2.1/thumb/v7-m/nofp\libgcc.a

.ARM.attributes
                0x00000000       0x29
 .ARM.attributes
                0x00000000       0x1d D:/GCC/xpack-arm-none-eabi-gcc-13.2.1-1.1/bin/../lib/gcc/arm-none-eabi/13.2.1/thumb/v7-m/nofp/crti.o
 .ARM.attributes
                0x0000001d       0x2d D:/GCC/xpack-arm-none-eabi-gcc-13.2.1-1.1/bin/../lib/gcc/arm-none-eabi/13.2.1/thumb/v7-m/nofp/crtbegin.o
 .ARM.attributes
                0x0000004a       0x2d build/main.o
 .ARM.attributes
                0x00000077       0x2d build/gpio.o
 .ARM.attributes
                0x000000a4       0x2d build/tim.o
 .ARM.attributes
                0x000000d1       0x2d build/usart.o
 .ARM.attributes
                0x000000fe       0x2d build/usb.o
 .ARM.attributes
                0x0000012b       0x2d build/stm32f1xx_it.o
 .ARM.attributes
                0x00000158       0x2d build/stm32f1xx_hal_msp.o
 .ARM.attributes
                0x00000185       0x2d build/stm32f1xx_hal_timebase_tim.o
 .ARM.attributes
                0x000001b2       0x2d build/stm32f1xx_hal_tim.o
 .ARM.attributes
                0x000001df       0x2d build/stm32f1xx_hal_tim_ex.o
 .ARM.attributes
                0x0000020c       0x2d build/stm32f1xx_hal.o
 .ARM.attributes
                0x00000239       0x2d build/stm32f1xx_hal_rcc.o
 .ARM.attributes
                0x00000266       0x2d build/stm32f1xx_hal_rcc_ex.o
 .ARM.attributes
                0x00000293       0x2d build/stm32f1xx_hal_gpio.o
 .ARM.attributes
                0x000002c0       0x2d build/stm32f1xx_hal_cortex.o
 .ARM.attributes
                0x000002ed       0x2d build/stm32f1xx_hal_uart.o
 .ARM.attributes
                0x0000031a       0x2d build/stm32f1xx_hal_pcd.o
 .ARM.attributes
                0x00000347       0x2d build/stm32f1xx_ll_usb.o
 .ARM.attributes
                0x00000374       0x2d build/system_stm32f1xx.o
 .ARM.attributes
                0x000003a1       0x2d build/sysmem.o
 .ARM.attributes
                0x000003ce       0x2d build/syscalls.o
 .ARM.attributes
                0x000003fb       0x2d build/usbd_hid.o
 .ARM.attributes
                0x00000428       0x2d build/usbd_core.o
 .ARM.attributes
                0x00000455       0x2d build/usb_dc_fsdev.o
 .ARM.attributes
                0x00000482       0x2d build/usb_glue_st.o
 .ARM.attributes
                0x000004af       0x2d build/hid_user.o
 .ARM.attributes
                0x000004dc       0x2d build/usbd_gamepad.o
 .ARM.attributes
                0x00000509       0x2d build/KEY.o
 .ARM.attributes
                0x00000536       0x21 build/startup_stm32f103xe.o
 .ARM.attributes
                0x00000557       0x2d D:/GCC/xpack-arm-none-eabi-gcc-13.2.1-1.1/bin/../lib/gcc/arm-none-eabi/13.2.1/../../../../arm-none-eabi/lib/thumb/v7-m/nofp\libc_nano.a(libc_a-findfp.o)
 .ARM.attributes
                0x00000584       0x2d D:/GCC/xpack-arm-none-eabi-gcc-13.2.1-1.1/bin/../lib/gcc/arm-none-eabi/13.2.1/../../../../arm-none-eabi/lib/thumb/v7-m/nofp\libc_nano.a(libc_a-fwalk.o)
 .ARM.attributes
                0x000005b1       0x2d D:/GCC/xpack-arm-none-eabi-gcc-13.2.1-1.1/bin/../lib/gcc/arm-none-eabi/13.2.1/../../../../arm-none-eabi/lib/thumb/v7-m/nofp\libc_nano.a(libc_a-printf.o)
 .ARM.attributes
                0x000005de       0x2d D:/GCC/xpack-arm-none-eabi-gcc-13.2.1-1.1/bin/../lib/gcc/arm-none-eabi/13.2.1/../../../../arm-none-eabi/lib/thumb/v7-m/nofp\libc_nano.a(libc_a-puts.o)
 .ARM.attributes
                0x0000060b       0x2d D:/GCC/xpack-arm-none-eabi-gcc-13.2.1-1.1/bin/../lib/gcc/arm-none-eabi/13.2.1/../../../../arm-none-eabi/lib/thumb/v7-m/nofp\libc_nano.a(libc_a-setvbuf.o)
 .ARM.attributes
                0x00000638       0x2d D:/GCC/xpack-arm-none-eabi-gcc-13.2.1-1.1/bin/../lib/gcc/arm-none-eabi/13.2.1/../../../../arm-none-eabi/lib/thumb/v7-m/nofp\libc_nano.a(libc_a-stdio.o)
 .ARM.attributes
                0x00000665       0x2d D:/GCC/xpack-arm-none-eabi-gcc-13.2.1-1.1/bin/../lib/gcc/arm-none-eabi/13.2.1/../../../../arm-none-eabi/lib/thumb/v7-m/nofp\libc_nano.a(libc_a-wbuf.o)
 .ARM.attributes
                0x00000692       0x2d D:/GCC/xpack-arm-none-eabi-gcc-13.2.1-1.1/bin/../lib/gcc/arm-none-eabi/13.2.1/../../../../arm-none-eabi/lib/thumb/v7-m/nofp\libc_nano.a(libc_a-wsetup.o)
 .ARM.attributes
                0x000006bf       0x2d D:/GCC/xpack-arm-none-eabi-gcc-13.2.1-1.1/bin/../lib/gcc/arm-none-eabi/13.2.1/../../../../arm-none-eabi/lib/thumb/v7-m/nofp\libc_nano.a(libc_a-memset.o)
 .ARM.attributes
                0x000006ec       0x2d D:/GCC/xpack-arm-none-eabi-gcc-13.2.1-1.1/bin/../lib/gcc/arm-none-eabi/13.2.1/../../../../arm-none-eabi/lib/thumb/v7-m/nofp\libc_nano.a(libc_a-closer.o)
 .ARM.attributes
                0x00000719       0x2d D:/GCC/xpack-arm-none-eabi-gcc-13.2.1-1.1/bin/../lib/gcc/arm-none-eabi/13.2.1/../../../../arm-none-eabi/lib/thumb/v7-m/nofp\libc_nano.a(libc_a-reent.o)
 .ARM.attributes
                0x00000746       0x2d D:/GCC/xpack-arm-none-eabi-gcc-13.2.1-1.1/bin/../lib/gcc/arm-none-eabi/13.2.1/../../../../arm-none-eabi/lib/thumb/v7-m/nofp\libc_nano.a(libc_a-impure.o)
 .ARM.attributes
                0x00000773       0x2d D:/GCC/xpack-arm-none-eabi-gcc-13.2.1-1.1/bin/../lib/gcc/arm-none-eabi/13.2.1/../../../../arm-none-eabi/lib/thumb/v7-m/nofp\libc_nano.a(libc_a-lseekr.o)
 .ARM.attributes
                0x000007a0       0x2d D:/GCC/xpack-arm-none-eabi-gcc-13.2.1-1.1/bin/../lib/gcc/arm-none-eabi/13.2.1/../../../../arm-none-eabi/lib/thumb/v7-m/nofp\libc_nano.a(libc_a-readr.o)
 .ARM.attributes
                0x000007cd       0x2d D:/GCC/xpack-arm-none-eabi-gcc-13.2.1-1.1/bin/../lib/gcc/arm-none-eabi/13.2.1/../../../../arm-none-eabi/lib/thumb/v7-m/nofp\libc_nano.a(libc_a-writer.o)
 .ARM.attributes
                0x000007fa       0x2d D:/GCC/xpack-arm-none-eabi-gcc-13.2.1-1.1/bin/../lib/gcc/arm-none-eabi/13.2.1/../../../../arm-none-eabi/lib/thumb/v7-m/nofp\libc_nano.a(libc_a-errno.o)
 .ARM.attributes
                0x00000827       0x2d D:/GCC/xpack-arm-none-eabi-gcc-13.2.1-1.1/bin/../lib/gcc/arm-none-eabi/13.2.1/../../../../arm-none-eabi/lib/thumb/v7-m/nofp\libc_nano.a(libc_a-init.o)
 .ARM.attributes
                0x00000854       0x2d D:/GCC/xpack-arm-none-eabi-gcc-13.2.1-1.1/bin/../lib/gcc/arm-none-eabi/13.2.1/../../../../arm-none-eabi/lib/thumb/v7-m/nofp\libc_nano.a(libc_a-lock.o)
 .ARM.attributes
                0x00000881       0x17 D:/GCC/xpack-arm-none-eabi-gcc-13.2.1-1.1/bin/../lib/gcc/arm-none-eabi/13.2.1/../../../../arm-none-eabi/lib/thumb/v7-m/nofp\libc_nano.a(libc_a-strlen.o)
 .ARM.attributes
                0x00000898       0x2d D:/GCC/xpack-arm-none-eabi-gcc-13.2.1-1.1/bin/../lib/gcc/arm-none-eabi/13.2.1/../../../../arm-none-eabi/lib/thumb/v7-m/nofp\libc_nano.a(libc_a-freer.o)
 .ARM.attributes
                0x000008c5       0x2d D:/GCC/xpack-arm-none-eabi-gcc-13.2.1-1.1/bin/../lib/gcc/arm-none-eabi/13.2.1/../../../../arm-none-eabi/lib/thumb/v7-m/nofp\libc_nano.a(libc_a-malloc.o)
 .ARM.attributes
                0x000008f2       0x2d D:/GCC/xpack-arm-none-eabi-gcc-13.2.1-1.1/bin/../lib/gcc/arm-none-eabi/13.2.1/../../../../arm-none-eabi/lib/thumb/v7-m/nofp\libc_nano.a(libc_a-mallocr.o)
 .ARM.attributes
                0x0000091f       0x2d D:/GCC/xpack-arm-none-eabi-gcc-13.2.1-1.1/bin/../lib/gcc/arm-none-eabi/13.2.1/../../../../arm-none-eabi/lib/thumb/v7-m/nofp\libc_nano.a(libc_a-mlock.o)
 .ARM.attributes
                0x0000094c       0x2d D:/GCC/xpack-arm-none-eabi-gcc-13.2.1-1.1/bin/../lib/gcc/arm-none-eabi/13.2.1/../../../../arm-none-eabi/lib/thumb/v7-m/nofp\libc_nano.a(libc_a-nano-vfprintf.o)
 .ARM.attributes
                0x00000979       0x2d D:/GCC/xpack-arm-none-eabi-gcc-13.2.1-1.1/bin/../lib/gcc/arm-none-eabi/13.2.1/../../../../arm-none-eabi/lib/thumb/v7-m/nofp\libc_nano.a(libc_a-nano-vfprintf_i.o)
 .ARM.attributes
                0x000009a6       0x2d D:/GCC/xpack-arm-none-eabi-gcc-13.2.1-1.1/bin/../lib/gcc/arm-none-eabi/13.2.1/../../../../arm-none-eabi/lib/thumb/v7-m/nofp\libc_nano.a(libc_a-fflush.o)
 .ARM.attributes
                0x000009d3       0x2d D:/GCC/xpack-arm-none-eabi-gcc-13.2.1-1.1/bin/../lib/gcc/arm-none-eabi/13.2.1/../../../../arm-none-eabi/lib/thumb/v7-m/nofp\libc_nano.a(libc_a-makebuf.o)
 .ARM.attributes
                0x00000a00       0x2d D:/GCC/xpack-arm-none-eabi-gcc-13.2.1-1.1/bin/../lib/gcc/arm-none-eabi/13.2.1/../../../../arm-none-eabi/lib/thumb/v7-m/nofp\libc_nano.a(libc_a-fstatr.o)
 .ARM.attributes
                0x00000a2d       0x2d D:/GCC/xpack-arm-none-eabi-gcc-13.2.1-1.1/bin/../lib/gcc/arm-none-eabi/13.2.1/../../../../arm-none-eabi/lib/thumb/v7-m/nofp\libc_nano.a(libc_a-isattyr.o)
 .ARM.attributes
                0x00000a5a       0x2d D:/GCC/xpack-arm-none-eabi-gcc-13.2.1-1.1/bin/../lib/gcc/arm-none-eabi/13.2.1/../../../../arm-none-eabi/lib/thumb/v7-m/nofp\libc_nano.a(libc_a-sbrkr.o)
 .ARM.attributes
                0x00000a87       0x2d D:/GCC/xpack-arm-none-eabi-gcc-13.2.1-1.1/bin/../lib/gcc/arm-none-eabi/13.2.1/../../../../arm-none-eabi/lib/thumb/v7-m/nofp\libc_nano.a(libc_a-memchr-stub.o)
 .ARM.attributes
                0x00000ab4       0x1d D:/GCC/xpack-arm-none-eabi-gcc-13.2.1-1.1/bin/../lib/gcc/arm-none-eabi/13.2.1/thumb/v7-m/nofp/crtn.o

.comment        0x00000000       0x39
 .comment       0x00000000       0x39 D:/GCC/xpack-arm-none-eabi-gcc-13.2.1-1.1/bin/../lib/gcc/arm-none-eabi/13.2.1/thumb/v7-m/nofp/crtbegin.o
                                 0x3a (size before relaxing)
 .comment       0x00000039       0x3a build/main.o
 .comment       0x00000039       0x3a build/gpio.o
 .comment       0x00000039       0x3a build/tim.o
 .comment       0x00000039       0x3a build/usart.o
 .comment       0x00000039       0x3a build/usb.o
 .comment       0x00000039       0x3a build/stm32f1xx_it.o
 .comment       0x00000039       0x3a build/stm32f1xx_hal_msp.o
 .comment       0x00000039       0x3a build/stm32f1xx_hal_timebase_tim.o
 .comment       0x00000039       0x3a build/stm32f1xx_hal_tim.o
 .comment       0x00000039       0x3a build/stm32f1xx_hal_tim_ex.o
 .comment       0x00000039       0x3a build/stm32f1xx_hal.o
 .comment       0x00000039       0x3a build/stm32f1xx_hal_rcc.o
 .comment       0x00000039       0x3a build/stm32f1xx_hal_rcc_ex.o
 .comment       0x00000039       0x3a build/stm32f1xx_hal_gpio.o
 .comment       0x00000039       0x3a build/stm32f1xx_hal_cortex.o
 .comment       0x00000039       0x3a build/stm32f1xx_hal_uart.o
 .comment       0x00000039       0x3a build/stm32f1xx_hal_pcd.o
 .comment       0x00000039       0x3a build/stm32f1xx_ll_usb.o
 .comment       0x00000039       0x3a build/system_stm32f1xx.o
 .comment       0x00000039       0x3a build/sysmem.o
 .comment       0x00000039       0x3a build/syscalls.o
 .comment       0x00000039       0x3a build/usbd_hid.o
 .comment       0x00000039       0x3a build/usbd_core.o
 .comment       0x00000039       0x3a build/usb_dc_fsdev.o
 .comment       0x00000039       0x3a build/usb_glue_st.o
 .comment       0x00000039       0x3a build/hid_user.o
 .comment       0x00000039       0x3a build/usbd_gamepad.o
 .comment       0x00000039       0x3a build/KEY.o
 .comment       0x00000039       0x3a D:/GCC/xpack-arm-none-eabi-gcc-13.2.1-1.1/bin/../lib/gcc/arm-none-eabi/13.2.1/../../../../arm-none-eabi/lib/thumb/v7-m/nofp\libc_nano.a(libc_a-findfp.o)
 .comment       0x00000039       0x3a D:/GCC/xpack-arm-none-eabi-gcc-13.2.1-1.1/bin/../lib/gcc/arm-none-eabi/13.2.1/../../../../arm-none-eabi/lib/thumb/v7-m/nofp\libc_nano.a(libc_a-fwalk.o)
 .comment       0x00000039       0x3a D:/GCC/xpack-arm-none-eabi-gcc-13.2.1-1.1/bin/../lib/gcc/arm-none-eabi/13.2.1/../../../../arm-none-eabi/lib/thumb/v7-m/nofp\libc_nano.a(libc_a-printf.o)
 .comment       0x00000039       0x3a D:/GCC/xpack-arm-none-eabi-gcc-13.2.1-1.1/bin/../lib/gcc/arm-none-eabi/13.2.1/../../../../arm-none-eabi/lib/thumb/v7-m/nofp\libc_nano.a(libc_a-puts.o)
 .comment       0x00000039       0x3a D:/GCC/xpack-arm-none-eabi-gcc-13.2.1-1.1/bin/../lib/gcc/arm-none-eabi/13.2.1/../../../../arm-none-eabi/lib/thumb/v7-m/nofp\libc_nano.a(libc_a-setvbuf.o)
 .comment       0x00000039       0x3a D:/GCC/xpack-arm-none-eabi-gcc-13.2.1-1.1/bin/../lib/gcc/arm-none-eabi/13.2.1/../../../../arm-none-eabi/lib/thumb/v7-m/nofp\libc_nano.a(libc_a-stdio.o)
 .comment       0x00000039       0x3a D:/GCC/xpack-arm-none-eabi-gcc-13.2.1-1.1/bin/../lib/gcc/arm-none-eabi/13.2.1/../../../../arm-none-eabi/lib/thumb/v7-m/nofp\libc_nano.a(libc_a-wbuf.o)
 .comment       0x00000039       0x3a D:/GCC/xpack-arm-none-eabi-gcc-13.2.1-1.1/bin/../lib/gcc/arm-none-eabi/13.2.1/../../../../arm-none-eabi/lib/thumb/v7-m/nofp\libc_nano.a(libc_a-wsetup.o)
 .comment       0x00000039       0x3a D:/GCC/xpack-arm-none-eabi-gcc-13.2.1-1.1/bin/../lib/gcc/arm-none-eabi/13.2.1/../../../../arm-none-eabi/lib/thumb/v7-m/nofp\libc_nano.a(libc_a-memset.o)
 .comment       0x00000039       0x3a D:/GCC/xpack-arm-none-eabi-gcc-13.2.1-1.1/bin/../lib/gcc/arm-none-eabi/13.2.1/../../../../arm-none-eabi/lib/thumb/v7-m/nofp\libc_nano.a(libc_a-closer.o)
 .comment       0x00000039       0x3a D:/GCC/xpack-arm-none-eabi-gcc-13.2.1-1.1/bin/../lib/gcc/arm-none-eabi/13.2.1/../../../../arm-none-eabi/lib/thumb/v7-m/nofp\libc_nano.a(libc_a-reent.o)
 .comment       0x00000039       0x3a D:/GCC/xpack-arm-none-eabi-gcc-13.2.1-1.1/bin/../lib/gcc/arm-none-eabi/13.2.1/../../../../arm-none-eabi/lib/thumb/v7-m/nofp\libc_nano.a(libc_a-impure.o)
 .comment       0x00000039       0x3a D:/GCC/xpack-arm-none-eabi-gcc-13.2.1-1.1/bin/../lib/gcc/arm-none-eabi/13.2.1/../../../../arm-none-eabi/lib/thumb/v7-m/nofp\libc_nano.a(libc_a-lseekr.o)
 .comment       0x00000039       0x3a D:/GCC/xpack-arm-none-eabi-gcc-13.2.1-1.1/bin/../lib/gcc/arm-none-eabi/13.2.1/../../../../arm-none-eabi/lib/thumb/v7-m/nofp\libc_nano.a(libc_a-readr.o)
 .comment       0x00000039       0x3a D:/GCC/xpack-arm-none-eabi-gcc-13.2.1-1.1/bin/../lib/gcc/arm-none-eabi/13.2.1/../../../../arm-none-eabi/lib/thumb/v7-m/nofp\libc_nano.a(libc_a-writer.o)
 .comment       0x00000039       0x3a D:/GCC/xpack-arm-none-eabi-gcc-13.2.1-1.1/bin/../lib/gcc/arm-none-eabi/13.2.1/../../../../arm-none-eabi/lib/thumb/v7-m/nofp\libc_nano.a(libc_a-errno.o)
 .comment       0x00000039       0x3a D:/GCC/xpack-arm-none-eabi-gcc-13.2.1-1.1/bin/../lib/gcc/arm-none-eabi/13.2.1/../../../../arm-none-eabi/lib/thumb/v7-m/nofp\libc_nano.a(libc_a-init.o)
 .comment       0x00000039       0x3a D:/GCC/xpack-arm-none-eabi-gcc-13.2.1-1.1/bin/../lib/gcc/arm-none-eabi/13.2.1/../../../../arm-none-eabi/lib/thumb/v7-m/nofp\libc_nano.a(libc_a-lock.o)
 .comment       0x00000039       0x3a D:/GCC/xpack-arm-none-eabi-gcc-13.2.1-1.1/bin/../lib/gcc/arm-none-eabi/13.2.1/../../../../arm-none-eabi/lib/thumb/v7-m/nofp\libc_nano.a(libc_a-freer.o)
 .comment       0x00000039       0x3a D:/GCC/xpack-arm-none-eabi-gcc-13.2.1-1.1/bin/../lib/gcc/arm-none-eabi/13.2.1/../../../../arm-none-eabi/lib/thumb/v7-m/nofp\libc_nano.a(libc_a-malloc.o)
 .comment       0x00000039       0x3a D:/GCC/xpack-arm-none-eabi-gcc-13.2.1-1.1/bin/../lib/gcc/arm-none-eabi/13.2.1/../../../../arm-none-eabi/lib/thumb/v7-m/nofp\libc_nano.a(libc_a-mallocr.o)
 .comment       0x00000039       0x3a D:/GCC/xpack-arm-none-eabi-gcc-13.2.1-1.1/bin/../lib/gcc/arm-none-eabi/13.2.1/../../../../arm-none-eabi/lib/thumb/v7-m/nofp\libc_nano.a(libc_a-mlock.o)
 .comment       0x00000039       0x3a D:/GCC/xpack-arm-none-eabi-gcc-13.2.1-1.1/bin/../lib/gcc/arm-none-eabi/13.2.1/../../../../arm-none-eabi/lib/thumb/v7-m/nofp\libc_nano.a(libc_a-nano-vfprintf.o)
 .comment       0x00000039       0x3a D:/GCC/xpack-arm-none-eabi-gcc-13.2.1-1.1/bin/../lib/gcc/arm-none-eabi/13.2.1/../../../../arm-none-eabi/lib/thumb/v7-m/nofp\libc_nano.a(libc_a-nano-vfprintf_i.o)
 .comment       0x00000039       0x3a D:/GCC/xpack-arm-none-eabi-gcc-13.2.1-1.1/bin/../lib/gcc/arm-none-eabi/13.2.1/../../../../arm-none-eabi/lib/thumb/v7-m/nofp\libc_nano.a(libc_a-fflush.o)
 .comment       0x00000039       0x3a D:/GCC/xpack-arm-none-eabi-gcc-13.2.1-1.1/bin/../lib/gcc/arm-none-eabi/13.2.1/../../../../arm-none-eabi/lib/thumb/v7-m/nofp\libc_nano.a(libc_a-makebuf.o)
 .comment       0x00000039       0x3a D:/GCC/xpack-arm-none-eabi-gcc-13.2.1-1.1/bin/../lib/gcc/arm-none-eabi/13.2.1/../../../../arm-none-eabi/lib/thumb/v7-m/nofp\libc_nano.a(libc_a-fstatr.o)
 .comment       0x00000039       0x3a D:/GCC/xpack-arm-none-eabi-gcc-13.2.1-1.1/bin/../lib/gcc/arm-none-eabi/13.2.1/../../../../arm-none-eabi/lib/thumb/v7-m/nofp\libc_nano.a(libc_a-isattyr.o)
 .comment       0x00000039       0x3a D:/GCC/xpack-arm-none-eabi-gcc-13.2.1-1.1/bin/../lib/gcc/arm-none-eabi/13.2.1/../../../../arm-none-eabi/lib/thumb/v7-m/nofp\libc_nano.a(libc_a-sbrkr.o)
 .comment       0x00000039       0x3a D:/GCC/xpack-arm-none-eabi-gcc-13.2.1-1.1/bin/../lib/gcc/arm-none-eabi/13.2.1/../../../../arm-none-eabi/lib/thumb/v7-m/nofp\libc_nano.a(libc_a-memchr-stub.o)

.debug_info     0x00000000    0x1d94c
 .debug_info    0x00000000     0x1a4a build/main.o
 .debug_info    0x00001a4a      0x3ce build/gpio.o
 .debug_info    0x00001e18      0xb43 build/tim.o
 .debug_info    0x0000295b      0x9c6 build/usart.o
 .debug_info    0x00003321      0xa80 build/usb.o
 .debug_info    0x00003da1      0xa5f build/stm32f1xx_it.o
 .debug_info    0x00004800      0x238 build/stm32f1xx_hal_msp.o
 .debug_info    0x00004a38      0xbc4 build/stm32f1xx_hal_timebase_tim.o
 .debug_info    0x000055fc     0x4146 build/stm32f1xx_hal_tim.o
 .debug_info    0x00009742     0x1d4f build/stm32f1xx_hal_tim_ex.o
 .debug_info    0x0000b491      0x8e6 build/stm32f1xx_hal.o
 .debug_info    0x0000bd77      0xb10 build/stm32f1xx_hal_rcc.o
 .debug_info    0x0000c887      0x4bf build/stm32f1xx_hal_rcc_ex.o
 .debug_info    0x0000cd46      0x6d7 build/stm32f1xx_hal_gpio.o
 .debug_info    0x0000d41d      0xea5 build/stm32f1xx_hal_cortex.o
 .debug_info    0x0000e2c2     0x430f build/stm32f1xx_hal_uart.o
 .debug_info    0x000125d1     0x1f87 build/stm32f1xx_hal_pcd.o
 .debug_info    0x00014558     0x1d36 build/stm32f1xx_ll_usb.o
 .debug_info    0x0001628e      0x26e build/system_stm32f1xx.o
 .debug_info    0x000164fc      0x18c build/sysmem.o
 .debug_info    0x00016688      0x853 build/syscalls.o
 .debug_info    0x00016edb      0x570 build/usbd_hid.o
 .debug_info    0x0001744b     0x2a7d build/usbd_core.o
 .debug_info    0x00019ec8     0x163b build/usb_dc_fsdev.o
 .debug_info    0x0001b503      0x7bb build/usb_glue_st.o
 .debug_info    0x0001bcbe     0x119c build/hid_user.o
 .debug_info    0x0001ce5a      0x948 build/usbd_gamepad.o
 .debug_info    0x0001d7a2      0x17a build/KEY.o
 .debug_info    0x0001d91c       0x30 build/startup_stm32f103xe.o

.debug_abbrev   0x00000000     0x41f8
 .debug_abbrev  0x00000000      0x3b5 build/main.o
 .debug_abbrev  0x000003b5      0x14e build/gpio.o
 .debug_abbrev  0x00000503      0x231 build/tim.o
 .debug_abbrev  0x00000734      0x22f build/usart.o
 .debug_abbrev  0x00000963      0x206 build/usb.o
 .debug_abbrev  0x00000b69      0x1de build/stm32f1xx_it.o
 .debug_abbrev  0x00000d47       0xe7 build/stm32f1xx_hal_msp.o
 .debug_abbrev  0x00000e2e      0x22d build/stm32f1xx_hal_timebase_tim.o
 .debug_abbrev  0x0000105b      0x2bd build/stm32f1xx_hal_tim.o
 .debug_abbrev  0x00001318      0x2b7 build/stm32f1xx_hal_tim_ex.o
 .debug_abbrev  0x000015cf      0x232 build/stm32f1xx_hal.o
 .debug_abbrev  0x00001801      0x2d6 build/stm32f1xx_hal_rcc.o
 .debug_abbrev  0x00001ad7      0x1d4 build/stm32f1xx_hal_rcc_ex.o
 .debug_abbrev  0x00001cab      0x222 build/stm32f1xx_hal_gpio.o
 .debug_abbrev  0x00001ecd      0x3aa build/stm32f1xx_hal_cortex.o
 .debug_abbrev  0x00002277      0x35f build/stm32f1xx_hal_uart.o
 .debug_abbrev  0x000025d6      0x32d build/stm32f1xx_hal_pcd.o
 .debug_abbrev  0x00002903      0x262 build/stm32f1xx_ll_usb.o
 .debug_abbrev  0x00002b65      0x140 build/system_stm32f1xx.o
 .debug_abbrev  0x00002ca5       0xeb build/sysmem.o
 .debug_abbrev  0x00002d90      0x1ea build/syscalls.o
 .debug_abbrev  0x00002f7a      0x18a build/usbd_hid.o
 .debug_abbrev  0x00003104      0x4c5 build/usbd_core.o
 .debug_abbrev  0x000035c9      0x363 build/usb_dc_fsdev.o
 .debug_abbrev  0x0000392c      0x1cc build/usb_glue_st.o
 .debug_abbrev  0x00003af8      0x393 build/hid_user.o
 .debug_abbrev  0x00003e8b      0x283 build/usbd_gamepad.o
 .debug_abbrev  0x0000410e       0xcd build/KEY.o
 .debug_abbrev  0x000041db       0x1d build/startup_stm32f103xe.o

.debug_loc      0x00000000    0x193d3
 .debug_loc     0x00000000      0x166 build/main.o
 .debug_loc     0x00000166       0x39 build/gpio.o
 .debug_loc     0x0000019f      0x115 build/tim.o
 .debug_loc     0x000002b4      0x17b build/usart.o
 .debug_loc     0x0000042f       0xf1 build/usb.o
 .debug_loc     0x00000520       0x40 build/stm32f1xx_it.o
 .debug_loc     0x00000560       0x41 build/stm32f1xx_hal_msp.o
 .debug_loc     0x000005a1      0x179 build/stm32f1xx_hal_timebase_tim.o
 .debug_loc     0x0000071a     0x6078 build/stm32f1xx_hal_tim.o
 .debug_loc     0x00006792     0x22af build/stm32f1xx_hal_tim_ex.o
 .debug_loc     0x00008a41      0x1f9 build/stm32f1xx_hal.o
 .debug_loc     0x00008c3a      0x7c6 build/stm32f1xx_hal_rcc.o
 .debug_loc     0x00009400      0x42a build/stm32f1xx_hal_rcc_ex.o
 .debug_loc     0x0000982a      0x56c build/stm32f1xx_hal_gpio.o
 .debug_loc     0x00009d96      0x8b4 build/stm32f1xx_hal_cortex.o
 .debug_loc     0x0000a64a     0x4ff4 build/stm32f1xx_hal_uart.o
 .debug_loc     0x0000f63e     0x1aa9 build/stm32f1xx_hal_pcd.o
 .debug_loc     0x000110e7     0x1b49 build/stm32f1xx_ll_usb.o
 .debug_loc     0x00012c30      0x11b build/system_stm32f1xx.o
 .debug_loc     0x00012d4b       0x90 build/sysmem.o
 .debug_loc     0x00012ddb      0x583 build/syscalls.o
 .debug_loc     0x0001335e      0x4c8 build/usbd_hid.o
 .debug_loc     0x00013826     0x33e8 build/usbd_core.o
 .debug_loc     0x00016c0e     0x12d5 build/usb_dc_fsdev.o
 .debug_loc     0x00017ee3       0xd6 build/usb_glue_st.o
 .debug_loc     0x00017fb9      0x965 build/hid_user.o
 .debug_loc     0x0001891e      0x92a build/usbd_gamepad.o
 .debug_loc     0x00019248      0x18b build/KEY.o

.debug_aranges  0x00000000     0x1270
 .debug_aranges
                0x00000000       0x50 build/main.o
 .debug_aranges
                0x00000050       0x20 build/gpio.o
 .debug_aranges
                0x00000070       0x30 build/tim.o
 .debug_aranges
                0x000000a0       0x38 build/usart.o
 .debug_aranges
                0x000000d8       0x30 build/usb.o
 .debug_aranges
                0x00000108       0x70 build/stm32f1xx_it.o
 .debug_aranges
                0x00000178       0x20 build/stm32f1xx_hal_msp.o
 .debug_aranges
                0x00000198       0x30 build/stm32f1xx_hal_timebase_tim.o
 .debug_aranges
                0x000001c8      0x3d0 build/stm32f1xx_hal_tim.o
 .debug_aranges
                0x00000598      0x168 build/stm32f1xx_hal_tim_ex.o
 .debug_aranges
                0x00000700       0xe0 build/stm32f1xx_hal.o
 .debug_aranges
                0x000007e0       0x90 build/stm32f1xx_hal_rcc.o
 .debug_aranges
                0x00000870       0x30 build/stm32f1xx_hal_rcc_ex.o
 .debug_aranges
                0x000008a0       0x58 build/stm32f1xx_hal_gpio.o
 .debug_aranges
                0x000008f8       0xc0 build/stm32f1xx_hal_cortex.o
 .debug_aranges
                0x000009b8      0x208 build/stm32f1xx_hal_uart.o
 .debug_aranges
                0x00000bc0      0x140 build/stm32f1xx_hal_pcd.o
 .debug_aranges
                0x00000d00       0xf8 build/stm32f1xx_ll_usb.o
 .debug_aranges
                0x00000df8       0x28 build/system_stm32f1xx.o
 .debug_aranges
                0x00000e20       0x20 build/sysmem.o
 .debug_aranges
                0x00000e40       0xa8 build/syscalls.o
 .debug_aranges
                0x00000ee8       0x58 build/usbd_hid.o
 .debug_aranges
                0x00000f40      0x150 build/usbd_core.o
 .debug_aranges
                0x00001090       0xa0 build/usb_dc_fsdev.o
 .debug_aranges
                0x00001130       0x38 build/usb_glue_st.o
 .debug_aranges
                0x00001168       0x70 build/hid_user.o
 .debug_aranges
                0x000011d8       0x50 build/usbd_gamepad.o
 .debug_aranges
                0x00001228       0x20 build/KEY.o
 .debug_aranges
                0x00001248       0x28 build/startup_stm32f103xe.o

.debug_ranges   0x00000000     0x14e0
 .debug_ranges  0x00000000       0x40 build/main.o
 .debug_ranges  0x00000040       0x10 build/gpio.o
 .debug_ranges  0x00000050       0x20 build/tim.o
 .debug_ranges  0x00000070       0x28 build/usart.o
 .debug_ranges  0x00000098       0x20 build/usb.o
 .debug_ranges  0x000000b8       0x60 build/stm32f1xx_it.o
 .debug_ranges  0x00000118       0x10 build/stm32f1xx_hal_msp.o
 .debug_ranges  0x00000128       0x20 build/stm32f1xx_hal_timebase_tim.o
 .debug_ranges  0x00000148      0x3c0 build/stm32f1xx_hal_tim.o
 .debug_ranges  0x00000508      0x158 build/stm32f1xx_hal_tim_ex.o
 .debug_ranges  0x00000660       0xd0 build/stm32f1xx_hal.o
 .debug_ranges  0x00000730       0xa0 build/stm32f1xx_hal_rcc.o
 .debug_ranges  0x000007d0       0x38 build/stm32f1xx_hal_rcc_ex.o
 .debug_ranges  0x00000808       0x48 build/stm32f1xx_hal_gpio.o
 .debug_ranges  0x00000850       0xb0 build/stm32f1xx_hal_cortex.o
 .debug_ranges  0x00000900      0x210 build/stm32f1xx_hal_uart.o
 .debug_ranges  0x00000b10      0x240 build/stm32f1xx_hal_pcd.o
 .debug_ranges  0x00000d50      0x320 build/stm32f1xx_ll_usb.o
 .debug_ranges  0x00001070       0x18 build/system_stm32f1xx.o
 .debug_ranges  0x00001088       0x10 build/sysmem.o
 .debug_ranges  0x00001098       0x98 build/syscalls.o
 .debug_ranges  0x00001130       0x48 build/usbd_hid.o
 .debug_ranges  0x00001178      0x1b0 build/usbd_core.o
 .debug_ranges  0x00001328       0xc0 build/usb_dc_fsdev.o
 .debug_ranges  0x000013e8       0x28 build/usb_glue_st.o
 .debug_ranges  0x00001410       0x60 build/hid_user.o
 .debug_ranges  0x00001470       0x40 build/usbd_gamepad.o
 .debug_ranges  0x000014b0       0x10 build/KEY.o
 .debug_ranges  0x000014c0       0x20 build/startup_stm32f103xe.o

.debug_line     0x00000000    0x147df
 .debug_line    0x00000000      0x5d1 build/main.o
 .debug_line    0x000005d1      0x1f8 build/gpio.o
 .debug_line    0x000007c9      0x2a9 build/tim.o
 .debug_line    0x00000a72      0x2e9 build/usart.o
 .debug_line    0x00000d5b      0x284 build/usb.o
 .debug_line    0x00000fdf      0x325 build/stm32f1xx_it.o
 .debug_line    0x00001304      0x14e build/stm32f1xx_hal_msp.o
 .debug_line    0x00001452      0x2e0 build/stm32f1xx_hal_timebase_tim.o
 .debug_line    0x00001732     0x46bf build/stm32f1xx_hal_tim.o
 .debug_line    0x00005df1     0x1a26 build/stm32f1xx_hal_tim_ex.o
 .debug_line    0x00007817      0x500 build/stm32f1xx_hal.o
 .debug_line    0x00007d17      0xc7c build/stm32f1xx_hal_rcc.o
 .debug_line    0x00008993      0x4b7 build/stm32f1xx_hal_rcc_ex.o
 .debug_line    0x00008e4a      0x5ca build/stm32f1xx_hal_gpio.o
 .debug_line    0x00009414      0x679 build/stm32f1xx_hal_cortex.o
 .debug_line    0x00009a8d     0x3471 build/stm32f1xx_hal_uart.o
 .debug_line    0x0000cefe     0x1806 build/stm32f1xx_hal_pcd.o
 .debug_line    0x0000e704     0x1748 build/stm32f1xx_ll_usb.o
 .debug_line    0x0000fe4c      0x217 build/system_stm32f1xx.o
 .debug_line    0x00010063      0x1ab build/sysmem.o
 .debug_line    0x0001020e      0x3ca build/syscalls.o
 .debug_line    0x000105d8      0x323 build/usbd_hid.o
 .debug_line    0x000108fb     0x1b4a build/usbd_core.o
 .debug_line    0x00012445      0xf42 build/usb_dc_fsdev.o
 .debug_line    0x00013387      0x253 build/usb_glue_st.o
 .debug_line    0x000135da      0x61c build/hid_user.o
 .debug_line    0x00013bf6      0x8fe build/usbd_gamepad.o
 .debug_line    0x000144f4      0x279 build/KEY.o
 .debug_line    0x0001476d       0x72 build/startup_stm32f103xe.o

.debug_str      0x00000000     0x5911
 .debug_str     0x00000000     0x5911 build/main.o
                                0xf20 (size before relaxing)
 .debug_str     0x00005911      0x271 build/gpio.o
 .debug_str     0x00005911      0xb86 build/tim.o
 .debug_str     0x00005911      0x6dc build/usart.o
 .debug_str     0x00005911      0x9e2 build/usb.o
 .debug_str     0x00005911      0x811 build/stm32f1xx_it.o
 .debug_str     0x00005911      0x205 build/stm32f1xx_hal_msp.o
 .debug_str     0x00005911      0xbe6 build/stm32f1xx_hal_timebase_tim.o
 .debug_str     0x00005911     0x166b build/stm32f1xx_hal_tim.o
 .debug_str     0x00005911      0xe77 build/stm32f1xx_hal_tim_ex.o
 .debug_str     0x00005911      0x8f8 build/stm32f1xx_hal.o
 .debug_str     0x00005911      0x611 build/stm32f1xx_hal_rcc.o
 .debug_str     0x00005911      0x3f7 build/stm32f1xx_hal_rcc_ex.o
 .debug_str     0x00005911      0x3e6 build/stm32f1xx_hal_gpio.o
 .debug_str     0x00005911      0x99d build/stm32f1xx_hal_cortex.o
 .debug_str     0x00005911      0xcda build/stm32f1xx_hal_uart.o
 .debug_str     0x00005911      0xb09 build/stm32f1xx_hal_pcd.o
 .debug_str     0x00005911      0x70b build/stm32f1xx_ll_usb.o
 .debug_str     0x00005911      0x23a build/system_stm32f1xx.o
 .debug_str     0x00005911      0x1fe build/sysmem.o
 .debug_str     0x00005911      0x3d2 build/syscalls.o
 .debug_str     0x00005911      0x3c6 build/usbd_hid.o
 .debug_str     0x00005911      0xe91 build/usbd_core.o
 .debug_str     0x00005911      0x6f7 build/usb_dc_fsdev.o
 .debug_str     0x00005911      0x5f7 build/usb_glue_st.o
 .debug_str     0x00005911      0x911 build/hid_user.o
 .debug_str     0x00005911      0x4ce build/usbd_gamepad.o
 .debug_str     0x00005911      0x19a build/KEY.o
 .debug_str     0x00005911       0x71 build/startup_stm32f103xe.o

.debug_frame    0x00000000     0x2eb8
 .debug_frame   0x00000000       0xb8 build/main.o
 .debug_frame   0x000000b8       0x38 build/gpio.o
 .debug_frame   0x000000f0       0x64 build/tim.o
 .debug_frame   0x00000154       0x7c build/usart.o
 .debug_frame   0x000001d0       0x5c build/usb.o
 .debug_frame   0x0000022c       0xd4 build/stm32f1xx_it.o
 .debug_frame   0x00000300       0x28 build/stm32f1xx_hal_msp.o
 .debug_frame   0x00000328       0x54 build/stm32f1xx_hal_timebase_tim.o
 .debug_frame   0x0000037c      0xb08 build/stm32f1xx_hal_tim.o
 .debug_frame   0x00000e84      0x418 build/stm32f1xx_hal_tim_ex.o
 .debug_frame   0x0000129c      0x1cc build/stm32f1xx_hal.o
 .debug_frame   0x00001468      0x184 build/stm32f1xx_hal_rcc.o
 .debug_frame   0x000015ec       0x5c build/stm32f1xx_hal_rcc_ex.o
 .debug_frame   0x00001648       0xe4 build/stm32f1xx_hal_gpio.o
 .debug_frame   0x0000172c      0x19c build/stm32f1xx_hal_cortex.o
 .debug_frame   0x000018c8      0x5dc build/stm32f1xx_hal_uart.o
 .debug_frame   0x00001ea4      0x358 build/stm32f1xx_hal_pcd.o
 .debug_frame   0x000021fc      0x200 build/stm32f1xx_ll_usb.o
 .debug_frame   0x000023fc       0x30 build/system_stm32f1xx.o
 .debug_frame   0x0000242c       0x28 build/sysmem.o
 .debug_frame   0x00002454      0x190 build/syscalls.o
 .debug_frame   0x000025e4       0xa0 build/usbd_hid.o
 .debug_frame   0x00002684      0x438 build/usbd_core.o
 .debug_frame   0x00002abc      0x184 build/usb_dc_fsdev.o
 .debug_frame   0x00002c40       0x70 build/usb_glue_st.o
 .debug_frame   0x00002cb0      0x10c build/hid_user.o
 .debug_frame   0x00002dbc       0xc8 build/usbd_gamepad.o
 .debug_frame   0x00002e84       0x34 build/KEY.o

Cross Reference Table

Symbol                                            File
ADC1_2_IRQHandler                                 build/startup_stm32f103xe.o
ADC3_IRQHandler                                   build/startup_stm32f103xe.o
AHBPrescTable                                     build/system_stm32f1xx.o
                                                  build/stm32f1xx_hal_rcc.o
APBPrescTable                                     build/system_stm32f1xx.o
                                                  build/stm32f1xx_hal_rcc.o
BusFault_Handler                                  build/stm32f1xx_it.o
CAN1_RX1_IRQHandler                               build/startup_stm32f103xe.o
CAN1_SCE_IRQHandler                               build/startup_stm32f103xe.o
CUSTOM_HID_ReportDesc_KEYBOARD                    build/hid_user.o
CUSTOM_HID_ReportDesc_KEYPAD                      build/hid_user.o
DMA1_Channel1_IRQHandler                          build/startup_stm32f103xe.o
DMA1_Channel2_IRQHandler                          build/startup_stm32f103xe.o
DMA1_Channel3_IRQHandler                          build/startup_stm32f103xe.o
DMA1_Channel4_IRQHandler                          build/startup_stm32f103xe.o
DMA1_Channel5_IRQHandler                          build/startup_stm32f103xe.o
DMA1_Channel6_IRQHandler                          build/startup_stm32f103xe.o
DMA1_Channel7_IRQHandler                          build/startup_stm32f103xe.o
DMA2_Channel1_IRQHandler                          build/startup_stm32f103xe.o
DMA2_Channel2_IRQHandler                          build/startup_stm32f103xe.o
DMA2_Channel3_IRQHandler                          build/startup_stm32f103xe.o
DMA2_Channel4_5_IRQHandler                        build/startup_stm32f103xe.o
DebugMon_Handler                                  build/stm32f1xx_it.o
Default_Handler                                   build/startup_stm32f103xe.o
EXTI0_IRQHandler                                  build/startup_stm32f103xe.o
EXTI15_10_IRQHandler                              build/startup_stm32f103xe.o
EXTI1_IRQHandler                                  build/startup_stm32f103xe.o
EXTI2_IRQHandler                                  build/startup_stm32f103xe.o
EXTI3_IRQHandler                                  build/startup_stm32f103xe.o
EXTI4_IRQHandler                                  build/startup_stm32f103xe.o
EXTI9_5_IRQHandler                                build/startup_stm32f103xe.o
Error_Handler                                     build/main.o
                                                  build/usb.o
                                                  build/usart.o
                                                  build/tim.o
FLASH_IRQHandler                                  build/startup_stm32f103xe.o
FLASH_PageErase                                   build/stm32f1xx_hal_flash_ex.o
                                                  build/stm32f1xx_hal_flash.o
FLASH_WaitForLastOperation                        build/stm32f1xx_hal_flash.o
                                                  build/stm32f1xx_hal_flash_ex.o
FSMC_IRQHandler                                   build/startup_stm32f103xe.o
Flag_ex                                           build/main.o
HAL_DBGMCU_DisableDBGSleepMode                    build/stm32f1xx_hal.o
HAL_DBGMCU_DisableDBGStandbyMode                  build/stm32f1xx_hal.o
HAL_DBGMCU_DisableDBGStopMode                     build/stm32f1xx_hal.o
HAL_DBGMCU_EnableDBGSleepMode                     build/stm32f1xx_hal.o
HAL_DBGMCU_EnableDBGStandbyMode                   build/stm32f1xx_hal.o
HAL_DBGMCU_EnableDBGStopMode                      build/stm32f1xx_hal.o
HAL_DMA_Abort                                     build/stm32f1xx_hal_dma.o
                                                  build/stm32f1xx_hal_uart.o
HAL_DMA_Abort_IT                                  build/stm32f1xx_hal_dma.o
                                                  build/stm32f1xx_hal_uart.o
                                                  build/stm32f1xx_hal_tim_ex.o
                                                  build/stm32f1xx_hal_tim.o
HAL_DMA_DeInit                                    build/stm32f1xx_hal_dma.o
HAL_DMA_GetError                                  build/stm32f1xx_hal_dma.o
                                                  build/stm32f1xx_hal_uart.o
HAL_DMA_GetState                                  build/stm32f1xx_hal_dma.o
HAL_DMA_IRQHandler                                build/stm32f1xx_hal_dma.o
HAL_DMA_Init                                      build/stm32f1xx_hal_dma.o
HAL_DMA_PollForTransfer                           build/stm32f1xx_hal_dma.o
HAL_DMA_RegisterCallback                          build/stm32f1xx_hal_dma.o
HAL_DMA_Start                                     build/stm32f1xx_hal_dma.o
HAL_DMA_Start_IT                                  build/stm32f1xx_hal_dma.o
                                                  build/stm32f1xx_hal_uart.o
                                                  build/stm32f1xx_hal_tim_ex.o
                                                  build/stm32f1xx_hal_tim.o
HAL_DMA_UnRegisterCallback                        build/stm32f1xx_hal_dma.o
HAL_DeInit                                        build/stm32f1xx_hal.o
HAL_Delay                                         build/stm32f1xx_hal.o
                                                  build/main.o
HAL_EXTI_ClearConfigLine                          build/stm32f1xx_hal_exti.o
HAL_EXTI_ClearPending                             build/stm32f1xx_hal_exti.o
HAL_EXTI_GenerateSWI                              build/stm32f1xx_hal_exti.o
HAL_EXTI_GetConfigLine                            build/stm32f1xx_hal_exti.o
HAL_EXTI_GetHandle                                build/stm32f1xx_hal_exti.o
HAL_EXTI_GetPending                               build/stm32f1xx_hal_exti.o
HAL_EXTI_IRQHandler                               build/stm32f1xx_hal_exti.o
HAL_EXTI_RegisterCallback                         build/stm32f1xx_hal_exti.o
HAL_EXTI_SetConfigLine                            build/stm32f1xx_hal_exti.o
HAL_FLASHEx_Erase                                 build/stm32f1xx_hal_flash_ex.o
HAL_FLASHEx_Erase_IT                              build/stm32f1xx_hal_flash_ex.o
HAL_FLASHEx_OBErase                               build/stm32f1xx_hal_flash_ex.o
HAL_FLASHEx_OBGetConfig                           build/stm32f1xx_hal_flash_ex.o
HAL_FLASHEx_OBGetUserData                         build/stm32f1xx_hal_flash_ex.o
HAL_FLASHEx_OBProgram                             build/stm32f1xx_hal_flash_ex.o
HAL_FLASH_EndOfOperationCallback                  build/stm32f1xx_hal_flash.o
HAL_FLASH_GetError                                build/stm32f1xx_hal_flash.o
HAL_FLASH_IRQHandler                              build/stm32f1xx_hal_flash.o
HAL_FLASH_Lock                                    build/stm32f1xx_hal_flash.o
HAL_FLASH_OB_Launch                               build/stm32f1xx_hal_flash.o
HAL_FLASH_OB_Lock                                 build/stm32f1xx_hal_flash.o
HAL_FLASH_OB_Unlock                               build/stm32f1xx_hal_flash.o
HAL_FLASH_OperationErrorCallback                  build/stm32f1xx_hal_flash.o
HAL_FLASH_Program                                 build/stm32f1xx_hal_flash.o
HAL_FLASH_Program_IT                              build/stm32f1xx_hal_flash.o
HAL_FLASH_Unlock                                  build/stm32f1xx_hal_flash.o