C:/Users/BaiJiang/Desktop/CherryUsb_t_2/Core/Src/main.c:36:6:ka_h	16	static
C:/Users/BaiJiang/Desktop/CherryUsb_t_2/Core/Src/main.c:54:6:ka_l	16	static
C:/Users/BaiJiang/Desktop/CherryUsb_t_2/Core/Src/main.c:109:6:usbd_port_config	40	static
C:/Users/BaiJiang/Desktop/CherryUsb_t_2/Core/Src/main.c:158:5:main	8	static
C:/Users/BaiJiang/Desktop/CherryUsb_t_2/Core/Src/main.c:210:6:SystemClock_Config	96	static
C:/Users/BaiJiang/Desktop/CherryUsb_t_2/Core/Src/main.c:264:6:HAL_TIM_PeriodElapsedCallback	16	static
C:/Users/BaiJiang/Desktop/CherryUsb_t_2/Core/Src/main.c:282:6:Error_Handler	4	static
